Component: ARM Compiler 5.06 update 6 (build 750) Tool: armlink [4d35ed]

==============================================================================

Section Cross References

    startup_stm32f767xx.o(RESET) refers to startup_stm32f767xx.o(STACK) for __initial_sp
    startup_stm32f767xx.o(RESET) refers to startup_stm32f767xx.o(.text) for Reset_Handler
    startup_stm32f767xx.o(RESET) refers to stm32f7xx_it.o(i.NMI_Handler) for NMI_Handler
    startup_stm32f767xx.o(RESET) refers to stm32f7xx_it.o(i.HardFault_Handler) for HardFault_Handler
    startup_stm32f767xx.o(RESET) refers to stm32f7xx_it.o(i.MemManage_Handler) for MemManage_Handler
    startup_stm32f767xx.o(RESET) refers to stm32f7xx_it.o(i.BusFault_Handler) for BusFault_Handler
    startup_stm32f767xx.o(RESET) refers to stm32f7xx_it.o(i.UsageFault_Handler) for UsageFault_Handler
    startup_stm32f767xx.o(RESET) refers to stm32f7xx_it.o(i.SVC_Handler) for SVC_Handler
    startup_stm32f767xx.o(RESET) refers to stm32f7xx_it.o(i.DebugMon_Handler) for DebugMon_Handler
    startup_stm32f767xx.o(RESET) refers to stm32f7xx_it.o(i.PendSV_Handler) for PendSV_Handler
    startup_stm32f767xx.o(RESET) refers to stm32f7xx_it.o(i.SysTick_Handler) for SysTick_Handler
    startup_stm32f767xx.o(RESET) refers to stm32f7xx_it.o(i.TIM3_IRQHandler) for TIM3_IRQHandler
    startup_stm32f767xx.o(RESET) refers to stm32f7xx_it.o(i.USART1_IRQHandler) for USART1_IRQHandler
    startup_stm32f767xx.o(RESET) refers to sdmmc.o(i.SDMMC1_IRQHandler) for SDMMC1_IRQHandler
    startup_stm32f767xx.o(RESET) refers to stm32f7xx_it.o(i.DMA2_Stream2_IRQHandler) for DMA2_Stream2_IRQHandler
    startup_stm32f767xx.o(RESET) refers to sdmmc.o(i.DMA2_Stream3_IRQHandler) for DMA2_Stream3_IRQHandler
    startup_stm32f767xx.o(RESET) refers to usbh_conf.o(i.OTG_FS_IRQHandler) for OTG_FS_IRQHandler
    startup_stm32f767xx.o(RESET) refers to sdmmc.o(i.DMA2_Stream6_IRQHandler) for DMA2_Stream6_IRQHandler
    startup_stm32f767xx.o(RESET) refers to stm32f7xx_it.o(i.DMA2_Stream7_IRQHandler) for DMA2_Stream7_IRQHandler
    startup_stm32f767xx.o(RESET) refers to stm32f7xx_it.o(i.LTDC_IRQHandler) for LTDC_IRQHandler
    startup_stm32f767xx.o(.text) refers to system_stm32f7xx.o(i.SystemInit) for SystemInit
    startup_stm32f767xx.o(.text) refers to entry.o(.ARM.Collect$$$$00000000) for __main
    key.o(i.Key_Scan) refers to stm32f7xx_hal_gpio.o(i.HAL_GPIO_ReadPin) for HAL_GPIO_ReadPin
    key.o(i.Key_Scan) refers to stm32f7xx_hal.o(i.HAL_Delay) for HAL_Delay
    key.o(i.Key_Scan) refers to key.o(.data) for key_up
    sdram.o(i.SDRAM_Init) refers to sdram.o(i.SDRAM_Initialization_Sequence) for SDRAM_Initialization_Sequence
    sdram.o(i.SDRAM_Initialization_Sequence) refers to sdram.o(i.SDRAM_Send_Cmd) for SDRAM_Send_Cmd
    sdram.o(i.SDRAM_Initialization_Sequence) refers to stm32f7xx_hal.o(i.HAL_Delay) for HAL_Delay
    sdram.o(i.SDRAM_Initialization_Sequence) refers to stm32f7xx_hal_sdram.o(i.HAL_SDRAM_ProgramRefreshRate) for HAL_SDRAM_ProgramRefreshRate
    sdram.o(i.SDRAM_Initialization_Sequence) refers to fmc.o(.bss) for hsdram1
    sdram.o(i.SDRAM_Send_Cmd) refers to stm32f7xx_hal_sdram.o(i.HAL_SDRAM_SendCommand) for HAL_SDRAM_SendCommand
    sdram.o(i.SDRAM_Send_Cmd) refers to fmc.o(.bss) for hsdram1
    lcd.o(i.LTDC_DrawLine) refers to ltdc.o(i.LTDC_Draw_Point) for LTDC_Draw_Point
    lcd.o(i.LTDC_DrawLine) refers to lcd.o(.data) for POINT_COLOR
    lcd.o(i.LTDC_DrawRectangle) refers to lcd.o(i.LTDC_DrawLine) for LTDC_DrawLine
    lcd.o(i.LTDC_Draw_Circle) refers to ltdc.o(i.LTDC_Draw_Point) for LTDC_Draw_Point
    lcd.o(i.LTDC_Draw_Circle) refers to lcd.o(.data) for POINT_COLOR
    lcd.o(i.LTDC_ShowChar) refers to ltdc.o(i.LTDC_Draw_Point) for LTDC_Draw_Point
    lcd.o(i.LTDC_ShowChar) refers to lcd.o(.constdata) for asc2_1206
    lcd.o(i.LTDC_ShowChar) refers to lcd.o(.data) for POINT_COLOR
    lcd.o(i.LTDC_ShowChar) refers to ltdc.o(.bss) for lcdltdc
    lcd.o(i.LTDC_ShowNum) refers to lcd.o(i.LCD_Pow) for LCD_Pow
    lcd.o(i.LTDC_ShowNum) refers to lcd.o(i.LTDC_ShowChar) for LTDC_ShowChar
    lcd.o(i.LTDC_ShowString) refers to lcd.o(i.LTDC_ShowChar) for LTDC_ShowChar
    lcd.o(i.LTDC_ShowxNum) refers to lcd.o(i.LCD_Pow) for LCD_Pow
    lcd.o(i.LTDC_ShowxNum) refers to lcd.o(i.LTDC_ShowChar) for LTDC_ShowChar
    w25q256.o(i.W25QXX_Erase_Chip) refers to w25q256.o(i.W25QXX_Write_Enable) for W25QXX_Write_Enable
    w25q256.o(i.W25QXX_Erase_Chip) refers to w25q256.o(i.W25QXX_Wait_Busy) for W25QXX_Wait_Busy
    w25q256.o(i.W25QXX_Erase_Chip) refers to quadspi.o(i.QSPI_Send_CMD) for QSPI_Send_CMD
    w25q256.o(i.W25QXX_Erase_Sector) refers to w25q256.o(i.W25QXX_Write_Enable) for W25QXX_Write_Enable
    w25q256.o(i.W25QXX_Erase_Sector) refers to w25q256.o(i.W25QXX_Wait_Busy) for W25QXX_Wait_Busy
    w25q256.o(i.W25QXX_Erase_Sector) refers to quadspi.o(i.QSPI_Send_CMD) for QSPI_Send_CMD
    w25q256.o(i.W25QXX_Init) refers to w25q256.o(i.W25QXX_Qspi_Enable) for W25QXX_Qspi_Enable
[...]
    PendSV_Handler                           0x08006179   Thumb Code     2  stm32f7xx_it.o(i.PendSV_Handler)
    QSPI_Receive                             0x08006365   Thumb Code    36  quadspi.o(i.QSPI_Receive)
    QSPI_Send_CMD                            0x0800638d   Thumb Code    70  quadspi.o(i.QSPI_Send_CMD)
    QSPI_Transmit                            0x080063d9   Thumb Code    36  quadspi.o(i.QSPI_Transmit)
    SDMMC1_IRQHandler                        0x080065e1   Thumb Code    10  sdmmc.o(i.SDMMC1_IRQHandler)
    SDMMC_CmdAppCommand                      0x080065f1   Thumb Code    58  stm32f7xx_ll_sdmmc.o(i.SDMMC_CmdAppCommand)
    SDMMC_CmdAppOperCommand                  0x0800662d   Thumb Code    56  stm32f7xx_ll_sdmmc.o(i.SDMMC_CmdAppOperCommand)
    SDMMC_CmdBlockLength                     0x08006669   Thumb Code    58  stm32f7xx_ll_sdmmc.o(i.SDMMC_CmdBlockLength)
    SDMMC_CmdBusWidth                        0x080066a3   Thumb Code    58  stm32f7xx_ll_sdmmc.o(i.SDMMC_CmdBusWidth)
    SDMMC_CmdGoIdleState                     0x080066dd   Thumb Code    46  stm32f7xx_ll_sdmmc.o(i.SDMMC_CmdGoIdleState)
    SDMMC_CmdOperCond                        0x0800670b   Thumb Code    54  stm32f7xx_ll_sdmmc.o(i.SDMMC_CmdOperCond)
    SDMMC_CmdReadMultiBlock                  0x08006741   Thumb Code    58  stm32f7xx_ll_sdmmc.o(i.SDMMC_CmdReadMultiBlock)
    SDMMC_CmdReadSingleBlock                 0x0800677b   Thumb Code    58  stm32f7xx_ll_sdmmc.o(i.SDMMC_CmdReadSingleBlock)
    SDMMC_CmdSelDesel                        0x080067b5   Thumb Code    60  stm32f7xx_ll_sdmmc.o(i.SDMMC_CmdSelDesel)
    SDMMC_CmdSendCID                         0x080067f1   Thumb Code    52  stm32f7xx_ll_sdmmc.o(i.SDMMC_CmdSendCID)
    SDMMC_CmdSendCSD                         0x08006825   Thumb Code    52  stm32f7xx_ll_sdmmc.o(i.SDMMC_CmdSendCSD)
    SDMMC_CmdSendSCR                         0x08006859   Thumb Code    58  stm32f7xx_ll_sdmmc.o(i.SDMMC_CmdSendSCR)
    SDMMC_CmdSendStatus                      0x08006893   Thumb Code    58  stm32f7xx_ll_sdmmc.o(i.SDMMC_CmdSendStatus)
    SDMMC_CmdSetRelAdd                       0x080068cd   Thumb Code    58  stm32f7xx_ll_sdmmc.o(i.SDMMC_CmdSetRelAdd)
    SDMMC_CmdStopTransfer                    0x08006909   Thumb Code    56  stm32f7xx_ll_sdmmc.o(i.SDMMC_CmdStopTransfer)
    SDMMC_CmdWriteMultiBlock                 0x08006945   Thumb Code    58  stm32f7xx_ll_sdmmc.o(i.SDMMC_CmdWriteMultiBlock)
    SDMMC_CmdWriteSingleBlock                0x0800697f   Thumb Code    58  stm32f7xx_ll_sdmmc.o(i.SDMMC_CmdWriteSingleBlock)
    SDMMC_ConfigData                         0x080069b9   Thumb Code    44  stm32f7xx_ll_sdmmc.o(i.SDMMC_ConfigData)
    SDMMC_GetCommandResponse                 0x08006d7d   Thumb Code     8  stm32f7xx_ll_sdmmc.o(i.SDMMC_GetCommandResponse)
    SDMMC_GetPowerState                      0x08006d85   Thumb Code    10  stm32f7xx_ll_sdmmc.o(i.SDMMC_GetPowerState)
    SDMMC_GetResponse                        0x08006d8f   Thumb Code    22  stm32f7xx_ll_sdmmc.o(i.SDMMC_GetResponse)
    SDMMC_Init                               0x08006da5   Thumb Code    52  stm32f7xx_ll_sdmmc.o(i.SDMMC_Init)
    SDMMC_PowerState_ON                      0x08006dd9   Thumb Code    10  stm32f7xx_ll_sdmmc.o(i.SDMMC_PowerState_ON)
    SDMMC_ReadFIFO                           0x08006de3   Thumb Code     8  stm32f7xx_ll_sdmmc.o(i.SDMMC_ReadFIFO)
    SDMMC_SendCommand                        0x08006deb   Thumb Code    40  stm32f7xx_ll_sdmmc.o(i.SDMMC_SendCommand)
    SDMMC_WriteFIFO                          0x08006e13   Thumb Code    12  stm32f7xx_ll_sdmmc.o(i.SDMMC_WriteFIFO)
    SDRAM_Init                               0x08006e1f   Thumb Code     8  sdram.o(i.SDRAM_Init)
    SDRAM_Initialization_Sequence            0x08006e29   Thumb Code    74  sdram.o(i.SDRAM_Initialization_Sequence)
    SDRAM_Send_Cmd                           0x08006e79   Thumb Code    68  sdram.o(i.SDRAM_Send_Cmd)
    SD_GetCardInfo                           0x08007145   Thumb Code    18  sdmmc.o(i.SD_GetCardInfo)
    SD_GetCardState                          0x0800715d   Thumb Code    20  sdmmc.o(i.SD_GetCardState)
    SD_ReadDisk                              0x08007361   Thumb Code    74  sdmmc.o(i.SD_ReadDisk)
    SD_WriteDisk                             0x080074e1   Thumb Code    74  sdmmc.o(i.SD_WriteDisk)
    SVC_Handler                              0x0800755b   Thumb Code     2  stm32f7xx_it.o(i.SVC_Handler)
    Show_Font                                0x0800755d   Thumb Code   194  text.o(i.Show_Font)
    Show_Str                                 0x08007629   Thumb Code   194  text.o(i.Show_Str)
    SysTick_Handler                          0x080076eb   Thumb Code     8  stm32f7xx_it.o(i.SysTick_Handler)
    SystemClock_Config                       0x080076f5   Thumb Code   232  main.o(i.SystemClock_Config)
    SystemInit                               0x080077e9   Thumb Code    82  system_stm32f7xx.o(i.SystemInit)
    TIM3_IRQHandler                          0x0800784d   Thumb Code    10  stm32f7xx_it.o(i.TIM3_IRQHandler)
    TIM_Base_SetConfig                       0x0800785d   Thumb Code   170  stm32f7xx_hal_tim.o(i.TIM_Base_SetConfig)
    TIM_ETR_SetConfig                        0x08007935   Thumb Code    22  stm32f7xx_hal_tim.o(i.TIM_ETR_SetConfig)
    UART_AdvFeatureConfig                    0x080079ab   Thumb Code   248  stm32f7xx_hal_uart.o(i.UART_AdvFeatureConfig)
    UART_CheckIdleState                      0x08007aa3   Thumb Code    72  stm32f7xx_hal_uart.o(i.UART_CheckIdleState)
    UART_SetConfig                           0x08007c19   Thumb Code   884  stm32f7xx_hal_uart.o(i.UART_SetConfig)
    UART_WaitOnFlagUntilTimeout              0x08007fbd   Thumb Code   104  stm32f7xx_hal_uart.o(i.UART_WaitOnFlagUntilTimeout)
    USART1_IRQHandler                        0x08008025   Thumb Code    20  stm32f7xx_it.o(i.USART1_IRQHandler)
    USBH_AllocPipe                           0x08008041   Thumb Code    38  usbh_pipes.o(i.USBH_AllocPipe)
    USBH_BulkReceiveData                     0x08008067   Thumb Code    42  usbh_ioreq.o(i.USBH_BulkReceiveData)
    USBH_BulkSendData                        0x08008091   Thumb Code    52  usbh_ioreq.o(i.USBH_BulkSendData)
    USBH_ClosePipe                           0x080080c5   Thumb Code    18  usbh_pipes.o(i.USBH_ClosePipe)
    USBH_ClrFeature                          0x080080d7   Thumb Code    40  usbh_ctlreq.o(i.USBH_ClrFeature)
    USBH_CtlReceiveData                      0x080080ff   Thumb Code    42  usbh_ioreq.o(i.USBH_CtlReceiveData)
    USBH_CtlReq                              0x08008129   Thumb Code    98  usbh_ctlreq.o(i.USBH_CtlReq)
    USBH_CtlSendData                         0x0800818b   Thumb Code    52  usbh_ioreq.o(i.USBH_CtlSendData)
    USBH_CtlSendSetup                        0x080081bf   Thumb Code    38  usbh_ioreq.o(i.USBH_CtlSendSetup)
    USBH_Delay                               0x080081e5   Thumb Code    12  usbh_conf.o(i.USBH_Delay)
    USBH_FindInterface                       0x080081f1   Thumb Code    80  usbh_core.o(i.USBH_FindInterface)
    USBH_FreePipe                            0x08008241   Thumb Code    30  usbh_pipes.o(i.USBH_FreePipe)
    USBH_GetDescriptor                       0x0800825f   Thumb Code    74  usbh_ctlreq.o(i.USBH_GetDescriptor)
    USBH_GetNextDesc                         0x080082d1   Thumb Code    18  usbh_ctlreq.o(i.USBH_GetNextDesc)
    USBH_Get_CfgDesc                         0x080082e3   Thumb Code    46  usbh_ctlreq.o(i.USBH_Get_CfgDesc)
    USBH_Get_DevDesc                         0x08008311   Thumb Code    46  usbh_ctlreq.o(i.USBH_Get_DevDesc)
    USBH_Get_StringDesc                      0x0800833f   Thumb Code    54  usbh_ctlreq.o(i.USBH_Get_StringDesc)
    USBH_Init                                0x08008805   Thumb Code    68  usbh_core.o(i.USBH_Init)
    USBH_IsPortEnabled                       0x08008869   Thumb Code     8  usbh_core.o(i.USBH_IsPortEnabled)
    USBH_LL_ClosePipe                        0x08008871   Thumb Code    20  usbh_conf.o(i.USBH_LL_ClosePipe)
    USBH_LL_Connect                          0x08008885   Thumb Code    48  usbh_core.o(i.USBH_LL_Connect)
    USBH_LL_Disconnect                       0x080088b5   Thumb Code    74  usbh_core.o(i.USBH_LL_Disconnect)
    USBH_LL_DriverVBUS                       0x0800891d   Thumb Code    16  usbh_conf.o(i.USBH_LL_DriverVBUS)
    USBH_LL_GetLastXferSize                  0x0800892d   Thumb Code    18  usbh_conf.o(i.USBH_LL_GetLastXferSize)
    USBH_LL_GetSpeed                         0x0800893f   Thumb Code    48  usbh_conf.o(i.USBH_LL_GetSpeed)
    USBH_LL_GetToggle                        0x08008971   Thumb Code    48  usbh_conf.o(i.USBH_LL_GetToggle)
    USBH_LL_GetURBState                      0x080089a5   Thumb Code    18  usbh_conf.o(i.USBH_LL_GetURBState)
    USBH_LL_IncTimer                         0x080089b7   Thumb Code    22  usbh_core.o(i.USBH_LL_IncTimer)
    USBH_LL_Init                             0x080089cd   Thumb Code    74  usbh_conf.o(i.USBH_LL_Init)
    USBH_LL_OpenPipe                         0x08008a1d   Thumb Code    44  usbh_conf.o(i.USBH_LL_OpenPipe)
    USBH_LL_PortDisabled                     0x08008a49   Thumb Code     8  usbh_core.o(i.USBH_LL_PortDisabled)
    USBH_LL_PortEnabled                      0x08008a51   Thumb Code     8  usbh_core.o(i.USBH_LL_PortEnabled)
    USBH_LL_ResetPort                        0x08008a59   Thumb Code    16  usbh_conf.o(i.USBH_LL_ResetPort)
    USBH_LL_SetTimer                         0x08008a69   Thumb Code     6  usbh_core.o(i.USBH_LL_SetTimer)
    USBH_LL_SetToggle                        0x08008a71   Thumb Code    48  usbh_conf.o(i.USBH_LL_SetToggle)
    USBH_LL_Start                            0x08008aa5   Thumb Code    16  usbh_conf.o(i.USBH_LL_Start)
    USBH_LL_Stop                             0x08008ab5   Thumb Code    16  usbh_conf.o(i.USBH_LL_Stop)
    USBH_LL_SubmitURB                        0x08008ac5   Thumb Code    46  usbh_conf.o(i.USBH_LL_SubmitURB)
    USBH_MSC_BOT_Init                        0x08008b31   Thumb Code    30  usbh_msc_bot.o(i.USBH_MSC_BOT_Init)
    USBH_MSC_BOT_Process                     0x08008b59   Thumb Code   622  usbh_msc_bot.o(i.USBH_MSC_BOT_Process)
    USBH_MSC_BOT_REQ_GetMaxLUN               0x08008dc7   Thumb Code    36  usbh_msc_bot.o(i.USBH_MSC_BOT_REQ_GetMaxLUN)
    USBH_MSC_BOT_REQ_Reset                   0x08008deb   Thumb Code    32  usbh_msc_bot.o(i.USBH_MSC_BOT_REQ_Reset)
    USBH_MSC_GetLUNInfo                      0x08008f31   Thumb Code    56  usbh_msc.o(i.USBH_MSC_GetLUNInfo)
    USBH_MSC_Read                            0x08009af9   Thumb Code   156  usbh_msc.o(i.USBH_MSC_Read)
    USBH_MSC_SCSI_Inquiry                    0x08009b95   Thumb Code   256  usbh_msc_scsi.o(i.USBH_MSC_SCSI_Inquiry)
    USBH_MSC_SCSI_Read                       0x08009c95   Thumb Code   166  usbh_msc_scsi.o(i.USBH_MSC_SCSI_Read)
    USBH_MSC_SCSI_ReadCapacity               0x08009d3b   Thumb Code   168  usbh_msc_scsi.o(i.USBH_MSC_SCSI_ReadCapacity)
    USBH_MSC_SCSI_RequestSense               0x08009de3   Thumb Code   178  usbh_msc_scsi.o(i.USBH_MSC_SCSI_RequestSense)
    USBH_MSC_SCSI_TestUnitReady              0x08009e95   Thumb Code    98  usbh_msc_scsi.o(i.USBH_MSC_SCSI_TestUnitReady)
    USBH_MSC_SCSI_Write                      0x08009ef7   Thumb Code   166  usbh_msc_scsi.o(i.USBH_MSC_SCSI_Write)
    USBH_MSC_Write                           0x08009fa3   Thumb Code   156  usbh_msc.o(i.USBH_MSC_Write)
    USBH_OpenPipe                            0x0800a03f   Thumb Code    42  usbh_pipes.o(i.USBH_OpenPipe)
    USBH_Process                             0x0800a219   Thumb Code   642  usbh_core.o(i.USBH_Process)
    USBH_RegisterClass                       0x0800a5c9   Thumb Code    82  usbh_core.o(i.USBH_RegisterClass)
    USBH_SelectInterface                     0x0800a65d   Thumb Code   150  usbh_core.o(i.USBH_SelectInterface)
    USBH_SetAddress                          0x0800a771   Thumb Code    40  usbh_ctlreq.o(i.USBH_SetAddress)
    USBH_SetCfg                              0x0800a799   Thumb Code    40  usbh_ctlreq.o(i.USBH_SetCfg)
    USBH_SetFeature                          0x0800a7c1   Thumb Code    40  usbh_ctlreq.o(i.USBH_SetFeature)
    USBH_Start                               0x0800a7e9   Thumb Code    22  usbh_core.o(i.USBH_Start)
    USBH_initialize                          0x0800a8cd   Thumb Code     4  usbh_diskio_dma.o(i.USBH_initialize)
    USBH_ioctl                               0x0800a8d1   Thumb Code   198  usbh_diskio_dma.o(i.USBH_ioctl)
    USBH_read                                0x0800a9d1   Thumb Code   128  usbh_diskio_dma.o(i.USBH_read)
    USBH_write                               0x0800aa85   Thumb Code   156  usbh_diskio_dma.o(i.USBH_write)
    USB_CoreInit                             0x0800ab75   Thumb Code   114  stm32f7xx_ll_usb.o(i.USB_CoreInit)
    USB_DisableGlobalInt                     0x0800ac39   Thumb Code    14  stm32f7xx_ll_usb.o(i.USB_DisableGlobalInt)
    USB_DoPing                               0x0800ac49   Thumb Code    64  stm32f7xx_ll_usb.o(i.USB_DoPing)
    USB_DriveVbus                            0x0800ac8d   Thumb Code    74  stm32f7xx_ll_usb.o(i.USB_DriveVbus)
    USB_EnableGlobalInt                      0x0800acd7   Thumb Code    14  stm32f7xx_ll_usb.o(i.USB_EnableGlobalInt)
    USB_FlushRxFifo                          0x0800ace5   Thumb Code    38  stm32f7xx_ll_usb.o(i.USB_FlushRxFifo)
    USB_FlushTxFifo                          0x0800ad11   Thumb Code    44  stm32f7xx_ll_usb.o(i.USB_FlushTxFifo)
    USB_GetCurrentFrame                      0x0800ad41   Thumb Code    14  stm32f7xx_ll_usb.o(i.USB_GetCurrentFrame)
    USB_GetHostSpeed                         0x0800ad4f   Thumb Code    24  stm32f7xx_ll_usb.o(i.USB_GetHostSpeed)
    USB_GetMode                              0x0800ad67   Thumb Code    10  stm32f7xx_ll_usb.o(i.USB_GetMode)
    USB_HC_Halt                              0x0800ad71   Thumb Code   374  stm32f7xx_ll_usb.o(i.USB_HC_Halt)
    USB_HC_Init                              0x0800aee7   Thumb Code   438  stm32f7xx_ll_usb.o(i.USB_HC_Init)
    USB_HC_ReadInterrupt                     0x0800b09d   Thumb Code    14  stm32f7xx_ll_usb.o(i.USB_HC_ReadInterrupt)
    USB_HC_StartXfer                         0x0800b0ad   Thumb Code   458  stm32f7xx_ll_usb.o(i.USB_HC_StartXfer)
    USB_HOST_Init                            0x0800b281   Thumb Code    28  main.o(i.USB_HOST_Init)
    USB_HostInit                             0x0800b2a9   Thumb Code   218  stm32f7xx_ll_usb.o(i.USB_HostInit)
    USB_InitFSLSPClkSel                      0x0800b399   Thumb Code    68  stm32f7xx_ll_usb.o(i.USB_InitFSLSPClkSel)
    USB_ReadInterrupts                       0x0800b3dd   Thumb Code    10  stm32f7xx_ll_usb.o(i.USB_ReadInterrupts)
    USB_ReadPacket                           0x0800b3e7   Thumb Code    34  stm32f7xx_ll_usb.o(i.USB_ReadPacket)
    USB_ResetPort                            0x0800b409   Thumb Code    60  stm32f7xx_ll_usb.o(i.USB_ResetPort)
    USB_SetCurrentMode                       0x0800b445   Thumb Code    54  stm32f7xx_ll_usb.o(i.USB_SetCurrentMode)
    USB_StopHost                             0x0800b47b   Thumb Code   180  stm32f7xx_ll_usb.o(i.USB_StopHost)
    USB_WritePacket                          0x0800b52f   Thumb Code    60  stm32f7xx_ll_usb.o(i.USB_WritePacket)
    UsageFault_Handler                       0x0800b56b   Thumb Code     4  stm32f7xx_it.o(i.UsageFault_Handler)
    W25QXX_Erase_Sector                      0x0800b56f   Thumb Code    46  w25q256.o(i.W25QXX_Erase_Sector)
    W25QXX_Init                              0x0800b59d   Thumb Code   110  w25q256.o(i.W25QXX_Init)
    W25QXX_Qspi_Enable                       0x0800b611   Thumb Code    62  w25q256.o(i.W25QXX_Qspi_Enable)
    W25QXX_Read                              0x0800b655   Thumb Code    44  w25q256.o(i.W25QXX_Read)
    W25QXX_ReadID                            0x0800b681   Thumb Code    90  w25q256.o(i.W25QXX_ReadID)
    W25QXX_ReadSR                            0x0800b6e1   Thumb Code   110  w25q256.o(i.W25QXX_ReadSR)
    W25QXX_Wait_Busy                         0x0800b755   Thumb Code    20  w25q256.o(i.W25QXX_Wait_Busy)
    W25QXX_Write                             0x0800b769   Thumb Code   180  w25q256.o(i.W25QXX_Write)
    W25QXX_Write_Enable                      0x0800b821   Thumb Code    56  w25q256.o(i.W25QXX_Write_Enable)
    W25QXX_Write_NoCheck                     0x0800b85d   Thumb Code    70  w25q256.o(i.W25QXX_Write_NoCheck)
    W25QXX_Write_Page                        0x0800b8a3   Thumb Code    52  w25q256.o(i.W25QXX_Write_Page)
    W25QXX_Write_SR                          0x0800b8d9   Thumb Code   104  w25q256.o(i.W25QXX_Write_SR)
    __0printf$5                              0x0800b945   Thumb Code    22  printf5.o(i.__0printf$5)
    __1printf$5                              0x0800b945   Thumb Code     0  printf5.o(i.__0printf$5)
    __2printf                                0x0800b945   Thumb Code     0  printf5.o(i.__0printf$5)
    __scatterload_copy                       0x0800b99d   Thumb Code    14  handlers.o(i.__scatterload_copy)
    __scatterload_null                       0x0800b9ab   Thumb Code     2  handlers.o(i.__scatterload_null)
    __scatterload_zeroinit                   0x0800b9ad   Thumb Code    14  handlers.o(i.__scatterload_zeroinit)
    delay_init                               0x0800c3fd   Thumb Code    16  delay.o(i.delay_init)
    delay_us                                 0x0800c411   Thumb Code    68  delay.o(i.delay_us)
    disk_initialize                          0x0800cbf3   Thumb Code    62  diskio.o(i.disk_initialize)
    disk_ioctl                               0x0800cc31   Thumb Code   170  diskio.o(i.disk_ioctl)
    disk_read                                0x0800cce1   Thumb Code   124  diskio.o(i.disk_read)
    disk_status                              0x0800cd5d   Thumb Code     6  diskio.o(i.disk_status)
    disk_write                               0x0800cd63   Thumb Code   140  diskio.o(i.disk_write)
    exf_getfree                              0x0800cdef   Thumb Code    74  exfuns.o(i.exf_getfree)
    exfuns_init                              0x0800ce39   Thumb Code   114  exfuns.o(i.exfuns_init)
    f_close                                  0x0800cebd   Thumb Code    34  ff.o(i.f_close)
    f_getfree                                0x0800cedf   Thumb Code   352  ff.o(i.f_getfree)
    f_mount                                  0x0800d041   Thumb Code    80  ff.o(i.f_mount)
    f_open                                   0x0800d095   Thumb Code   772  ff.o(i.f_open)
    f_read                                   0x0800d399   Thumb Code   552  ff.o(i.f_read)
    f_sync                                   0x0800d5c1   Thumb Code   424  ff.o(i.f_sync)
    ff_memalloc                              0x0800d769   Thumb Code    14  ffsystem.o(i.ff_memalloc)
    ff_memfree                               0x0800d777   Thumb Code    14  ffsystem.o(i.ff_memfree)
    ff_oem2uni                               0x0800d785   Thumb Code   130  ffunicode.o(i.ff_oem2uni)
    ff_uni2oem                               0x0800d80d   Thumb Code   126  ffunicode.o(i.ff_uni2oem)
    ff_wtoupper                              0x0800d891   Thumb Code   166  ffunicode.o(i.ff_wtoupper)
    font_init                                0x0800dff1   Thumb Code    64  fontupd.o(i.font_init)
    fputc                                    0x0800e035   Thumb Code    22  usart.o(i.fputc)
    fupd_prog                                0x0800e051   Thumb Code   140  fontupd.o(i.fupd_prog)
    get_fattime                              0x0800e341   Thumb Code     4  diskio.o(i.get_fattime)
    main                                     0x0800e5c1   Thumb Code   598  main.o(i.main)
    my_mem_free                              0x0800e97d   Thumb Code    96  malloc.o(i.my_mem_free)
    my_mem_init                              0x0800e9e9   Thumb Code    34  malloc.o(i.my_mem_init)
    my_mem_malloc                            0x0800ea15   Thumb Code   156  malloc.o(i.my_mem_malloc)
    my_mem_perused                           0x0800eabd   Thumb Code    56  malloc.o(i.my_mem_perused)
    myfree                                   0x0800eafd   Thumb Code    30  malloc.o(i.myfree)
    mymalloc                                 0x0800eb21   Thumb Code    34  malloc.o(i.mymalloc)
    mymemset                                 0x0800eb49   Thumb Code    20  malloc.o(i.mymemset)
    read_sdinfo                              0x0800eda9   Thumb Code    20  sdmmc.o(i.read_sdinfo)
    updata_fontx                             0x0800f179   Thumb Code   374  fontupd.o(i.updata_fontx)
    update_font                              0x0800f2f9   Thumb Code   444  fontupd.o(i.update_font)
    asc2_1206                                0x0800f596   Data        1140  lcd.o(.constdata)
    asc2_1608                                0x0800fa0a   Data        1520  lcd.o(.constdata)
    asc2_2412                                0x0800fffa   Data        3420  lcd.o(.constdata)
    asc2_3216                                0x08010d56   Data       12160  lcd.o(.constdata)
    memtblsize                               0x08013cd8   Data          12  malloc.o(.constdata)
    memblksize                               0x08013ce4   Data          12  malloc.o(.constdata)
    memsize                                  0x08013cf0   Data          12  malloc.o(.constdata)
    AHBPrescTable                            0x08013d04   Data          16  system_stm32f7xx.o(.constdata)
    APBPrescTable                            0x08013d14   Data           8  system_stm32f7xx.o(.constdata)
    GBK_PATH                                 0x08014010   Data          20  fontupd.o(.constdata)
    UPDATE_REMIND_TBL                        0x08014024   Data          20  fontupd.o(.constdata)
    Region$$Table$$Base                      0x08014118   Number         0  anon$$obj.o(Region$$Table)
    Region$$Table$$Limit                     0x08014138   Number         0  anon$$obj.o(Region$$Table)
    mem3base                                 0x20000000   Data       61440  malloc.o(.ARM.__AT_0x20000000)
    mem3mapbase                              0x2000f000   Data        3840  malloc.o(.ARM.__AT_0x2000F000)
    POINT_COLOR                              0x20020004   Data           4  lcd.o(.data)
    BACK_COLOR                               0x20020008   Data           4  lcd.o(.data)
    W25QXX_TYPE                              0x2002000c   Data           2  w25q256.o(.data)
    W25QXX_QPI_MODE                          0x2002000e   Data           1  w25q256.o(.data)
    mallco_dev                               0x20020010   Data          36  malloc.o(.data)
    ltdc_framebuf                            0x20020040   Data           8  ltdc.o(.data)
    aRecBuff                                 0x2002004a   Data           1  usart.o(.data)
    USART_RX_STA                             0x2002004c   Data           2  usart.o(.data)
    uwTick                                   0x20020054   Data           4  stm32f7xx_hal.o(.data)
    uwTickPrio                               0x20020058   Data           4  stm32f7xx_hal.o(.data)
    uwTickFreq                               0x2002005c   Data           1  stm32f7xx_hal.o(.data)
    SystemCoreClock                          0x20020060   Data           4  system_stm32f7xx.o(.data)
    file                                     0x20020068   Data           4  exfuns.o(.data)
    ftemp                                    0x2002006c   Data           4  exfuns.o(.data)
    br                                       0x20020070   Data           4  exfuns.o(.data)
    bw                                       0x20020074   Data           4  exfuns.o(.data)
    fatbuf                                   0x20020078   Data           4  exfuns.o(.data)
    USBH_msc                                 0x2002007c   Data          32  usbh_msc.o(.data)
    __stdout                                 0x2002009c   Data           4  stdout.o(.data)
    W25QXX_BUFFER                            0x200200a0   Data        4096  w25q256.o(.bss)
    mem1base                                 0x200210c0   Data       163840  malloc.o(.bss)
    mem1mapbase                              0x200490c0   Data       10240  malloc.o(.bss)
    hUSBHost                                 0x2004b8c0   Data         716  main.o(.bss)
    fs1                                      0x2004bb8c   Data         572  main.o(.bss)
    hnand1                                   0x2004bdc8   Data          64  fmc.o(.bss)
    hsdram1                                  0x2004be08   Data          52  fmc.o(.bss)
    lcdltdc                                  0x2004be3c   Data          32  ltdc.o(.bss)
    hltdc                                    0x2004be5c   Data         168  ltdc.o(.bss)
    hqspi                                    0x2004bf04   Data          76  quadspi.o(.bss)
    SDIO_DATA_BUFFER                         0x2004bf50   Data         512  sdmmc.o(.bss)
    SDCardInfo                               0x2004c150   Data          32  sdmmc.o(.bss)
    hdma_sdmmc1_rx                           0x2004c170   Data          96  sdmmc.o(.bss)
    hdma_sdmmc1_tx                           0x2004c1d0   Data          96  sdmmc.o(.bss)
    hsd1                                     0x2004c230   Data         132  sdmmc.o(.bss)
    htim3                                    0x2004c2b4   Data          64  tim.o(.bss)
    Uart1Buff                                0x2004c2f4   Data         100  usart.o(.bss)
    huart1                                   0x2004c358   Data         128  usart.o(.bss)
    hdma_usart1_rx                           0x2004c3d8   Data          96  usart.o(.bss)
    hdma_usart1_tx                           0x2004c438   Data          96  usart.o(.bss)
    fs                                       0x2004c4a8   Data          16  exfuns.o(.bss)
    fileinfo                                 0x2004c4b8   Data         288  exfuns.o(.bss)
    dir                                      0x2004c5d8   Data          80  exfuns.o(.bss)
    hhcd                                     0x2004c628   Data         708  usbh_conf.o(.bss)
    ftinfo                                   0x2004c8ec   Data          41  fontupd.o(.bss)
    __initial_sp                             0x2004d118   Data           0  startup_stm32f767xx.o(STACK)
    ltdc_lcd_framebuf                        0xc0000000   Data       2048000  ltdc.o(.ARM.__AT_0xC0000000)
    mem2base                                 0xc01f4000   Data       29605888  malloc.o(.ARM.__AT_0xC01F4000)
    mem2mapbase                              0xc1e30000   Data       1850368  malloc.o(.ARM.__AT_0xC1E30000)



==============================================================================

Memory Map of the image

  Image Entry point : 0x080001f9

  Load Region LR_IROM1 (Base: 0x08000000, Size: 0x000141d8, Max: 0x00100000, ABSOLUTE)

    Execution Region ER_IROM1 (Exec base: 0x08000000, Load base: 0x08000000, Size: 0x00014138, Max: 0x00100000, ABSOLUTE)

    Exec Addr    Load Addr    Size         Type   Attr      Idx    E Section Name        Object

    0x08000000   0x08000000   0x000001f8   Data   RO            3    RESET               startup_stm32f767xx.o
    0x080001f8   0x080001f8   0x00000000   Code   RO         8300  * .ARM.Collect$$$$00000000  mc_w.l(entry.o)
    0x080001f8   0x080001f8   0x00000004   Code   RO         8580    .ARM.Collect$$$$00000001  mc_w.l(entry2.o)
    0x080001fc   0x080001fc   0x00000004   Code   RO         8583    .ARM.Collect$$$$00000004  mc_w.l(entry5.o)
    0x08000200   0x08000200   0x00000000   Code   RO         8585    .ARM.Collect$$$$00000008  mc_w.l(entry7b.o)
    0x08000200   0x08000200   0x00000000   Code   RO         8587    .ARM.Collect$$$$0000000A  mc_w.l(entry8b.o)
    0x08000200   0x08000200   0x00000008   Code   RO         8588    .ARM.Collect$$$$0000000B  mc_w.l(entry9a.o)
    0x08000208   0x08000208   0x00000000   Code   RO         8590    .ARM.Collect$$$$0000000D  mc_w.l(entry10a.o)
    0x08000208   0x08000208   0x00000000   Code   RO         8592    .ARM.Collect$$$$0000000F  mc_w.l(entry11a.o)
    0x08000208   0x08000208   0x00000004   Code   RO         8581    .ARM.Collect$$$$00002712  mc_w.l(entry2.o)
    0x0800020c   0x0800020c   0x00000024   Code   RO            4    .text               startup_stm32f767xx.o
    0x08000230   0x08000230   0x00000062   Code   RO         8303    .text               mc_w.l(uldiv.o)
    0x08000292   0x08000292   0x00000024   Code   RO         8305    .text               mc_w.l(memcpya.o)
    0x080002b6   0x080002b6   0x00000024   Code   RO         8307    .text               mc_w.l(memseta.o)
    0x080002da   0x080002da   0x00000018   Code   RO         8309    .text               mc_w.l(strcat.o)
    0x080002f2   0x080002f2   0x00000012   Code   RO         8315    .text               mc_w.l(strcpy.o)
    0x08000304   0x08000304   0x0000001e   Code   RO         8597    .text               mc_w.l(llshl.o)
    0x08000322   0x08000322   0x00000020   Code   RO         8599    .text               mc_w.l(llushr.o)
    0x08000342   0x08000342   0x00000002   PAD
    0x08000344   0x08000344   0x00000024   Code   RO         8612    .text               mc_w.l(init.o)
    0x08000368   0x08000368   0x00000004   Code   RO         1379    i.BusFault_Handler  stm32f7xx_it.o
    0x0800036c   0x0800036c   0x00000010   Code   RO         1380    i.DMA2_Stream2_IRQHandler  stm32f7xx_it.o
    0x0800037c   0x0800037c   0x00000010   Code   RO         1164    i.DMA2_Stream3_IRQHandler  sdmmc.o
    0x0800038c   0x0800038c   0x00000010   Code   RO         1165    i.DMA2_Stream6_IRQHandler  sdmmc.o
    0x0800039c   0x0800039c   0x00000010   Code   RO         1381    i.DMA2_Stream7_IRQHandler  stm32f7xx_it.o
    0x080003ac   0x080003ac   0x00000034   Code   RO         5532    i.DMA_CalcBaseAndBitshift  stm32f7xx_hal_dma.o
    0x080003e0   0x080003e0   0x000000aa   Code   RO         5533    i.DMA_CheckFifoParam  stm32f7xx_hal_dma.o
    0x0800048a   0x0800048a   0x0000002c   Code   RO         5534    i.DMA_SetConfig     stm32f7xx_hal_dma.o
    0x080004b6   0x080004b6   0x00000052   Code   RO         7405    i.DeInitStateMachine  usbh_core.o
    0x08000508   0x08000508   0x00000002   Code   RO         1382    i.DebugMon_Handler  stm32f7xx_it.o
    0x0800050a   0x0800050a   0x00000002   Code   RO          769    i.Error_Handler     main.o
    0x0800050c   0x0800050c   0x00000028   Code   RO         1689    i.FMC_NAND_AttributeSpace_Timing_Init  stm32f7xx_ll_fmc.o
    0x08000534   0x08000534   0x00000028   Code   RO         1690    i.FMC_NAND_CommonSpace_Timing_Init  stm32f7xx_ll_fmc.o
    0x0800055c   0x0800055c   0x00000038   Code   RO         1695    i.FMC_NAND_Init     stm32f7xx_ll_fmc.o
    0x08000594   0x08000594   0x00000074   Code   RO         1704    i.FMC_SDRAM_Init    stm32f7xx_ll_fmc.o
    0x08000608   0x08000608   0x0000000e   Code   RO         1705    i.FMC_SDRAM_ProgramRefreshRate  stm32f7xx_ll_fmc.o
    0x08000616   0x08000616   0x00000026   Code   RO         1706    i.FMC_SDRAM_SendCommand  stm32f7xx_ll_fmc.o
    0x0800063c   0x0800063c   0x0000009c   Code   RO         1708    i.FMC_SDRAM_Timing_Init  stm32f7xx_ll_fmc.o
    0x080006d8   0x080006d8   0x000000f0   Code   RO         8261    i.Get_HzMat         text.o
    0x080007c8   0x080007c8   0x00000028   Code   RO         5536    i.HAL_DMA_Abort_IT  stm32f7xx_hal_dma.o
    0x080007f0   0x080007f0   0x00000006   Code   RO         5538    i.HAL_DMA_GetError  stm32f7xx_hal_dma.o
    0x080007f6   0x080007f6   0x00000002   PAD
    0x080007f8   0x080007f8   0x00000240   Code   RO         5540    i.HAL_DMA_IRQHandler  stm32f7xx_hal_dma.o
    0x08000a38   0x08000a38   0x000000ec   Code   RO         5541    i.HAL_DMA_Init      stm32f7xx_hal_dma.o
    0x08000b24   0x08000b24   0x0000009e   Code   RO         5545    i.HAL_DMA_Start_IT  stm32f7xx_hal_dma.o
    0x08000bc2   0x08000bc2   0x00000002   PAD
    0x08000bc4   0x08000bc4   0x00000028   Code   RO         5902    i.HAL_Delay         stm32f7xx_hal.o
    0x08000bec   0x08000bec   0x000000ec   Code   RO          942    i.HAL_FMC_MspInit   fmc.o
    0x08000cd8   0x08000cd8   0x00000218   Code   RO         5469    i.HAL_GPIO_Init     stm32f7xx_hal_gpio.o
    0x08000ef0   0x08000ef0   0x00000010   Code   RO         5471    i.HAL_GPIO_ReadPin  stm32f7xx_hal_gpio.o
    0x08000f00   0x08000f00   0x00000012   Code   RO         5472    i.HAL_GPIO_TogglePin  stm32f7xx_hal_gpio.o
    0x08000f12   0x08000f12   0x0000000c   Code   RO         5473    i.HAL_GPIO_WritePin  stm32f7xx_hal_gpio.o
    0x08000f1e   0x08000f1e   0x00000002   PAD
    0x08000f20   0x08000f20   0x0000000c   Code   RO         5912    i.HAL_GetTick       stm32f7xx_hal.o
    0x08000f2c   0x08000f2c   0x0000000e   Code   RO         7996    i.HAL_HCD_Connect_Callback  usbh_conf.o
    0x08000f3a   0x08000f3a   0x0000000e   Code   RO         7997    i.HAL_HCD_Disconnect_Callback  usbh_conf.o
    0x08000f48   0x08000f48   0x0000000c   Code   RO         4598    i.HAL_HCD_GetCurrentFrame  stm32f7xx_hal_hcd.o
    0x08000f54   0x08000f54   0x0000000c   Code   RO         4599    i.HAL_HCD_GetCurrentSpeed  stm32f7xx_hal_hcd.o
    0x08000f60   0x08000f60   0x00000014   Code   RO         4602    i.HAL_HCD_HC_GetURBState  stm32f7xx_hal_hcd.o
    0x08000f74   0x08000f74   0x00000012   Code   RO         4603    i.HAL_HCD_HC_GetXferCount  stm32f7xx_hal_hcd.o
    0x08000f86   0x08000f86   0x00000034   Code   RO         4604    i.HAL_HCD_HC_Halt   stm32f7xx_hal_hcd.o
    0x08000fba   0x08000fba   0x000000de   Code   RO         4605    i.HAL_HCD_HC_Init   stm32f7xx_hal_hcd.o
    0x08001098   0x08001098   0x00000002   Code   RO         7998    i.HAL_HCD_HC_NotifyURBChange_Callback  usbh_conf.o
    0x0800109a   0x0800109a   0x00000220   Code   RO         4607    i.HAL_HCD_HC_SubmitRequest  stm32f7xx_hal_hcd.o
    0x080012ba   0x080012ba   0x0000016c   Code   RO         4608    i.HAL_HCD_IRQHandler  stm32f7xx_hal_hcd.o
    0x08001426   0x08001426   0x00000066   Code   RO         4609    i.HAL_HCD_Init      stm32f7xx_hal_hcd.o
    0x0800148c   0x0800148c   0x000000c0   Code   RO         8000    i.HAL_HCD_MspInit   usbh_conf.o
    0x0800154c   0x0800154c   0x0000000e   Code   RO         8001    i.HAL_HCD_PortDisabled_Callback  usbh_conf.o
    0x0800155a   0x0800155a   0x0000000e   Code   RO         8002    i.HAL_HCD_PortEnabled_Callback  usbh_conf.o
    0x08001568   0x08001568   0x0000000c   Code   RO         4614    i.HAL_HCD_ResetPort  stm32f7xx_hal_hcd.o
    0x08001574   0x08001574   0x0000000e   Code   RO         8003    i.HAL_HCD_SOF_Callback  usbh_conf.o
    0x08001582   0x08001582   0x00000036   Code   RO         4616    i.HAL_HCD_Start     stm32f7xx_hal_hcd.o
    0x080015b8   0x080015b8   0x0000002e   Code   RO         4617    i.HAL_HCD_Stop      stm32f7xx_hal_hcd.o
    0x080015e6   0x080015e6   0x00000002   PAD
    0x080015e8   0x080015e8   0x00000018   Code   RO         5918    i.HAL_IncTick       stm32f7xx_hal.o
    0x08001600   0x08001600   0x00000030   Code   RO         5919    i.HAL_Init          stm32f7xx_hal.o
    0x08001630   0x08001630   0x0000004c   Code   RO         5920    i.HAL_InitTick      stm32f7xx_hal.o
    0x0800167c   0x0800167c   0x0000005e   Code   RO         2160    i.HAL_LTDC_ConfigLayer  stm32f7xx_hal_ltdc.o
    0x080016da   0x080016da   0x00000002   Code   RO         2173    i.HAL_LTDC_ErrorCallback  stm32f7xx_hal_ltdc.o
    0x080016dc   0x080016dc   0x000000f4   Code   RO         2176    i.HAL_LTDC_IRQHandler  stm32f7xx_hal_ltdc.o
    0x080017d0   0x080017d0   0x00000118   Code   RO         2177    i.HAL_LTDC_Init     stm32f7xx_hal_ltdc.o
    0x080018e8   0x080018e8   0x00000002   Code   RO         2178    i.HAL_LTDC_LineEventCallback  stm32f7xx_hal_ltdc.o
    0x080018ea   0x080018ea   0x00000002   PAD
    0x080018ec   0x080018ec   0x00000184   Code   RO         1007    i.HAL_LTDC_MspInit  ltdc.o
    0x08001a70   0x08001a70   0x00000002   Code   RO         2183    i.HAL_LTDC_ReloadEventCallback  stm32f7xx_hal_ltdc.o
    0x08001a72   0x08001a72   0x0000006c   Code   RO         2192    i.HAL_LTDC_SetWindowPosition  stm32f7xx_hal_ltdc.o
    0x08001ade   0x08001ade   0x0000006c   Code   RO         2194    i.HAL_LTDC_SetWindowSize  stm32f7xx_hal_ltdc.o
    0x08001b4a   0x08001b4a   0x00000002   PAD
    0x08001b4c   0x08001b4c   0x00000040   Code   RO         1489    i.HAL_MspInit       stm32f7xx_hal_msp.o
    0x08001b8c   0x08001b8c   0x00000052   Code   RO         1849    i.HAL_NAND_Init     stm32f7xx_hal_nand.o
    0x08001bde   0x08001bde   0x0000000a   Code   RO          944    i.HAL_NAND_MspInit  fmc.o
    0x08001be8   0x08001be8   0x00000020   Code   RO         1554    i.HAL_NVIC_EnableIRQ  stm32f7xx_hal_cortex.o
    0x08001c08   0x08001c08   0x0000007c   Code   RO         1560    i.HAL_NVIC_SetPriority  stm32f7xx_hal_cortex.o
    0x08001c84   0x08001c84   0x00000028   Code   RO         1561    i.HAL_NVIC_SetPriorityGrouping  stm32f7xx_hal_cortex.o
    0x08001cac   0x08001cac   0x00000090   Code   RO         5809    i.HAL_PWREx_EnableOverDrive  stm32f7xx_hal_pwr_ex.o
    0x08001d3c   0x08001d3c   0x000000a6   Code   RO         2456    i.HAL_QSPI_Command  stm32f7xx_hal_qspi.o
    0x08001de2   0x08001de2   0x00000002   PAD
    0x08001de4   0x08001de4   0x000000d8   Code   RO         2465    i.HAL_QSPI_Init     stm32f7xx_hal_qspi.o
    0x08001ebc   0x08001ebc   0x000000f4   Code   RO         1105    i.HAL_QSPI_MspInit  quadspi.o
    0x08001fb0   0x08001fb0   0x000000e2   Code   RO         2469    i.HAL_QSPI_Receive  stm32f7xx_hal_qspi.o
    0x08002092   0x08002092   0x00000004   Code   RO         2475    i.HAL_QSPI_SetTimeout  stm32f7xx_hal_qspi.o
    0x08002096   0x08002096   0x000000d2   Code   RO         2478    i.HAL_QSPI_Transmit  stm32f7xx_hal_qspi.o
    0x08002168   0x08002168   0x00000758   Code   RO         5185    i.HAL_RCCEx_PeriphCLKConfig  stm32f7xx_hal_rcc_ex.o
    0x080028c0   0x080028c0   0x00000190   Code   RO         5078    i.HAL_RCC_ClockConfig  stm32f7xx_hal_rcc.o
    0x08002a50   0x08002a50   0x0000000c   Code   RO         5083    i.HAL_RCC_GetHCLKFreq  stm32f7xx_hal_rcc.o
    0x08002a5c   0x08002a5c   0x00000020   Code   RO         5085    i.HAL_RCC_GetPCLK1Freq  stm32f7xx_hal_rcc.o
    0x08002a7c   0x08002a7c   0x00000020   Code   RO         5086    i.HAL_RCC_GetPCLK2Freq  stm32f7xx_hal_rcc.o
    0x08002a9c   0x08002a9c   0x000000b0   Code   RO         5087    i.HAL_RCC_GetSysClockFreq  stm32f7xx_hal_rcc.o
    0x08002b4c   0x08002b4c   0x000004b8   Code   RO         5090    i.HAL_RCC_OscConfig  stm32f7xx_hal_rcc.o
    0x08003004   0x08003004   0x00000040   Code   RO         2007    i.HAL_SDRAM_Init    stm32f7xx_hal_sdram.o
    0x08003044   0x08003044   0x0000000a   Code   RO          946    i.HAL_SDRAM_MspInit  fmc.o
    0x0800304e   0x0800304e   0x00000028   Code   RO         2010    i.HAL_SDRAM_ProgramRefreshRate  stm32f7xx_hal_sdram.o
    0x08003076   0x08003076   0x0000003a   Code   RO         2016    i.HAL_SDRAM_SendCommand  stm32f7xx_hal_sdram.o
    0x080030b0   0x080030b0   0x00000002   Code   RO         2983    i.HAL_SD_AbortCallback  stm32f7xx_hal_sd.o
    0x080030b2   0x080030b2   0x000000a8   Code   RO         2985    i.HAL_SD_ConfigWideBusOperation  stm32f7xx_hal_sd.o
    0x0800315a   0x0800315a   0x00000002   Code   RO         2988    i.HAL_SD_ErrorCallback  stm32f7xx_hal_sd.o
    0x0800315c   0x0800315c   0x000001f0   Code   RO         2990    i.HAL_SD_GetCardCSD  stm32f7xx_hal_sd.o
    0x0800334c   0x0800334c   0x00000026   Code   RO         2991    i.HAL_SD_GetCardInfo  stm32f7xx_hal_sd.o
    0x08003372   0x08003372   0x00000028   Code   RO         2992    i.HAL_SD_GetCardState  stm32f7xx_hal_sd.o
    0x0800339a   0x0800339a   0x00000002   PAD
    0x0800339c   0x0800339c   0x000001e8   Code   RO         2996    i.HAL_SD_IRQHandler  stm32f7xx_hal_sd.o
    0x08003584   0x08003584   0x00000036   Code   RO         2997    i.HAL_SD_Init       stm32f7xx_hal_sd.o
    0x080035ba   0x080035ba   0x00000088   Code   RO         2998    i.HAL_SD_InitCard   stm32f7xx_hal_sd.o
    0x08003642   0x08003642   0x00000002   PAD
    0x08003644   0x08003644   0x000001a4   Code   RO         1167    i.HAL_SD_MspInit    sdmmc.o
    0x080037e8   0x080037e8   0x00000128   Code   RO         3002    i.HAL_SD_ReadBlocks_DMA  stm32f7xx_hal_sd.o
    0x08003910   0x08003910   0x0000000c   Code   RO         1168    i.HAL_SD_RxCpltCallback  sdmmc.o
    0x0800391c   0x0800391c   0x0000000c   Code   RO         1169    i.HAL_SD_TxCpltCallback  sdmmc.o
    0x08003928   0x08003928   0x00000128   Code   RO         3007    i.HAL_SD_WriteBlocks_DMA  stm32f7xx_hal_sd.o
    0x08003a50   0x08003a50   0x00000028   Code   RO         1563    i.HAL_SYSTICK_CLKSourceConfig  stm32f7xx_hal_cortex.o
    0x08003a78   0x08003a78   0x00000034   Code   RO         1565    i.HAL_SYSTICK_Config  stm32f7xx_hal_cortex.o
    0x08003aac   0x08003aac   0x00000002   Code   RO         3935    i.HAL_TIMEx_Break2Callback  stm32f7xx_hal_tim_ex.o
    0x08003aae   0x08003aae   0x00000002   Code   RO         3936    i.HAL_TIMEx_BreakCallback  stm32f7xx_hal_tim_ex.o
    0x08003ab0   0x08003ab0   0x00000002   Code   RO         3937    i.HAL_TIMEx_CommutCallback  stm32f7xx_hal_tim_ex.o
    0x08003ab2   0x08003ab2   0x00000002   PAD
    0x08003ab4   0x08003ab4   0x00000078   Code   RO         3956    i.HAL_TIMEx_MasterConfigSynchronization  stm32f7xx_hal_tim_ex.o
    0x08003b2c   0x08003b2c   0x00000034   Code   RO         3239    i.HAL_TIM_Base_Init  stm32f7xx_hal_tim.o
    0x08003b60   0x08003b60   0x00000044   Code   RO         1277    i.HAL_TIM_Base_MspInit  tim.o
    0x08003ba4   0x08003ba4   0x00000038   Code   RO         3244    i.HAL_TIM_Base_Start_IT  stm32f7xx_hal_tim.o
    0x08003bdc   0x08003bdc   0x0000010c   Code   RO         3248    i.HAL_TIM_ConfigClockSource  stm32f7xx_hal_tim.o
    0x08003ce8   0x08003ce8   0x00000002   Code   RO         3268    i.HAL_TIM_IC_CaptureCallback  stm32f7xx_hal_tim.o
    0x08003cea   0x08003cea   0x000001b8   Code   RO         3282    i.HAL_TIM_IRQHandler  stm32f7xx_hal_tim.o
    0x08003ea2   0x08003ea2   0x00000002   Code   RO         3285    i.HAL_TIM_OC_DelayElapsedCallback  stm32f7xx_hal_tim.o
    0x08003ea4   0x08003ea4   0x00000002   Code   RO         3312    i.HAL_TIM_PWM_PulseFinishedCallback  stm32f7xx_hal_tim.o
    0x08003ea6   0x08003ea6   0x00000002   PAD
    0x08003ea8   0x08003ea8   0x00000028   Code   RO         1278    i.HAL_TIM_PeriodElapsedCallback  tim.o
    0x08003ed0   0x08003ed0   0x00000002   Code   RO         3325    i.HAL_TIM_TriggerCallback  stm32f7xx_hal_tim.o
    0x08003ed2   0x08003ed2   0x00000002   Code   RO         4226    i.HAL_UART_ErrorCallback  stm32f7xx_hal_uart.o
    0x08003ed4   0x08003ed4   0x00000174   Code   RO         4229    i.HAL_UART_IRQHandler  stm32f7xx_hal_uart.o
    0x08004048   0x08004048   0x00000074   Code   RO         4230    i.HAL_UART_Init     stm32f7xx_hal_uart.o
    0x080040bc   0x080040bc   0x00000114   Code   RO         1325    i.HAL_UART_MspInit  usart.o
    0x080041d0   0x080041d0   0x000000e4   Code   RO         4235    i.HAL_UART_Receive_IT  stm32f7xx_hal_uart.o
    0x080042b4   0x080042b4   0x00000088   Code   RO         1326    i.HAL_UART_RxCpltCallback  usart.o
    0x0800433c   0x0800433c   0x000000d0   Code   RO         4238    i.HAL_UART_Transmit  stm32f7xx_hal_uart.o
    0x0800440c   0x0800440c   0x00000002   Code   RO         4241    i.HAL_UART_TxCpltCallback  stm32f7xx_hal_uart.o
    0x0800440e   0x0800440e   0x00000570   Code   RO         4618    i.HCD_HC_IN_IRQHandler  stm32f7xx_hal_hcd.o
    0x0800497e   0x0800497e   0x0000054a   Code   RO         4619    i.HCD_HC_OUT_IRQHandler  stm32f7xx_hal_hcd.o
    0x08004ec8   0x08004ec8   0x000000e0   Code   RO         4620    i.HCD_Port_IRQHandler  stm32f7xx_hal_hcd.o
    0x08004fa8   0x08004fa8   0x00000108   Code   RO         4621    i.HCD_RXQLVL_IRQHandler  stm32f7xx_hal_hcd.o
    0x080050b0   0x080050b0   0x00000004   Code   RO         1383    i.HardFault_Handler  stm32f7xx_it.o
    0x080050b4   0x080050b4   0x00000054   Code   RO          623    i.IIC_Ack           myiic.o
    0x08005108   0x08005108   0x00000058   Code   RO          624    i.IIC_Init          myiic.o
    0x08005160   0x08005160   0x00000054   Code   RO          625    i.IIC_NAck          myiic.o
    0x080051b4   0x080051b4   0x0000006c   Code   RO          626    i.IIC_Read_Byte     myiic.o
    0x08005220   0x08005220   0x0000007c   Code   RO          627    i.IIC_Send_Byte     myiic.o
    0x0800529c   0x0800529c   0x00000054   Code   RO          628    i.IIC_Start         myiic.o
    0x080052f0   0x080052f0   0x00000054   Code   RO          629    i.IIC_Stop          myiic.o
    0x08005344   0x08005344   0x00000068   Code   RO          630    i.IIC_Wait_Ack      myiic.o
    0x080053ac   0x080053ac   0x000000d0   Code   RO           13    i.Key_Scan          key.o
    0x0800547c   0x0800547c   0x00000016   Code   RO          291    i.LCD_Pow           lcd.o
    0x08005492   0x08005492   0x00000002   PAD
    0x08005494   0x08005494   0x0000002c   Code   RO         1009    i.LTDC_Display_Dir  ltdc.o
    0x080054c0   0x080054c0   0x00000050   Code   RO         1010    i.LTDC_Draw_Point   ltdc.o
    0x08005510   0x08005510   0x00000010   Code   RO         1384    i.LTDC_IRQHandler   stm32f7xx_it.o
    0x08005520   0x08005520   0x0000002c   Code   RO         1011    i.LTDC_LCD_Clear    ltdc.o
    0x0800554c   0x0800554c   0x0000015c   Code   RO         1012    i.LTDC_LCD_Fill     ltdc.o
    0x080056a8   0x080056a8   0x00000078   Code   RO         1013    i.LTDC_LCD_Init     ltdc.o
    0x08005720   0x08005720   0x00000030   Code   RO         1014    i.LTDC_Layer_Window_Config  ltdc.o
    0x08005750   0x08005750   0x0000000c   Code   RO         1016    i.LTDC_Select_Layer  ltdc.o
    0x0800575c   0x0800575c   0x00000210   Code   RO         2196    i.LTDC_SetConfig    stm32f7xx_hal_ltdc.o
    0x0800596c   0x0800596c   0x0000013c   Code   RO          295    i.LTDC_ShowChar     lcd.o
    0x08005aa8   0x08005aa8   0x00000094   Code   RO          296    i.LTDC_ShowNum      lcd.o
    0x08005b3c   0x08005b3c   0x00000038   Code   RO          297    i.LTDC_ShowString   lcd.o
    0x08005b74   0x08005b74   0x00000044   Code   RO          917    i.MX_DMA_Init       dma.o
    0x08005bb8   0x08005bb8   0x000000fc   Code   RO          947    i.MX_FMC_Init       fmc.o
    0x08005cb4   0x08005cb4   0x000001a4   Code   RO          893    i.MX_GPIO_Init      gpio.o
    0x08005e58   0x08005e58   0x000000c4   Code   RO         1017    i.MX_LTDC_Init      ltdc.o
    0x08005f1c   0x08005f1c   0x0000003c   Code   RO         1106    i.MX_QUADSPI_Init   quadspi.o
    0x08005f58   0x08005f58   0x00000040   Code   RO         1170    i.MX_SDMMC1_SD_Init  sdmmc.o
    0x08005f98   0x08005f98   0x00000070   Code   RO         1279    i.MX_TIM3_Init      tim.o
    0x08006008   0x08006008   0x00000040   Code   RO         1327    i.MX_USART1_UART_Init  usart.o
    0x08006048   0x08006048   0x00000044   Code   RO         1385    i.MemManage_Handler  stm32f7xx_it.o
    0x0800608c   0x0800608c   0x00000002   Code   RO         1386    i.NMI_Handler       stm32f7xx_it.o
    0x0800608e   0x0800608e   0x00000002   PAD
    0x08006090   0x08006090   0x00000010   Code   RO         8004    i.OTG_FS_IRQHandler  usbh_conf.o
    0x080060a0   0x080060a0   0x00000068   Code   RO          721    i.PCF8574_Init      pcf8574.o
    0x08006108   0x08006108   0x00000022   Code   RO          723    i.PCF8574_ReadOneByte  pcf8574.o
    0x0800612a   0x0800612a   0x00000026   Code   RO          724    i.PCF8574_WriteBit  pcf8574.o
    0x08006150   0x08006150   0x00000028   Code   RO          725    i.PCF8574_WriteOneByte  pcf8574.o
    0x08006178   0x08006178   0x00000002   Code   RO         1387    i.PendSV_Handler    stm32f7xx_it.o
    0x0800617a   0x0800617a   0x000001e8   Code   RO         2483    i.QSPI_Config       stm32f7xx_hal_qspi.o
    0x08006362   0x08006362   0x00000002   PAD
    0x08006364   0x08006364   0x00000028   Code   RO         1107    i.QSPI_Receive      quadspi.o
    0x0800638c   0x0800638c   0x0000004c   Code   RO         1108    i.QSPI_Send_CMD     quadspi.o
    0x080063d8   0x080063d8   0x00000028   Code   RO         1109    i.QSPI_Transmit     quadspi.o
    0x08006400   0x08006400   0x0000004c   Code   RO         2490    i.QSPI_WaitFlagStateUntilTimeout  stm32f7xx_hal_qspi.o
    0x0800644c   0x0800644c   0x0000007c   Code   RO         1171    i.SCB_CleanInvalidateDCache  sdmmc.o
    0x080064c8   0x080064c8   0x0000009c   Code   RO          770    i.SCB_EnableDCache  main.o
    0x08006564   0x08006564   0x0000007c   Code   RO          771    i.SCB_EnableICache  main.o
    0x080065e0   0x080065e0   0x00000010   Code   RO         1172    i.SDMMC1_IRQHandler  sdmmc.o
    0x080065f0   0x080065f0   0x0000003a   Code   RO         2706    i.SDMMC_CmdAppCommand  stm32f7xx_ll_sdmmc.o
    0x0800662a   0x0800662a   0x00000002   PAD
    0x0800662c   0x0800662c   0x0000003c   Code   RO         2707    i.SDMMC_CmdAppOperCommand  stm32f7xx_ll_sdmmc.o
    0x08006668   0x08006668   0x0000003a   Code   RO         2708    i.SDMMC_CmdBlockLength  stm32f7xx_ll_sdmmc.o
    0x080066a2   0x080066a2   0x0000003a   Code   RO         2709    i.SDMMC_CmdBusWidth  stm32f7xx_ll_sdmmc.o
    0x080066dc   0x080066dc   0x0000002e   Code   RO         2713    i.SDMMC_CmdGoIdleState  stm32f7xx_ll_sdmmc.o
    0x0800670a   0x0800670a   0x00000036   Code   RO         2715    i.SDMMC_CmdOperCond  stm32f7xx_ll_sdmmc.o
    0x08006740   0x08006740   0x0000003a   Code   RO         2716    i.SDMMC_CmdReadMultiBlock  stm32f7xx_ll_sdmmc.o
    0x0800677a   0x0800677a   0x0000003a   Code   RO         2717    i.SDMMC_CmdReadSingleBlock  stm32f7xx_ll_sdmmc.o
    0x080067b4   0x080067b4   0x0000003c   Code   RO         2720    i.SDMMC_CmdSelDesel  stm32f7xx_ll_sdmmc.o
    0x080067f0   0x080067f0   0x00000034   Code   RO         2721    i.SDMMC_CmdSendCID  stm32f7xx_ll_sdmmc.o
    0x08006824   0x08006824   0x00000034   Code   RO         2722    i.SDMMC_CmdSendCSD  stm32f7xx_ll_sdmmc.o
    0x08006858   0x08006858   0x0000003a   Code   RO         2723    i.SDMMC_CmdSendSCR  stm32f7xx_ll_sdmmc.o
    0x08006892   0x08006892   0x0000003a   Code   RO         2724    i.SDMMC_CmdSendStatus  stm32f7xx_ll_sdmmc.o
    0x080068cc   0x080068cc   0x0000003a   Code   RO         2725    i.SDMMC_CmdSetRelAdd  stm32f7xx_ll_sdmmc.o
    0x08006906   0x08006906   0x00000002   PAD
    0x08006908   0x08006908   0x0000003c   Code   RO         2727    i.SDMMC_CmdStopTransfer  stm32f7xx_ll_sdmmc.o
    0x08006944   0x08006944   0x0000003a   Code   RO         2729    i.SDMMC_CmdWriteMultiBlock  stm32f7xx_ll_sdmmc.o
    0x0800697e   0x0800697e   0x0000003a   Code   RO         2730    i.SDMMC_CmdWriteSingleBlock  stm32f7xx_ll_sdmmc.o
    0x080069b8   0x080069b8   0x0000002c   Code   RO         2731    i.SDMMC_ConfigData  stm32f7xx_ll_sdmmc.o
    0x080069e4   0x080069e4   0x00000040   Code   RO         2732    i.SDMMC_GetCmdError  stm32f7xx_ll_sdmmc.o
    0x08006a24   0x08006a24   0x000001a4   Code   RO         2733    i.SDMMC_GetCmdResp1  stm32f7xx_ll_sdmmc.o
    0x08006bc8   0x08006bc8   0x0000005c   Code   RO         2734    i.SDMMC_GetCmdResp2  stm32f7xx_ll_sdmmc.o
    0x08006c24   0x08006c24   0x00000050   Code   RO         2735    i.SDMMC_GetCmdResp3  stm32f7xx_ll_sdmmc.o
    0x08006c74   0x08006c74   0x000000b0   Code   RO         2736    i.SDMMC_GetCmdResp6  stm32f7xx_ll_sdmmc.o
    0x08006d24   0x08006d24   0x00000058   Code   RO         2737    i.SDMMC_GetCmdResp7  stm32f7xx_ll_sdmmc.o
    0x08006d7c   0x08006d7c   0x00000008   Code   RO         2738    i.SDMMC_GetCommandResponse  stm32f7xx_ll_sdmmc.o
    0x08006d84   0x08006d84   0x0000000a   Code   RO         2741    i.SDMMC_GetPowerState  stm32f7xx_ll_sdmmc.o
    0x08006d8e   0x08006d8e   0x00000016   Code   RO         2742    i.SDMMC_GetResponse  stm32f7xx_ll_sdmmc.o
    0x08006da4   0x08006da4   0x00000034   Code   RO         2743    i.SDMMC_Init        stm32f7xx_ll_sdmmc.o
    0x08006dd8   0x08006dd8   0x0000000a   Code   RO         2745    i.SDMMC_PowerState_ON  stm32f7xx_ll_sdmmc.o
    0x08006de2   0x08006de2   0x00000008   Code   RO         2746    i.SDMMC_ReadFIFO    stm32f7xx_ll_sdmmc.o
    0x08006dea   0x08006dea   0x00000028   Code   RO         2747    i.SDMMC_SendCommand  stm32f7xx_ll_sdmmc.o
    0x08006e12   0x08006e12   0x0000000c   Code   RO         2749    i.SDMMC_WriteFIFO   stm32f7xx_ll_sdmmc.o
    0x08006e1e   0x08006e1e   0x00000008   Code   RO          245    i.SDRAM_Init        sdram.o
    0x08006e26   0x08006e26   0x00000002   PAD
    0x08006e28   0x08006e28   0x00000050   Code   RO          246    i.SDRAM_Initialization_Sequence  sdram.o
    0x08006e78   0x08006e78   0x00000048   Code   RO          247    i.SDRAM_Send_Cmd    sdram.o
    0x08006ec0   0x08006ec0   0x00000066   Code   RO         3009    i.SD_DMAError       stm32f7xx_hal_sd.o
    0x08006f26   0x08006f26   0x00000046   Code   RO         3010    i.SD_DMAReceiveCplt  stm32f7xx_hal_sd.o
    0x08006f6c   0x08006f6c   0x0000004c   Code   RO         3011    i.SD_DMARxAbort     stm32f7xx_hal_sd.o
    0x08006fb8   0x08006fb8   0x00000012   Code   RO         3012    i.SD_DMATransmitCplt  stm32f7xx_hal_sd.o
    0x08006fca   0x08006fca   0x0000004c   Code   RO         3013    i.SD_DMATxAbort     stm32f7xx_hal_sd.o
    0x08007016   0x08007016   0x0000012c   Code   RO         3014    i.SD_FindSCR        stm32f7xx_hal_sd.o
    0x08007142   0x08007142   0x00000002   PAD
    0x08007144   0x08007144   0x00000018   Code   RO         1173    i.SD_GetCardInfo    sdmmc.o
    0x0800715c   0x0800715c   0x00000018   Code   RO         1174    i.SD_GetCardState   sdmmc.o
    0x08007174   0x08007174   0x000000fc   Code   RO         3015    i.SD_InitCard       stm32f7xx_hal_sd.o
    0x08007270   0x08007270   0x000000ee   Code   RO         3017    i.SD_PowerON        stm32f7xx_hal_sd.o
    0x0800735e   0x0800735e   0x00000002   PAD
    0x08007360   0x08007360   0x00000054   Code   RO         1175    i.SD_ReadDisk       sdmmc.o
    0x080073b4   0x080073b4   0x00000026   Code   RO         3018    i.SD_Read_IT        stm32f7xx_hal_sd.o
    0x080073da   0x080073da   0x00000032   Code   RO         3020    i.SD_SendStatus     stm32f7xx_hal_sd.o
    0x0800740c   0x0800740c   0x0000006a   Code   RO         3021    i.SD_WideBus_Disable  stm32f7xx_hal_sd.o
    0x08007476   0x08007476   0x0000006a   Code   RO         3022    i.SD_WideBus_Enable  stm32f7xx_hal_sd.o
    0x080074e0   0x080074e0   0x00000054   Code   RO         1176    i.SD_WriteDisk      sdmmc.o
    0x08007534   0x08007534   0x00000026   Code   RO         3023    i.SD_Write_IT       stm32f7xx_hal_sd.o
    0x0800755a   0x0800755a   0x00000002   Code   RO         1388    i.SVC_Handler       stm32f7xx_it.o
    0x0800755c   0x0800755c   0x000000cc   Code   RO         8262    i.Show_Font         text.o
    0x08007628   0x08007628   0x000000c2   Code   RO         8263    i.Show_Str          text.o
    0x080076ea   0x080076ea   0x00000008   Code   RO         1389    i.SysTick_Handler   stm32f7xx_it.o
    0x080076f2   0x080076f2   0x00000002   PAD
    0x080076f4   0x080076f4   0x000000f4   Code   RO          772    i.SystemClock_Config  main.o
    0x080077e8   0x080077e8   0x00000064   Code   RO         6677    i.SystemInit        system_stm32f7xx.o
    0x0800784c   0x0800784c   0x00000010   Code   RO         1390    i.TIM3_IRQHandler   stm32f7xx_it.o
    0x0800785c   0x0800785c   0x000000d8   Code   RO         3327    i.TIM_Base_SetConfig  stm32f7xx_hal_tim.o
    0x08007934   0x08007934   0x00000016   Code   RO         3338    i.TIM_ETR_SetConfig  stm32f7xx_hal_tim.o
    0x0800794a   0x0800794a   0x00000012   Code   RO         3339    i.TIM_ITRx_SetConfig  stm32f7xx_hal_tim.o
    0x0800795c   0x0800795c   0x00000026   Code   RO         3347    i.TIM_TI1_ConfigInputStage  stm32f7xx_hal_tim.o
    0x08007982   0x08007982   0x00000028   Code   RO         3349    i.TIM_TI2_ConfigInputStage  stm32f7xx_hal_tim.o
    0x080079aa   0x080079aa   0x000000f8   Code   RO         4243    i.UART_AdvFeatureConfig  stm32f7xx_hal_uart.o
    0x08007aa2   0x08007aa2   0x00000048   Code   RO         4244    i.UART_CheckIdleState  stm32f7xx_hal_uart.o
    0x08007aea   0x08007aea   0x00000018   Code   RO         4245    i.UART_DMAAbortOnError  stm32f7xx_hal_uart.o
    0x08007b02   0x08007b02   0x00000022   Code   RO         4255    i.UART_EndRxTransfer  stm32f7xx_hal_uart.o
    0x08007b24   0x08007b24   0x00000020   Code   RO         4256    i.UART_EndTransmit_IT  stm32f7xx_hal_uart.o
    0x08007b44   0x08007b44   0x0000006c   Code   RO         4258    i.UART_RxISR_16BIT  stm32f7xx_hal_uart.o
    0x08007bb0   0x08007bb0   0x00000068   Code   RO         4259    i.UART_RxISR_8BIT   stm32f7xx_hal_uart.o
    0x08007c18   0x08007c18   0x000003a4   Code   RO         4260    i.UART_SetConfig    stm32f7xx_hal_uart.o
    0x08007fbc   0x08007fbc   0x00000068   Code   RO         4263    i.UART_WaitOnFlagUntilTimeout  stm32f7xx_hal_uart.o
    0x08008024   0x08008024   0x0000001c   Code   RO         1391    i.USART1_IRQHandler  stm32f7xx_it.o
    0x08008040   0x08008040   0x00000026   Code   RO         7735    i.USBH_AllocPipe    usbh_pipes.o
    0x08008066   0x08008066   0x0000002a   Code   RO         7660    i.USBH_BulkReceiveData  usbh_ioreq.o
    0x08008090   0x08008090   0x00000034   Code   RO         7661    i.USBH_BulkSendData  usbh_ioreq.o
    0x080080c4   0x080080c4   0x00000012   Code   RO         7736    i.USBH_ClosePipe    usbh_pipes.o
    0x080080d6   0x080080d6   0x00000028   Code   RO         7546    i.USBH_ClrFeature   usbh_ctlreq.o
    0x080080fe   0x080080fe   0x0000002a   Code   RO         7662    i.USBH_CtlReceiveData  usbh_ioreq.o
    0x08008128   0x08008128   0x00000062   Code   RO         7547    i.USBH_CtlReq       usbh_ctlreq.o
    0x0800818a   0x0800818a   0x00000034   Code   RO         7663    i.USBH_CtlSendData  usbh_ioreq.o
    0x080081be   0x080081be   0x00000026   Code   RO         7664    i.USBH_CtlSendSetup  usbh_ioreq.o
    0x080081e4   0x080081e4   0x0000000c   Code   RO         8005    i.USBH_Delay        usbh_conf.o
    0x080081f0   0x080081f0   0x00000050   Code   RO         7407    i.USBH_FindInterface  usbh_core.o
    0x08008240   0x08008240   0x0000001e   Code   RO         7737    i.USBH_FreePipe     usbh_pipes.o
    0x0800825e   0x0800825e   0x0000004a   Code   RO         7548    i.USBH_GetDescriptor  usbh_ctlreq.o
    0x080082a8   0x080082a8   0x00000028   Code   RO         7738    i.USBH_GetFreePipe  usbh_pipes.o
    0x080082d0   0x080082d0   0x00000012   Code   RO         7549    i.USBH_GetNextDesc  usbh_ctlreq.o
    0x080082e2   0x080082e2   0x0000002e   Code   RO         7550    i.USBH_Get_CfgDesc  usbh_ctlreq.o
    0x08008310   0x08008310   0x0000002e   Code   RO         7551    i.USBH_Get_DevDesc  usbh_ctlreq.o
    0x0800833e   0x0800833e   0x00000036   Code   RO         7552    i.USBH_Get_StringDesc  usbh_ctlreq.o
    0x08008374   0x08008374   0x000001f0   Code   RO         7553    i.USBH_HandleControl  usbh_ctlreq.o
    0x08008564   0x08008564   0x00000284   Code   RO         7410    i.USBH_HandleEnum   usbh_core.o
    0x080087e8   0x080087e8   0x0000001c   Code   RO         7411    i.USBH_HandleSof    usbh_core.o
    0x08008804   0x08008804   0x00000064   Code   RO         7412    i.USBH_Init         usbh_core.o
    0x08008868   0x08008868   0x00000008   Code   RO         7413    i.USBH_IsPortEnabled  usbh_core.o
    0x08008870   0x08008870   0x00000014   Code   RO         8006    i.USBH_LL_ClosePipe  usbh_conf.o
    0x08008884   0x08008884   0x00000030   Code   RO         7414    i.USBH_LL_Connect   usbh_core.o
    0x080088b4   0x080088b4   0x00000068   Code   RO         7415    i.USBH_LL_Disconnect  usbh_core.o
    0x0800891c   0x0800891c   0x00000010   Code   RO         8008    i.USBH_LL_DriverVBUS  usbh_conf.o
    0x0800892c   0x0800892c   0x00000012   Code   RO         8009    i.USBH_LL_GetLastXferSize  usbh_conf.o
    0x0800893e   0x0800893e   0x00000030   Code   RO         8010    i.USBH_LL_GetSpeed  usbh_conf.o
    0x0800896e   0x0800896e   0x00000002   PAD
    0x08008970   0x08008970   0x00000034   Code   RO         8011    i.USBH_LL_GetToggle  usbh_conf.o
    0x080089a4   0x080089a4   0x00000012   Code   RO         8012    i.USBH_LL_GetURBState  usbh_conf.o
    0x080089b6   0x080089b6   0x00000016   Code   RO         7416    i.USBH_LL_IncTimer  usbh_core.o
    0x080089cc   0x080089cc   0x00000050   Code   RO         8013    i.USBH_LL_Init      usbh_conf.o
    0x08008a1c   0x08008a1c   0x0000002c   Code   RO         8014    i.USBH_LL_OpenPipe  usbh_conf.o
    0x08008a48   0x08008a48   0x00000008   Code   RO         7417    i.USBH_LL_PortDisabled  usbh_core.o
    0x08008a50   0x08008a50   0x00000008   Code   RO         7418    i.USBH_LL_PortEnabled  usbh_core.o
    0x08008a58   0x08008a58   0x00000010   Code   RO         8015    i.USBH_LL_ResetPort  usbh_conf.o
    0x08008a68   0x08008a68   0x00000006   Code   RO         7419    i.USBH_LL_SetTimer  usbh_core.o
    0x08008a6e   0x08008a6e   0x00000002   PAD
    0x08008a70   0x08008a70   0x00000034   Code   RO         8016    i.USBH_LL_SetToggle  usbh_conf.o
    0x08008aa4   0x08008aa4   0x00000010   Code   RO         8017    i.USBH_LL_Start     usbh_conf.o
    0x08008ab4   0x08008ab4   0x00000010   Code   RO         8018    i.USBH_LL_Stop      usbh_conf.o
    0x08008ac4   0x08008ac4   0x0000002e   Code   RO         8019    i.USBH_LL_SubmitURB  usbh_conf.o
    0x08008af2   0x08008af2   0x0000003c   Code   RO         7879    i.USBH_MSC_BOT_Abort  usbh_msc_bot.o
    0x08008b2e   0x08008b2e   0x00000002   PAD
    0x08008b30   0x08008b30   0x00000028   Code   RO         7880    i.USBH_MSC_BOT_Init  usbh_msc_bot.o
    0x08008b58   0x08008b58   0x0000026e   Code   RO         7881    i.USBH_MSC_BOT_Process  usbh_msc_bot.o
    0x08008dc6   0x08008dc6   0x00000024   Code   RO         7882    i.USBH_MSC_BOT_REQ_GetMaxLUN  usbh_msc_bot.o
    0x08008dea   0x08008dea   0x00000020   Code   RO         7883    i.USBH_MSC_BOT_REQ_Reset  usbh_msc_bot.o
    0x08008e0a   0x08008e0a   0x00000002   PAD
    0x08008e0c   0x08008e0c   0x000000cc   Code   RO         7782    i.USBH_MSC_ClassRequest  usbh_msc.o
    0x08008ed8   0x08008ed8   0x00000058   Code   RO         7884    i.USBH_MSC_DecodeCSW  usbh_msc_bot.o
    0x08008f30   0x08008f30   0x00000038   Code   RO         7783    i.USBH_MSC_GetLUNInfo  usbh_msc.o
    0x08008f68   0x08008f68   0x0000005a   Code   RO         7785    i.USBH_MSC_InterfaceDeInit  usbh_msc.o
    0x08008fc2   0x08008fc2   0x000001c0   Code   RO         7786    i.USBH_MSC_InterfaceInit  usbh_msc.o
    0x08009182   0x08009182   0x00000002   PAD
    0x08009184   0x08009184   0x00000740   Code   RO         7788    i.USBH_MSC_Process  usbh_msc.o
    0x080098c4   0x080098c4   0x00000234   Code   RO         7789    i.USBH_MSC_RdWrProcess  usbh_msc.o
    0x08009af8   0x08009af8   0x0000009c   Code   RO         7790    i.USBH_MSC_Read     usbh_msc.o
    0x08009b94   0x08009b94   0x00000100   Code   RO         7938    i.USBH_MSC_SCSI_Inquiry  usbh_msc_scsi.o
    0x08009c94   0x08009c94   0x000000a6   Code   RO         7939    i.USBH_MSC_SCSI_Read  usbh_msc_scsi.o
    0x08009d3a   0x08009d3a   0x000000a8   Code   RO         7940    i.USBH_MSC_SCSI_ReadCapacity  usbh_msc_scsi.o
    0x08009de2   0x08009de2   0x000000b2   Code   RO         7941    i.USBH_MSC_SCSI_RequestSense  usbh_msc_scsi.o
    0x08009e94   0x08009e94   0x00000062   Code   RO         7942    i.USBH_MSC_SCSI_TestUnitReady  usbh_msc_scsi.o
    0x08009ef6   0x08009ef6   0x000000a6   Code   RO         7943    i.USBH_MSC_SCSI_Write  usbh_msc_scsi.o
    0x08009f9c   0x08009f9c   0x00000006   Code   RO         7791    i.USBH_MSC_SOFProcess  usbh_msc.o
    0x08009fa2   0x08009fa2   0x0000009c   Code   RO         7793    i.USBH_MSC_Write    usbh_msc.o
    0x0800a03e   0x0800a03e   0x0000002a   Code   RO         7739    i.USBH_OpenPipe     usbh_pipes.o
    0x0800a068   0x0800a068   0x000000da   Code   RO         7554    i.USBH_ParseCfgDesc  usbh_ctlreq.o
    0x0800a142   0x0800a142   0x00000058   Code   RO         7555    i.USBH_ParseDevDesc  usbh_ctlreq.o
    0x0800a19a   0x0800a19a   0x00000020   Code   RO         7556    i.USBH_ParseEPDesc  usbh_ctlreq.o
    0x0800a1ba   0x0800a1ba   0x00000026   Code   RO         7557    i.USBH_ParseInterfaceDesc  usbh_ctlreq.o
    0x0800a1e0   0x0800a1e0   0x00000036   Code   RO         7558    i.USBH_ParseStringDesc  usbh_ctlreq.o
    0x0800a216   0x0800a216   0x00000002   PAD
    0x0800a218   0x0800a218   0x000003b0   Code   RO         7420    i.USBH_Process      usbh_core.o
    0x0800a5c8   0x0800a5c8   0x00000094   Code   RO         7422    i.USBH_RegisterClass  usbh_core.o
    0x0800a65c   0x0800a65c   0x00000114   Code   RO         7423    i.USBH_SelectInterface  usbh_core.o
    0x0800a770   0x0800a770   0x00000028   Code   RO         7559    i.USBH_SetAddress   usbh_ctlreq.o
    0x0800a798   0x0800a798   0x00000028   Code   RO         7560    i.USBH_SetCfg       usbh_ctlreq.o
    0x0800a7c0   0x0800a7c0   0x00000028   Code   RO         7561    i.USBH_SetFeature   usbh_ctlreq.o
    0x0800a7e8   0x0800a7e8   0x00000016   Code   RO         7424    i.USBH_Start        usbh_core.o
    0x0800a7fe   0x0800a7fe   0x00000002   PAD
    0x0800a800   0x0800a800   0x000000cc   Code   RO          773    i.USBH_UserProcess  main.o
    0x0800a8cc   0x0800a8cc   0x00000004   Code   RO         8161    i.USBH_initialize   usbh_diskio_dma.o
    0x0800a8d0   0x0800a8d0   0x00000100   Code   RO         8162    i.USBH_ioctl        usbh_diskio_dma.o
    0x0800a9d0   0x0800a9d0   0x000000b4   Code   RO         8163    i.USBH_read         usbh_diskio_dma.o
    0x0800aa84   0x0800aa84   0x000000f0   Code   RO         8165    i.USBH_write        usbh_diskio_dma.o
    0x0800ab74   0x0800ab74   0x00000078   Code   RO         4776    i.USB_CoreInit      stm32f7xx_ll_usb.o
    0x0800abec   0x0800abec   0x0000004c   Code   RO         4777    i.USB_CoreReset     stm32f7xx_ll_usb.o
    0x0800ac38   0x0800ac38   0x0000000e   Code   RO         4784    i.USB_DisableGlobalInt  stm32f7xx_ll_usb.o
    0x0800ac46   0x0800ac46   0x00000002   PAD
    0x0800ac48   0x0800ac48   0x00000044   Code   RO         4785    i.USB_DoPing        stm32f7xx_ll_usb.o
    0x0800ac8c   0x0800ac8c   0x0000004a   Code   RO         4786    i.USB_DriveVbus     stm32f7xx_ll_usb.o
    0x0800acd6   0x0800acd6   0x0000000e   Code   RO         4792    i.USB_EnableGlobalInt  stm32f7xx_ll_usb.o
    0x0800ace4   0x0800ace4   0x0000002c   Code   RO         4793    i.USB_FlushRxFifo   stm32f7xx_ll_usb.o
    0x0800ad10   0x0800ad10   0x00000030   Code   RO         4794    i.USB_FlushTxFifo   stm32f7xx_ll_usb.o
    0x0800ad40   0x0800ad40   0x0000000e   Code   RO         4795    i.USB_GetCurrentFrame  stm32f7xx_ll_usb.o
    0x0800ad4e   0x0800ad4e   0x00000018   Code   RO         4797    i.USB_GetHostSpeed  stm32f7xx_ll_usb.o
    0x0800ad66   0x0800ad66   0x0000000a   Code   RO         4798    i.USB_GetMode       stm32f7xx_ll_usb.o
    0x0800ad70   0x0800ad70   0x00000176   Code   RO         4799    i.USB_HC_Halt       stm32f7xx_ll_usb.o
    0x0800aee6   0x0800aee6   0x000001b6   Code   RO         4800    i.USB_HC_Init       stm32f7xx_ll_usb.o
    0x0800b09c   0x0800b09c   0x0000000e   Code   RO         4801    i.USB_HC_ReadInterrupt  stm32f7xx_ll_usb.o
    0x0800b0aa   0x0800b0aa   0x00000002   PAD
    0x0800b0ac   0x0800b0ac   0x000001d4   Code   RO         4802    i.USB_HC_StartXfer  stm32f7xx_ll_usb.o
    0x0800b280   0x0800b280   0x00000028   Code   RO          774    i.USB_HOST_Init     main.o
    0x0800b2a8   0x0800b2a8   0x000000f0   Code   RO         4803    i.USB_HostInit      stm32f7xx_ll_usb.o
    0x0800b398   0x0800b398   0x00000044   Code   RO         4804    i.USB_InitFSLSPClkSel  stm32f7xx_ll_usb.o
    0x0800b3dc   0x0800b3dc   0x0000000a   Code   RO         4809    i.USB_ReadInterrupts  stm32f7xx_ll_usb.o
    0x0800b3e6   0x0800b3e6   0x00000022   Code   RO         4810    i.USB_ReadPacket    stm32f7xx_ll_usb.o
    0x0800b408   0x0800b408   0x0000003c   Code   RO         4811    i.USB_ResetPort     stm32f7xx_ll_usb.o
    0x0800b444   0x0800b444   0x00000036   Code   RO         4812    i.USB_SetCurrentMode  stm32f7xx_ll_usb.o
    0x0800b47a   0x0800b47a   0x000000b4   Code   RO         4817    i.USB_StopHost      stm32f7xx_ll_usb.o
    0x0800b52e   0x0800b52e   0x0000003c   Code   RO         4818    i.USB_WritePacket   stm32f7xx_ll_usb.o
    0x0800b56a   0x0800b56a   0x00000004   Code   RO         1392    i.UsageFault_Handler  stm32f7xx_it.o
    0x0800b56e   0x0800b56e   0x0000002e   Code   RO          368    i.W25QXX_Erase_Sector  w25q256.o
    0x0800b59c   0x0800b59c   0x00000074   Code   RO          369    i.W25QXX_Init       w25q256.o
    0x0800b610   0x0800b610   0x00000044   Code   RO          371    i.W25QXX_Qspi_Enable  w25q256.o
    0x0800b654   0x0800b654   0x0000002c   Code   RO          372    i.W25QXX_Read       w25q256.o
    0x0800b680   0x0800b680   0x00000060   Code   RO          373    i.W25QXX_ReadID     w25q256.o
    0x0800b6e0   0x0800b6e0   0x00000074   Code   RO          374    i.W25QXX_ReadSR     w25q256.o
    0x0800b754   0x0800b754   0x00000014   Code   RO          375    i.W25QXX_Wait_Busy  w25q256.o
    0x0800b768   0x0800b768   0x000000b8   Code   RO          376    i.W25QXX_Write      w25q256.o
    0x0800b820   0x0800b820   0x0000003c   Code   RO          378    i.W25QXX_Write_Enable  w25q256.o
    0x0800b85c   0x0800b85c   0x00000046   Code   RO          379    i.W25QXX_Write_NoCheck  w25q256.o
    0x0800b8a2   0x0800b8a2   0x00000034   Code   RO          380    i.W25QXX_Write_Page  w25q256.o
    0x0800b8d6   0x0800b8d6   0x00000002   PAD
    0x0800b8d8   0x0800b8d8   0x0000006c   Code   RO          381    i.W25QXX_Write_SR   w25q256.o
    0x0800b944   0x0800b944   0x00000020   Code   RO         8452    i.__0printf$5       mc_w.l(printf5.o)
    0x0800b964   0x0800b964   0x00000010   Code   RO         1567    i.__NVIC_GetPriorityGrouping  stm32f7xx_hal_cortex.o
    0x0800b974   0x0800b974   0x00000028   Code   RO         1568    i.__NVIC_SetPriority  stm32f7xx_hal_cortex.o
    0x0800b99c   0x0800b99c   0x0000000e   Code   RO         8620    i.__scatterload_copy  mc_w.l(handlers.o)
    0x0800b9aa   0x0800b9aa   0x00000002   Code   RO         8621    i.__scatterload_null  mc_w.l(handlers.o)
    0x0800b9ac   0x0800b9ac   0x0000000e   Code   RO         8622    i.__scatterload_zeroinit  mc_w.l(handlers.o)
    0x0800b9ba   0x0800b9ba   0x00000002   PAD
    0x0800b9bc   0x0800b9bc   0x000002c0   Code   RO         8459    i._printf_core      mc_w.l(printf5.o)
    0x0800bc7c   0x0800bc7c   0x0000008a   Code   RO         6794    i.change_bitmap     ff.o
    0x0800bd06   0x0800bd06   0x00000002   PAD
    0x0800bd08   0x0800bd08   0x0000009c   Code   RO         6795    i.check_fs          ff.o
    0x0800bda4   0x0800bda4   0x00000014   Code   RO         6796    i.chk_chr           ff.o
    0x0800bdb8   0x0800bdb8   0x00000062   Code   RO         6797    i.clmt_clust        ff.o
    0x0800be1a   0x0800be1a   0x0000001a   Code   RO         6798    i.clst2sect         ff.o
    0x0800be34   0x0800be34   0x00000098   Code   RO         6799    i.cmp_lfn           ff.o
    0x0800becc   0x0800becc   0x000001cc   Code   RO         6800    i.create_chain      ff.o
    0x0800c098   0x0800c098   0x00000254   Code   RO         6801    i.create_name       ff.o
    0x0800c2ec   0x0800c2ec   0x00000092   Code   RO         6802    i.create_xdir       ff.o
    0x0800c37e   0x0800c37e   0x00000002   PAD
    0x0800c380   0x0800c380   0x00000034   Code   RO         6803    i.dbc_1st           ff.o
    0x0800c3b4   0x0800c3b4   0x00000048   Code   RO         6804    i.dbc_2nd           ff.o
    0x0800c3fc   0x0800c3fc   0x00000014   Code   RO          689    i.delay_init        delay.o
    0x0800c410   0x0800c410   0x00000048   Code   RO          690    i.delay_us          delay.o
    0x0800c458   0x0800c458   0x0000007c   Code   RO         6805    i.dir_alloc         ff.o
    0x0800c4d4   0x0800c4d4   0x000000c6   Code   RO         6806    i.dir_clear         ff.o
    0x0800c59a   0x0800c59a   0x000001a8   Code   RO         6807    i.dir_find          ff.o
    0x0800c742   0x0800c742   0x000000e0   Code   RO         6808    i.dir_next          ff.o
    0x0800c822   0x0800c822   0x00000102   Code   RO         6809    i.dir_read          ff.o
    0x0800c924   0x0800c924   0x00000224   Code   RO         6810    i.dir_register      ff.o
    0x0800cb48   0x0800cb48   0x000000aa   Code   RO         6812    i.dir_sdi           ff.o
    0x0800cbf2   0x0800cbf2   0x0000003e   Code   RO         6713    i.disk_initialize   diskio.o
    0x0800cc30   0x0800cc30   0x000000b0   Code   RO         6714    i.disk_ioctl        diskio.o
    0x0800cce0   0x0800cce0   0x0000007c   Code   RO         6715    i.disk_read         diskio.o
    0x0800cd5c   0x0800cd5c   0x00000006   Code   RO         6716    i.disk_status       diskio.o
    0x0800cd62   0x0800cd62   0x0000008c   Code   RO         6717    i.disk_write        diskio.o
    0x0800cdee   0x0800cdee   0x0000004a   Code   RO         7325    i.exf_getfree       exfuns.o
    0x0800ce38   0x0800ce38   0x00000084   Code   RO         7326    i.exfuns_init       exfuns.o
    0x0800cebc   0x0800cebc   0x00000022   Code   RO         6813    i.f_close           ff.o
    0x0800cede   0x0800cede   0x00000160   Code   RO         6815    i.f_getfree         ff.o
    0x0800d03e   0x0800d03e   0x00000002   PAD
    0x0800d040   0x0800d040   0x00000054   Code   RO         6821    i.f_mount           ff.o
    0x0800d094   0x0800d094   0x00000304   Code   RO         6822    i.f_open            ff.o
    0x0800d398   0x0800d398   0x00000228   Code   RO         6827    i.f_read            ff.o
    0x0800d5c0   0x0800d5c0   0x000001a8   Code   RO         6832    i.f_sync            ff.o
    0x0800d768   0x0800d768   0x0000000e   Code   RO         7253    i.ff_memalloc       ffsystem.o
    0x0800d776   0x0800d776   0x0000000e   Code   RO         7254    i.ff_memfree        ffsystem.o
    0x0800d784   0x0800d784   0x00000088   Code   RO         7283    i.ff_oem2uni        ffunicode.o
    0x0800d80c   0x0800d80c   0x00000084   Code   RO         7284    i.ff_uni2oem        ffunicode.o
    0x0800d890   0x0800d890   0x000000b0   Code   RO         7285    i.ff_wtoupper       ffunicode.o
    0x0800d940   0x0800d940   0x00000036   Code   RO         6836    i.fill_first_frag   ff.o
    0x0800d976   0x0800d976   0x00000044   Code   RO         6837    i.fill_last_frag    ff.o
    0x0800d9ba   0x0800d9ba   0x000000a4   Code   RO         6838    i.find_bitmap       ff.o
    0x0800da5e   0x0800da5e   0x00000002   PAD
    0x0800da60   0x0800da60   0x000004cc   Code   RO         6839    i.find_volume       ff.o
    0x0800df2c   0x0800df2c   0x000000c4   Code   RO         6840    i.follow_path       ff.o
    0x0800dff0   0x0800dff0   0x00000044   Code   RO         8210    i.font_init         fontupd.o
    0x0800e034   0x0800e034   0x0000001c   Code   RO         1328    i.fputc             usart.o
    0x0800e050   0x0800e050   0x00000094   Code   RO         8211    i.fupd_prog         fontupd.o
    0x0800e0e4   0x0800e0e4   0x000000cc   Code   RO         6841    i.gen_numname       ff.o
    0x0800e1b0   0x0800e1b0   0x00000190   Code   RO         6842    i.get_fat           ff.o
    0x0800e340   0x0800e340   0x00000004   Code   RO         6718    i.get_fattime       diskio.o
    0x0800e344   0x0800e344   0x0000004e   Code   RO         6844    i.get_ldnumber      ff.o
    0x0800e392   0x0800e392   0x00000032   Code   RO         6846    i.init_alloc_info   ff.o
    0x0800e3c4   0x0800e3c4   0x00000026   Code   RO         6847    i.ld_clust          ff.o
    0x0800e3ea   0x0800e3ea   0x00000018   Code   RO         6848    i.ld_dword          ff.o
    0x0800e402   0x0800e402   0x00000062   Code   RO         6849    i.ld_qword          ff.o
    0x0800e464   0x0800e464   0x0000000c   Code   RO         6850    i.ld_word           ff.o
    0x0800e470   0x0800e470   0x00000040   Code   RO         6851    i.load_obj_xdir     ff.o
    0x0800e4b0   0x0800e4b0   0x0000010e   Code   RO         6852    i.load_xdir         ff.o
    0x0800e5be   0x0800e5be   0x00000002   PAD
    0x0800e5c0   0x0800e5c0   0x00000338   Code   RO          775    i.main              main.o
    0x0800e8f8   0x0800e8f8   0x00000024   Code   RO         6853    i.mem_cmp           ff.o
    0x0800e91c   0x0800e91c   0x0000001a   Code   RO         6854    i.mem_cpy           ff.o
    0x0800e936   0x0800e936   0x00000012   Code   RO         6855    i.mem_set           ff.o
    0x0800e948   0x0800e948   0x00000034   Code   RO         6856    i.move_window       ff.o
    0x0800e97c   0x0800e97c   0x0000006c   Code   RO          482    i.my_mem_free       malloc.o
    0x0800e9e8   0x0800e9e8   0x0000002c   Code   RO          483    i.my_mem_init       malloc.o
    0x0800ea14   0x0800ea14   0x000000a8   Code   RO          484    i.my_mem_malloc     malloc.o
    0x0800eabc   0x0800eabc   0x00000040   Code   RO          485    i.my_mem_perused    malloc.o
    0x0800eafc   0x0800eafc   0x00000024   Code   RO          486    i.myfree            malloc.o
    0x0800eb20   0x0800eb20   0x00000028   Code   RO          487    i.mymalloc          malloc.o
    0x0800eb48   0x0800eb48   0x00000014   Code   RO          489    i.mymemset          malloc.o
    0x0800eb5c   0x0800eb5c   0x00000088   Code   RO         6857    i.pick_lfn          ff.o
    0x0800ebe4   0x0800ebe4   0x00000144   Code   RO         6858    i.put_fat           ff.o
    0x0800ed28   0x0800ed28   0x00000080   Code   RO         6859    i.put_lfn           ff.o
    0x0800eda8   0x0800eda8   0x00000028   Code   RO         1177    i.read_sdinfo       sdmmc.o
    0x0800edd0   0x0800edd0   0x0000014a   Code   RO         6864    i.remove_chain      ff.o
    0x0800ef1a   0x0800ef1a   0x00000024   Code   RO         6865    i.st_clust          ff.o
    0x0800ef3e   0x0800ef3e   0x00000018   Code   RO         6866    i.st_dword          ff.o
    0x0800ef56   0x0800ef56   0x0000005c   Code   RO         6867    i.st_qword          ff.o
    0x0800efb2   0x0800efb2   0x0000000c   Code   RO         6868    i.st_word           ff.o
    0x0800efbe   0x0800efbe   0x00000072   Code   RO         6869    i.store_xdir        ff.o
    0x0800f030   0x0800f030   0x00000020   Code   RO         6870    i.sum_sfn           ff.o
    0x0800f050   0x0800f050   0x00000090   Code   RO         6871    i.sync_fs           ff.o
    0x0800f0e0   0x0800f0e0   0x0000004a   Code   RO         6872    i.sync_window       ff.o
    0x0800f12a   0x0800f12a   0x0000004c   Code   RO         6873    i.tchar2uni         ff.o
    0x0800f176   0x0800f176   0x00000002   PAD
    0x0800f178   0x0800f178   0x00000180   Code   RO         8212    i.updata_fontx      fontupd.o
    0x0800f2f8   0x0800f2f8   0x000001dc   Code   RO         8213    i.update_font       fontupd.o
    0x0800f4d4   0x0800f4d4   0x0000003c   Code   RO         6874    i.validate          ff.o
    0x0800f510   0x0800f510   0x0000003a   Code   RO         6875    i.xdir_sum          ff.o
    0x0800f54a   0x0800f54a   0x0000004c   Code   RO         6876    i.xname_sum         ff.o
    0x0800f596   0x0800f596   0x00004740   Data   RO          299    .constdata          lcd.o
    0x08013cd6   0x08013cd6   0x00000002   PAD
    0x08013cd8   0x08013cd8   0x00000024   Data   RO          496    .constdata          malloc.o
    0x08013cfc   0x08013cfc   0x00000008   Data   RO         5547    .constdata          stm32f7xx_hal_dma.o
    0x08013d04   0x08013d04   0x00000018   Data   RO         6678    .constdata          system_stm32f7xx.o
    0x08013d1c   0x08013d1c   0x00000046   Data   RO         6879    .constdata          ff.o
    0x08013d62   0x08013d62   0x000002ae   Data   RO         7286    .constdata          ffunicode.o
    0x08014010   0x08014010   0x00000028   Data   RO         8215    .constdata          fontupd.o
    0x08014038   0x08014038   0x00000004   Data   RO         7794    .conststring        usbh_msc.o
    0x0801403c   0x0801403c   0x000000db   Data   RO         8216    .conststring        fontupd.o
    0x08014117   0x08014117   0x00000001   PAD
    0x08014118   0x08014118   0x00000020   Data   RO         8618    Region$$Table       anon$$obj.o


    Execution Region RW_IRAM1 (Exec base: 0x20020000, Load base: 0x08014138, Size: 0x0002d118, Max: 0x00060000, ABSOLUTE)

    Exec Addr    Load Addr    Size         Type   Attr      Idx    E Section Name        Object

    0x20020000   0x08014138   0x00000001   Data   RW           14    .data               key.o
    0x20020001   0x08014139   0x00000003   PAD
    0x20020004   0x0801413c   0x00000008   Data   RW          300    .data               lcd.o
    0x2002000c   0x08014144   0x00000003   Data   RW          383    .data               w25q256.o
    0x2002000f   0x08014147   0x00000001   PAD
    0x20020010   0x08014148   0x00000024   Data   RW          497    .data               malloc.o
    0x20020034   0x0801416c   0x00000004   Data   RW          691    .data               delay.o
    0x20020038   0x08014170   0x00000008   Data   RW          949    .data               fmc.o
    0x20020040   0x08014178   0x00000008   Data   RW         1020    .data               ltdc.o
    0x20020048   0x08014180   0x00000002   Data   RW         1179    .data               sdmmc.o
    0x2002004a   0x08014182   0x00000004   Data   RW         1330    .data               usart.o
    0x2002004e   0x08014186   0x00000002   PAD
    0x20020050   0x08014188   0x00000004   Data   RW         4819    .data               stm32f7xx_ll_usb.o
    0x20020054   0x0801418c   0x00000009   Data   RW         5926    .data               stm32f7xx_hal.o
    0x2002005d   0x08014195   0x00000003   PAD
    0x20020060   0x08014198   0x00000004   Data   RW         6679    .data               system_stm32f7xx.o
    0x20020064   0x0801419c   0x00000002   Data   RW         6880    .data               ff.o
    0x20020066   0x0801419e   0x00000002   PAD
    0x20020068   0x080141a0   0x00000014   Data   RW         7331    .data               exfuns.o
    0x2002007c   0x080141b4   0x00000020   Data   RW         7795    .data               usbh_msc.o
    0x2002009c   0x080141d4   0x00000004   Data   RW         8594    .data               mc_w.l(stdout.o)
    0x200200a0        -       0x00001000   Zero   RW          382    .bss                w25q256.o
    0x200210a0   0x080141d8   0x00000020   PAD
    0x200210c0        -       0x0002a800   Zero   RW          495    .bss                malloc.o
    0x2004b8c0        -       0x00000508   Zero   RW          777    .bss                main.o
    0x2004bdc8        -       0x00000074   Zero   RW          948    .bss                fmc.o
    0x2004be3c        -       0x000000c8   Zero   RW         1019    .bss                ltdc.o
    0x2004bf04        -       0x0000004c   Zero   RW         1110    .bss                quadspi.o
    0x2004bf50        -       0x00000364   Zero   RW         1178    .bss                sdmmc.o
    0x2004c2b4        -       0x00000040   Zero   RW         1280    .bss                tim.o
    0x2004c2f4        -       0x000001a4   Zero   RW         1329    .bss                usart.o
    0x2004c498        -       0x00000010   Zero   RW         6878    .bss                ff.o
    0x2004c4a8        -       0x00000180   Zero   RW         7328    .bss                exfuns.o
    0x2004c628        -       0x000002c4   Zero   RW         8020    .bss                usbh_conf.o
    0x2004c8ec        -       0x00000029   Zero   RW         8214    .bss                fontupd.o
    0x2004c915   0x080141d8   0x00000003   PAD
    0x2004c918        -       0x00000800   Zero   RW            1    STACK               startup_stm32f767xx.o



  Load Region LR$$.ARM.__AT_0x20000000 (Base: 0x20000000, Size: 0x00000000, Max: 0x0000f000, ABSOLUTE)

    Execution Region ER$$.ARM.__AT_0x20000000 (Exec base: 0x20000000, Load base: 0x20000000, Size: 0x0000f000, Max: 0x0000f000, ABSOLUTE, UNINIT)

    Exec Addr    Load Addr    Size         Type   Attr      Idx    E Section Name        Object

    0x20000000        -       0x0000f000   Zero   RW          491    .ARM.__AT_0x20000000  malloc.o



  Load Region LR$$.ARM.__AT_0x2000F000 (Base: 0x2000f000, Size: 0x00000000, Max: 0x00000f00, ABSOLUTE)

    Execution Region ER$$.ARM.__AT_0x2000F000 (Exec base: 0x2000f000, Load base: 0x2000f000, Size: 0x00000f00, Max: 0x00000f00, ABSOLUTE, UNINIT)

    Exec Addr    Load Addr    Size         Type   Attr      Idx    E Section Name        Object

    0x2000f000        -       0x00000f00   Zero   RW          492    .ARM.__AT_0x2000F000  malloc.o



  Load Region LR$$.ARM.__AT_0xC0000000 (Base: 0xc0000000, Size: 0x00000000, Max: 0x001f4000, ABSOLUTE)

    Execution Region ER$$.ARM.__AT_0xC0000000 (Exec base: 0xc0000000, Load base: 0xc0000000, Size: 0x001f4000, Max: 0x001f4000, ABSOLUTE, UNINIT)

    Exec Addr    Load Addr    Size         Type   Attr      Idx    E Section Name        Object

    0xc0000000        -       0x001f4000   Zero   RW         1018    .ARM.__AT_0xC0000000  ltdc.o



  Load Region LR$$.ARM.__AT_0xC01F4000 (Base: 0xc01f4000, Size: 0x00000000, Max: 0x01c3c000, ABSOLUTE)

    Execution Region ER$$.ARM.__AT_0xC01F4000 (Exec base: 0xc01f4000, Load base: 0xc01f4000, Size: 0x01c3c000, Max: 0x01c3c000, ABSOLUTE, UNINIT)

    Exec Addr    Load Addr    Size         Type   Attr      Idx    E Section Name        Object

    0xc01f4000        -       0x01c3c000   Zero   RW          493    .ARM.__AT_0xC01F4000  malloc.o



  Load Region LR$$.ARM.__AT_0xC1E30000 (Base: 0xc1e30000, Size: 0x00000000, Max: 0x001c3c00, ABSOLUTE)

    Execution Region ER$$.ARM.__AT_0xC1E30000 (Exec base: 0xc1e30000, Load base: 0xc1e30000, Size: 0x001c3c00, Max: 0x001c3c00, ABSOLUTE, UNINIT)

    Exec Addr    Load Addr    Size         Type   Attr      Idx    E Section Name        Object

    0xc1e30000        -       0x001c3c00   Zero   RW          494    .ARM.__AT_0xC1E30000  malloc.o


==============================================================================

Image component sizes


      Code (inc. data)   RO Data    RW Data    ZI Data      Debug   Object Name

        92          8          0          4          0       1248   delay.o
       512          6          0          0          0      16727   diskio.o
        68          4          0          0          0        694   dma.o
       206         18          0         20        384       2296   exfuns.o
     10876        118         70          2         16      66769   ff.o
        28          0          0          0          0       1035   ffsystem.o
       444         32        686          0          0       2672   ffunicode.o
       508         42          0          8        116       2850   fmc.o
      1076         60        259          0         41       4952   fontupd.o
       420         20          0          0          0       1147   gpio.o
       208         16          0          1          0     921783   key.o
       542         28      18240          8          0       3908   lcd.o
      1280        102          0          8    2048200       6859   ltdc.o
      1594        364          0          0       1288      50990   main.o
       480         54         36         36   31695616       6066   malloc.o
       760         52          0          0          0       4422   myiic.o
       216         10          0          0          0       2483   pcf8574.o
       460         42          0          0         76       3732   quadspi.o
       936        124          0          2        868       7696   sdmmc.o
       160         10          0          0          0       1770   sdram.o
        36          8        504          0       2048        812   startup_stm32f767xx.o
       200         34          0          9          0       8973   stm32f7xx_hal.o
       344         22          0          0          0      39821   stm32f7xx_hal_cortex.o
      1282         16          8          0          0       6581   stm32f7xx_hal_dma.o
       582         52          0          0          0       3588   stm32f7xx_hal_gpio.o
      4692          6          0          0          0      13045   stm32f7xx_hal_hcd.o
      1368          6          0          0          0       6968   stm32f7xx_hal_ltdc.o
        64          4          0          0          0        770   stm32f7xx_hal_msp.o
        82          0          0          0          0       1168   stm32f7xx_hal_nand.o
       144          8          0          0          0       1220   stm32f7xx_hal_pwr_ex.o
      1386          8          0          0          0       6812   stm32f7xx_hal_qspi.o
      1860         70          0          0          0       5344   stm32f7xx_hal_rcc.o
      1880         16          0          0          0       2184   stm32f7xx_hal_rcc_ex.o
      3486         26          0          0          0      18522   stm32f7xx_hal_sd.o
       162          0          0          0          0       2624   stm32f7xx_hal_sdram.o
      1158         56          0          0          0       9167   stm32f7xx_hal_tim.o
       126         10          0          0          0       2936   stm32f7xx_hal_tim_ex.o
      2586         64          0          0          0      11748   stm32f7xx_hal_uart.o
       188         40          0          0          0      41401   stm32f7xx_it.o
       460         10          0          0          0       5417   stm32f7xx_ll_fmc.o
      2090         40          0          0          0      23300   stm32f7xx_ll_sdmmc.o
      2506         58          0          4          0      17191   stm32f7xx_ll_usb.o
       100         18         24          4          0       1079   system_stm32f7xx.o
       638         14          0          0          0       3299   text.o
       220         28          0          0         64       2058   tim.o
       504         54          0          4        420       2922   usart.o
       734         30          0          0        708      13304   usbh_conf.o
      2528        742          0          0          0      11272   usbh_core.o
      1422         40          0          0          0      11990   usbh_ctlreq.o
       680        194          0          0          0       3179   usbh_diskio_dma.o
       226          0          0          0          0       4204   usbh_ioreq.o
      3536        444          4         32          0      13154   usbh_msc.o
       878         26          0          0          0       8264   usbh_msc_bot.o
      1032          0          0          0          0       7106   usbh_msc_scsi.o
       168          0          0          0          0       3730   usbh_pipes.o
       980         36          0          3       4096       7536   w25q256.o

    ----------------------------------------------------------------------
     61266       3290      19866        156   33753976    1432788   Object Totals
         0          0         32          0          0          0   (incl. Generated)
        72          0          3         11         35          0   (incl. Padding)

    ----------------------------------------------------------------------

      Code (inc. data)   RO Data    RW Data    ZI Data      Debug   Library Member Name

         0          0          0          0          0          0   entry.o
         0          0          0          0          0          0   entry10a.o
         0          0          0          0          0          0   entry11a.o
         8          4          0          0          0          0   entry2.o
         4          0          0          0          0          0   entry5.o
         0          0          0          0          0          0   entry7b.o
         0          0          0          0          0          0   entry8b.o
         8          4          0          0          0          0   entry9a.o
        30          0          0          0          0          0   handlers.o
        36          8          0          0          0         68   init.o
        30          0          0          0          0         68   llshl.o
        32          0          0          0          0         68   llushr.o
        36          0          0          0          0         68   memcpya.o
        36          0          0          0          0        108   memseta.o
       736         56          0          0          0        184   printf5.o
         0          0          0          4          0          0   stdout.o
        24          0          0          0          0         68   strcat.o
        18          0          0          0          0         68   strcpy.o
        98          0          0          0          0         92   uldiv.o

    ----------------------------------------------------------------------
      1100         72          0          4          0        792   Library Totals
         4          0          0          0          0          0   (incl. Padding)

    ----------------------------------------------------------------------

      Code (inc. data)   RO Data    RW Data    ZI Data      Debug   Library Name

      1096         72          0          4          0        792   mc_w.l

    ----------------------------------------------------------------------
      1100         72          0          4          0        792   Library Totals

    ----------------------------------------------------------------------

==============================================================================


      Code (inc. data)   RO Data    RW Data    ZI Data      Debug   

     62366       3362      19866        160   33753976    1388320   Grand Totals
     62366       3362      19866        160   33753976    1388320   ELF Image Totals
     62366       3362      19866        160          0          0   ROM Totals

==============================================================================

    Total RO  Size (Code + RO Data)                82232 (  80.30kB)
    Total RW  Size (RW Data + ZI Data)          33754136 (32963.02kB)
    Total ROM Size (Code + RO Data + RW Data)      82392 (  80.46kB)

==============================================================================

