Component: ARM Compiler 5.06 update 6 (build 750) Tool: armlink [4d35ed]

==============================================================================

Section Cross References

    startup_stm32f767xx.o(RESET) refers to startup_stm32f767xx.o(STACK) for __initial_sp
    startup_stm32f767xx.o(RESET) refers to startup_stm32f767xx.o(.text) for Reset_Handler
    startup_stm32f767xx.o(RESET) refers to stm32f7xx_it.o(i.NMI_Handler) for NMI_Handler
    startup_stm32f767xx.o(RESET) refers to stm32f7xx_it.o(i.HardFault_Handler) for HardFault_Handler
    startup_stm32f767xx.o(RESET) refers to stm32f7xx_it.o(i.MemManage_Handler) for MemManage_Handler
    startup_stm32f767xx.o(RESET) refers to stm32f7xx_it.o(i.BusFault_Handler) for BusFault_Handler
    startup_stm32f767xx.o(RESET) refers to stm32f7xx_it.o(i.UsageFault_Handler) for UsageFault_Handler
    startup_stm32f767xx.o(RESET) refers to port.o(.emb_text) for SVC_Handler
    startup_stm32f767xx.o(RESET) refers to stm32f7xx_it.o(i.DebugMon_Handler) for DebugMon_Handler
    startup_stm32f767xx.o(RESET) refers to stm32f7xx_it.o(i.SysTick_Handler) for SysTick_Handler
    startup_stm32f767xx.o(RESET) refers to stm32f7xx_it.o(i.TIM3_IRQHandler) for TIM3_IRQHandler
    startup_stm32f767xx.o(RESET) refers to stm32f7xx_it.o(i.USART1_IRQHandler) for USART1_IRQHandler
    startup_stm32f767xx.o(RESET) refers to sdmmc.o(i.SDMMC1_IRQHandler) for SDMMC1_IRQHandler
    startup_stm32f767xx.o(RESET) refers to stm32f7xx_it.o(i.DMA2_Stream2_IRQHandler) for DMA2_Stream2_IRQHandler
    startup_stm32f767xx.o(RESET) refers to sdmmc.o(i.DMA2_Stream3_IRQHandler) for DMA2_Stream3_IRQHandler
    startup_stm32f767xx.o(RESET) refers to usbh_conf.o(i.OTG_FS_IRQHandler) for OTG_FS_IRQHandler
    startup_stm32f767xx.o(RESET) refers to sdmmc.o(i.DMA2_Stream6_IRQHandler) for DMA2_Stream6_IRQHandler
    startup_stm32f767xx.o(RESET) refers to stm32f7xx_it.o(i.DMA2_Stream7_IRQHandler) for DMA2_Stream7_IRQHandler
    startup_stm32f767xx.o(RESET) refers to stm32f7xx_it.o(i.LTDC_IRQHandler) for LTDC_IRQHandler
    startup_stm32f767xx.o(.text) refers to system_stm32f7xx.o(i.SystemInit) for SystemInit
    startup_stm32f767xx.o(.text) refers to entry.o(.ARM.Collect$$$$00000000) for __main
    key.o(i.Key_Scan) refers to stm32f7xx_hal_gpio.o(i.HAL_GPIO_ReadPin) for HAL_GPIO_ReadPin
    key.o(i.Key_Scan) refers to stm32f7xx_hal.o(i.HAL_Delay) for HAL_Delay
    key.o(i.Key_Scan) refers to key.o(.data) for key_up
    sdram.o(i.SDRAM_Init) refers to sdram.o(i.SDRAM_Initialization_Sequence) for SDRAM_Initialization_Sequence
    sdram.o(i.SDRAM_Initialization_Sequence) refers to sdram.o(i.SDRAM_Send_Cmd) for SDRAM_Send_Cmd
    sdram.o(i.SDRAM_Initialization_Sequence) refers to stm32f7xx_hal.o(i.HAL_Delay) for HAL_Delay
    sdram.o(i.SDRAM_Initialization_Sequence) refers to stm32f7xx_hal_sdram.o(i.HAL_SDRAM_ProgramRefreshRate) for HAL_SDRAM_ProgramRefreshRate
    sdram.o(i.SDRAM_Initialization_Sequence) refers to fmc.o(.bss) for hsdram1
    sdram.o(i.SDRAM_Send_Cmd) refers to stm32f7xx_hal_sdram.o(i.HAL_SDRAM_SendCommand) for HAL_SDRAM_SendCommand
    sdram.o(i.SDRAM_Send_Cmd) refers to fmc.o(.bss) for hsdram1
    lcd.o(i.LTDC_DrawLine) refers to ltdc.o(i.LTDC_Draw_Point) for LTDC_Draw_Point
    lcd.o(i.LTDC_DrawLine) refers to lcd.o(.data) for POINT_COLOR
    lcd.o(i.LTDC_DrawRectangle) refers to lcd.o(i.LTDC_DrawLine) for LTDC_DrawLine
    lcd.o(i.LTDC_Draw_Circle) refers to ltdc.o(i.LTDC_Draw_Point) for LTDC_Draw_Point
    lcd.o(i.LTDC_Draw_Circle) refers to lcd.o(.data) for POINT_COLOR
    lcd.o(i.LTDC_ShowChar) refers to ltdc.o(i.LTDC_Draw_Point) for LTDC_Draw_Point
    lcd.o(i.LTDC_ShowChar) refers to lcd.o(.constdata) for asc2_1206
    lcd.o(i.LTDC_ShowChar) refers to lcd.o(.data) for POINT_COLOR
    lcd.o(i.LTDC_ShowChar) refers to ltdc.o(.bss) for lcdltdc
    lcd.o(i.LTDC_ShowNum) refers to lcd.o(i.LCD_Pow) for LCD_Pow
    lcd.o(i.LTDC_ShowNum) refers to lcd.o(i.LTDC_ShowChar) for LTDC_ShowChar
    lcd.o(i.LTDC_ShowString) refers to lcd.o(i.LTDC_ShowChar) for LTDC_ShowChar
    lcd.o(i.LTDC_ShowxNum) refers to lcd.o(i.LCD_Pow) for LCD_Pow
    lcd.o(i.LTDC_ShowxNum) refers to lcd.o(i.LTDC_ShowChar) for LTDC_ShowChar
    w25q256.o(i.W25QXX_Erase_Chip) refers to w25q256.o(i.W25QXX_Write_Enable) for W25QXX_Write_Enable
    w25q256.o(i.W25QXX_Erase_Chip) refers to w25q256.o(i.W25QXX_Wait_Busy) for W25QXX_Wait_Busy
    w25q256.o(i.W25QXX_Erase_Chip) refers to quadspi.o(i.QSPI_Send_CMD) for QSPI_Send_CMD
    w25q256.o(i.W25QXX_Erase_Sector) refers to w25q256.o(i.W25QXX_Write_Enable) for W25QXX_Write_Enable
    w25q256.o(i.W25QXX_Erase_Sector) refers to w25q256.o(i.W25QXX_Wait_Busy) for W25QXX_Wait_Busy
    w25q256.o(i.W25QXX_Erase_Sector) refers to quadspi.o(i.QSPI_Send_CMD) for QSPI_Send_CMD
    w25q256.o(i.W25QXX_Init) refers to w25q256.o(i.W25QXX_Qspi_Enable) for W25QXX_Qspi_Enable
    w25q256.o(i.W25QXX_Init) refers to w25q256.o(i.W25QXX_ReadID) for W25QXX_ReadID
[...]
    W25QXX_Qspi_Enable                       0x0800c269   Thumb Code    62  w25q256.o(i.W25QXX_Qspi_Enable)
    W25QXX_Read                              0x0800c2ad   Thumb Code    44  w25q256.o(i.W25QXX_Read)
    W25QXX_ReadID                            0x0800c2d9   Thumb Code    90  w25q256.o(i.W25QXX_ReadID)
    W25QXX_ReadSR                            0x0800c339   Thumb Code   110  w25q256.o(i.W25QXX_ReadSR)
    W25QXX_Wait_Busy                         0x0800c3ad   Thumb Code    20  w25q256.o(i.W25QXX_Wait_Busy)
    W25QXX_Write                             0x0800c3c1   Thumb Code   180  w25q256.o(i.W25QXX_Write)
    W25QXX_Write_Enable                      0x0800c479   Thumb Code    56  w25q256.o(i.W25QXX_Write_Enable)
    W25QXX_Write_NoCheck                     0x0800c4b5   Thumb Code    70  w25q256.o(i.W25QXX_Write_NoCheck)
    W25QXX_Write_Page                        0x0800c4fb   Thumb Code    52  w25q256.o(i.W25QXX_Write_Page)
    W25QXX_Write_SR                          0x0800c531   Thumb Code   104  w25q256.o(i.W25QXX_Write_SR)
    __0printf$5                              0x0800c59d   Thumb Code    22  printf5.o(i.__0printf$5)
    __1printf$5                              0x0800c59d   Thumb Code     0  printf5.o(i.__0printf$5)
    __2printf                                0x0800c59d   Thumb Code     0  printf5.o(i.__0printf$5)
    __scatterload_copy                       0x0800c5f5   Thumb Code    14  handlers.o(i.__scatterload_copy)
    __scatterload_null                       0x0800c603   Thumb Code     2  handlers.o(i.__scatterload_null)
    __scatterload_zeroinit                   0x0800c605   Thumb Code    14  handlers.o(i.__scatterload_zeroinit)
    ctp_test                                 0x0800cfd9   Thumb Code   202  gt9147.o(i.ctp_test)
    delay_init                               0x0800d12d   Thumb Code    16  delay.o(i.delay_init)
    delay_us                                 0x0800d141   Thumb Code    68  delay.o(i.delay_us)
    disk_initialize                          0x0800d923   Thumb Code    62  diskio.o(i.disk_initialize)
    disk_ioctl                               0x0800d961   Thumb Code   170  diskio.o(i.disk_ioctl)
    disk_read                                0x0800da11   Thumb Code   124  diskio.o(i.disk_read)
    disk_status                              0x0800da8d   Thumb Code     6  diskio.o(i.disk_status)
    disk_write                               0x0800da93   Thumb Code   140  diskio.o(i.disk_write)
    exf_getfree                              0x0800db1f   Thumb Code    74  exfuns.o(i.exf_getfree)
    exfuns_init                              0x0800db69   Thumb Code   114  exfuns.o(i.exfuns_init)
    f_close                                  0x0800dbed   Thumb Code    34  ff.o(i.f_close)
    f_getfree                                0x0800dc0f   Thumb Code   352  ff.o(i.f_getfree)
    f_mount                                  0x0800dd71   Thumb Code    80  ff.o(i.f_mount)
    f_open                                   0x0800ddc5   Thumb Code   772  ff.o(i.f_open)
    f_read                                   0x0800e0c9   Thumb Code   552  ff.o(i.f_read)
    f_sync                                   0x0800e2f1   Thumb Code   424  ff.o(i.f_sync)
    ff_memalloc                              0x0800e499   Thumb Code    14  ffsystem.o(i.ff_memalloc)
    ff_memfree                               0x0800e4a7   Thumb Code    14  ffsystem.o(i.ff_memfree)
    ff_oem2uni                               0x0800e4b5   Thumb Code   130  ffunicode.o(i.ff_oem2uni)
    ff_uni2oem                               0x0800e53d   Thumb Code   126  ffunicode.o(i.ff_uni2oem)
    ff_wtoupper                              0x0800e5c1   Thumb Code   166  ffunicode.o(i.ff_wtoupper)
    font_init                                0x0800ed21   Thumb Code    64  fontupd.o(i.font_init)
    fputc                                    0x0800ed65   Thumb Code    22  usart.o(i.fputc)
    fupd_prog                                0x0800ed81   Thumb Code   140  fontupd.o(i.fupd_prog)
    get_fattime                              0x0800f071   Thumb Code     4  diskio.o(i.get_fattime)
    gui_draw_hline                           0x0800f0c3   Thumb Code    36  gt9147.o(i.gui_draw_hline)
    gui_fill_circle                          0x0800f0e7   Thumb Code   176  gt9147.o(i.gui_fill_circle)
    lcd_draw_bline                           0x0800f1d9   Thumb Code   212  gt9147.o(i.lcd_draw_bline)
    main                                     0x0800f4a9   Thumb Code   586  main.o(i.main)
    my_mem_free                              0x0800f869   Thumb Code    96  malloc.o(i.my_mem_free)
    my_mem_init                              0x0800f8d5   Thumb Code    34  malloc.o(i.my_mem_init)
    my_mem_malloc                            0x0800f901   Thumb Code   156  malloc.o(i.my_mem_malloc)
    my_mem_perused                           0x0800f9a9   Thumb Code    56  malloc.o(i.my_mem_perused)
    myfree                                   0x0800f9e9   Thumb Code    30  malloc.o(i.myfree)
    mymalloc                                 0x0800fa0d   Thumb Code    34  malloc.o(i.mymalloc)
    mymemset                                 0x0800fa35   Thumb Code    20  malloc.o(i.mymemset)
    osDelay                                  0x0800fa49   Thumb Code    24  cmsis_os.o(i.osDelay)
    osKernelStart                            0x0800fa61   Thumb Code    10  cmsis_os.o(i.osKernelStart)
    osMessageCreate                          0x0800fa6b   Thumb Code    18  cmsis_os.o(i.osMessageCreate)
    osMessageGet                             0x0800fa7d   Thumb Code   150  cmsis_os.o(i.osMessageGet)
    osMessagePut                             0x0800fb19   Thumb Code    92  cmsis_os.o(i.osMessagePut)
    osSystickHandler                         0x0800fb79   Thumb Code    16  cmsis_os.o(i.osSystickHandler)
    osThreadCreate                           0x0800fb89   Thumb Code    48  cmsis_os.o(i.osThreadCreate)
    pvPortMalloc                             0x080103cd   Thumb Code   308  heap_4.o(i.pvPortMalloc)
    pxPortInitialiseStack                    0x08010515   Thumb Code    38  port.o(i.pxPortInitialiseStack)
    read_sdinfo                              0x08010541   Thumb Code    20  sdmmc.o(i.read_sdinfo)
    updata_fontx                             0x08010911   Thumb Code   374  fontupd.o(i.updata_fontx)
    update_font                              0x08010a91   Thumb Code   444  fontupd.o(i.update_font)
    uxListRemove                             0x08010c6d   Thumb Code    40  list.o(i.uxListRemove)
    vListInitialise                          0x08010c95   Thumb Code    26  list.o(i.vListInitialise)
    vListInitialiseItem                      0x08010caf   Thumb Code     6  list.o(i.vListInitialiseItem)
    vListInsert                              0x08010cb5   Thumb Code    52  list.o(i.vListInsert)
    vListInsertEnd                           0x08010ce9   Thumb Code    24  list.o(i.vListInsertEnd)
    vPortEnterCritical                       0x08010d01   Thumb Code    84  port.o(i.vPortEnterCritical)
    vPortExitCritical                        0x08010d5d   Thumb Code    60  port.o(i.vPortExitCritical)
    vPortFree                                0x08010d9d   Thumb Code   148  heap_4.o(i.vPortFree)
    vPortSetupTimerInterrupt                 0x08010e39   Thumb Code    36  port.o(i.vPortSetupTimerInterrupt)
    vPortValidateInterruptPriority           0x08010e61   Thumb Code   114  port.o(i.vPortValidateInterruptPriority)
    vTaskDelay                               0x08010ee1   Thumb Code    86  tasks.o(i.vTaskDelay)
    vTaskInternalSetTimeOutState             0x08010f41   Thumb Code    14  tasks.o(i.vTaskInternalSetTimeOutState)
    vTaskMissedYield                         0x08010f59   Thumb Code     8  tasks.o(i.vTaskMissedYield)
    vTaskPlaceOnEventList                    0x08010f65   Thumb Code    56  tasks.o(i.vTaskPlaceOnEventList)
    vTaskStartScheduler                      0x08010fa1   Thumb Code   116  tasks.o(i.vTaskStartScheduler)
    vTaskSuspendAll                          0x08011031   Thumb Code    12  tasks.o(i.vTaskSuspendAll)
    vTaskSwitchContext                       0x08011041   Thumb Code   122  tasks.o(i.vTaskSwitchContext)
    xPortStartScheduler                      0x0801110d   Thumb Code   252  port.o(i.xPortStartScheduler)
    xPortSysTickHandler                      0x08011221   Thumb Code    50  port.o(i.xPortSysTickHandler)
    xQueueGenericCreate                      0x08011259   Thumb Code    92  queue.o(i.xQueueGenericCreate)
    xQueueGenericReset                       0x080112b5   Thumb Code   150  queue.o(i.xQueueGenericReset)
    xQueueGenericSend                        0x08011351   Thumb Code   436  queue.o(i.xQueueGenericSend)
    xQueueGenericSendFromISR                 0x08011509   Thumb Code   264  queue.o(i.xQueueGenericSendFromISR)
    xQueueReceive                            0x08011611   Thumb Code   368  queue.o(i.xQueueReceive)
    xQueueReceiveFromISR                     0x08011785   Thumb Code   214  queue.o(i.xQueueReceiveFromISR)
    xTaskCheckForTimeOut                     0x0801185d   Thumb Code   140  tasks.o(i.xTaskCheckForTimeOut)
    xTaskCreate                              0x080118f1   Thumb Code    96  tasks.o(i.xTaskCreate)
    xTaskGetSchedulerState                   0x08011951   Thumb Code    24  tasks.o(i.xTaskGetSchedulerState)
    xTaskIncrementTick                       0x08011971   Thumb Code   286  tasks.o(i.xTaskIncrementTick)
    xTaskPriorityDisinherit                  0x08011abd   Thumb Code   196  tasks.o(i.xTaskPriorityDisinherit)
    xTaskRemoveFromEventList                 0x08011b8d   Thumb Code   132  tasks.o(i.xTaskRemoveFromEventList)
    xTaskResumeAll                           0x08011c29   Thumb Code   228  tasks.o(i.xTaskResumeAll)
    asc2_1206                                0x08011db6   Data        1140  lcd.o(.constdata)
    asc2_1608                                0x0801222a   Data        1520  lcd.o(.constdata)
    asc2_2412                                0x0801281a   Data        3420  lcd.o(.constdata)
    asc2_3216                                0x08013576   Data       12160  lcd.o(.constdata)
    memtblsize                               0x080164f8   Data          12  malloc.o(.constdata)
    memblksize                               0x08016504   Data          12  malloc.o(.constdata)
    memsize                                  0x08016510   Data          12  malloc.o(.constdata)
    AHBPrescTable                            0x08016538   Data          16  system_stm32f7xx.o(.constdata)
    APBPrescTable                            0x08016548   Data           8  system_stm32f7xx.o(.constdata)
    GBK_PATH                                 0x08016860   Data          20  fontupd.o(.constdata)
    UPDATE_REMIND_TBL                        0x08016874   Data          20  fontupd.o(.constdata)
    GT9147_CFG_TBL                           0x08016888   Data         184  gt9147.o(.constdata)
    GT9147_TPX_TBL                           0x08016940   Data          10  gt9147.o(.constdata)
    POINT_COLOR_TBL                          0x0801694a   Data          20  gt9147.o(.constdata)
    Region$$Table$$Base                      0x08016a58   Number         0  anon$$obj.o(Region$$Table)
    Region$$Table$$Limit                     0x08016a78   Number         0  anon$$obj.o(Region$$Table)
    mem3base                                 0x20000000   Data       61440  malloc.o(.ARM.__AT_0x20000000)
    mem3mapbase                              0x2000f000   Data        3840  malloc.o(.ARM.__AT_0x2000F000)
    POINT_COLOR                              0x20020004   Data           4  lcd.o(.data)
    BACK_COLOR                               0x20020008   Data           4  lcd.o(.data)
    W25QXX_TYPE                              0x2002000c   Data           2  w25q256.o(.data)
    W25QXX_QPI_MODE                          0x2002000e   Data           1  w25q256.o(.data)
    mallco_dev                               0x20020010   Data          36  malloc.o(.data)
    defaultTaskHandle                        0x20020040   Data           4  freertos.o(.data)
    ltdc_framebuf                            0x20020044   Data           8  ltdc.o(.data)
    aRecBuff                                 0x2002004e   Data           1  usart.o(.data)
    USART_RX_STA                             0x20020050   Data           2  usart.o(.data)
    uwTick                                   0x20020058   Data           4  stm32f7xx_hal.o(.data)
    uwTickPrio                               0x2002005c   Data           4  stm32f7xx_hal.o(.data)
    uwTickFreq                               0x20020060   Data           1  stm32f7xx_hal.o(.data)
    SystemCoreClock                          0x20020064   Data           4  system_stm32f7xx.o(.data)
    file                                     0x2002006c   Data           4  exfuns.o(.data)
    ftemp                                    0x20020070   Data           4  exfuns.o(.data)
    br                                       0x20020074   Data           4  exfuns.o(.data)
    bw                                       0x20020078   Data           4  exfuns.o(.data)
    fatbuf                                   0x2002007c   Data           4  exfuns.o(.data)
    USBH_msc                                 0x20020080   Data          32  usbh_msc.o(.data)
    pxCurrentTCB                             0x200200a4   Data           4  tasks.o(.data)
    __stdout                                 0x20020104   Data           4  stdout.o(.data)
    W25QXX_BUFFER                            0x20020108   Data        4096  w25q256.o(.bss)
    mem1base                                 0x20021140   Data       163840  malloc.o(.bss)
    mem1mapbase                              0x20049140   Data       10240  malloc.o(.bss)
    hUSBHost                                 0x2004b940   Data         728  main.o(.bss)
    fs1                                      0x2004bc18   Data         572  main.o(.bss)
    hnand1                                   0x2004be54   Data          64  fmc.o(.bss)
    hsdram1                                  0x2004be94   Data          52  fmc.o(.bss)
    lcdltdc                                  0x2004bec8   Data          32  ltdc.o(.bss)
    hltdc                                    0x2004bee8   Data         168  ltdc.o(.bss)
    hqspi                                    0x2004bf90   Data          76  quadspi.o(.bss)
    SDIO_DATA_BUFFER                         0x2004bfdc   Data         512  sdmmc.o(.bss)
    SDCardInfo                               0x2004c1dc   Data          32  sdmmc.o(.bss)
    hdma_sdmmc1_rx                           0x2004c1fc   Data          96  sdmmc.o(.bss)
    hdma_sdmmc1_tx                           0x2004c25c   Data          96  sdmmc.o(.bss)
    hsd1                                     0x2004c2bc   Data         132  sdmmc.o(.bss)
    htim3                                    0x2004c340   Data          64  tim.o(.bss)
    Uart1Buff                                0x2004c380   Data         100  usart.o(.bss)
    huart1                                   0x2004c3e4   Data         128  usart.o(.bss)
    hdma_usart1_rx                           0x2004c464   Data          96  usart.o(.bss)
    hdma_usart1_tx                           0x2004c4c4   Data          96  usart.o(.bss)
    fs                                       0x2004c538   Data          16  exfuns.o(.bss)
    fileinfo                                 0x2004c548   Data         288  exfuns.o(.bss)
    dir                                      0x2004c668   Data          80  exfuns.o(.bss)
    hhcd                                     0x2004c6b8   Data         708  usbh_conf.o(.bss)
    ftinfo                                   0x2004c97c   Data          41  fontupd.o(.bss)
    tp_dev                                   0x2004c9a8   Data          72  gt9147.o(.bss)
    __initial_sp                             0x20050ee0   Data           0  startup_stm32f767xx.o(STACK)
    ltdc_lcd_framebuf                        0xc0000000   Data       2048000  ltdc.o(.ARM.__AT_0xC0000000)
    mem2base                                 0xc01f4000   Data       29605888  malloc.o(.ARM.__AT_0xC01F4000)
    mem2mapbase                              0xc1e30000   Data       1850368  malloc.o(.ARM.__AT_0xC1E30000)



==============================================================================

Memory Map of the image

  Image Entry point : 0x080001f9

  Load Region LR_IROM1 (Base: 0x08000000, Size: 0x00016b80, Max: 0x00100000, ABSOLUTE)

    Execution Region ER_IROM1 (Exec base: 0x08000000, Load base: 0x08000000, Size: 0x00016a78, Max: 0x00100000, ABSOLUTE)

    Exec Addr    Load Addr    Size         Type   Attr      Idx    E Section Name        Object

    0x08000000   0x08000000   0x000001f8   Data   RO            3    RESET               startup_stm32f767xx.o
    0x080001f8   0x080001f8   0x00000000   Code   RO         9805  * .ARM.Collect$$$$00000000  mc_w.l(entry.o)
    0x080001f8   0x080001f8   0x00000004   Code   RO        10087    .ARM.Collect$$$$00000001  mc_w.l(entry2.o)
    0x080001fc   0x080001fc   0x00000004   Code   RO        10090    .ARM.Collect$$$$00000004  mc_w.l(entry5.o)
    0x08000200   0x08000200   0x00000000   Code   RO        10092    .ARM.Collect$$$$00000008  mc_w.l(entry7b.o)
    0x08000200   0x08000200   0x00000000   Code   RO        10094    .ARM.Collect$$$$0000000A  mc_w.l(entry8b.o)
    0x08000200   0x08000200   0x00000008   Code   RO        10095    .ARM.Collect$$$$0000000B  mc_w.l(entry9a.o)
    0x08000208   0x08000208   0x00000000   Code   RO        10097    .ARM.Collect$$$$0000000D  mc_w.l(entry10a.o)
    0x08000208   0x08000208   0x00000000   Code   RO        10099    .ARM.Collect$$$$0000000F  mc_w.l(entry11a.o)
    0x08000208   0x08000208   0x00000004   Code   RO        10088    .ARM.Collect$$$$00002712  mc_w.l(entry2.o)
    0x0800020c   0x0800020c   0x000000c2   Code   RO         9728    .emb_text           port.o
    0x080002ce   0x080002ce   0x00000002   PAD
    0x080002d0   0x080002d0   0x00000024   Code   RO            4    .text               startup_stm32f767xx.o
    0x080002f4   0x080002f4   0x00000062   Code   RO         9808    .text               mc_w.l(uldiv.o)
    0x08000356   0x08000356   0x00000024   Code   RO         9810    .text               mc_w.l(memcpya.o)
    0x0800037a   0x0800037a   0x00000024   Code   RO         9814    .text               mc_w.l(memseta.o)
    0x0800039e   0x0800039e   0x00000018   Code   RO         9816    .text               mc_w.l(strcat.o)
    0x080003b6   0x080003b6   0x0000001c   Code   RO         9820    .text               mc_w.l(strcmp.o)
    0x080003d2   0x080003d2   0x00000012   Code   RO         9822    .text               mc_w.l(strcpy.o)
    0x080003e4   0x080003e4   0x0000001e   Code   RO        10104    .text               mc_w.l(llshl.o)
    0x08000402   0x08000402   0x00000020   Code   RO        10106    .text               mc_w.l(llushr.o)
    0x08000422   0x08000422   0x00000002   PAD
    0x08000424   0x08000424   0x00000024   Code   RO        10119    .text               mc_w.l(init.o)
    0x08000448   0x08000448   0x00000004   Code   RO         1467    i.BusFault_Handler  stm32f7xx_it.o
    0x0800044c   0x0800044c   0x0000000a   Code   RO         8395    i.CT_Delay          ctiic.o
    0x08000456   0x08000456   0x00000002   PAD
    0x08000458   0x08000458   0x00000058   Code   RO         8396    i.CT_IIC_Ack        ctiic.o
    0x080004b0   0x080004b0   0x0000006c   Code   RO         8397    i.CT_IIC_Init       ctiic.o
    0x0800051c   0x0800051c   0x00000058   Code   RO         8398    i.CT_IIC_NAck       ctiic.o
    0x08000574   0x08000574   0x0000006c   Code   RO         8399    i.CT_IIC_Read_Byte  ctiic.o
    0x080005e0   0x080005e0   0x00000078   Code   RO         8400    i.CT_IIC_Send_Byte  ctiic.o
    0x08000658   0x08000658   0x00000054   Code   RO         8401    i.CT_IIC_Start      ctiic.o
    0x080006ac   0x080006ac   0x0000004c   Code   RO         8402    i.CT_IIC_Stop       ctiic.o
    0x080006f8   0x080006f8   0x00000068   Code   RO         8403    i.CT_IIC_Wait_Ack   ctiic.o
    0x08000760   0x08000760   0x00000010   Code   RO         1468    i.DMA2_Stream2_IRQHandler  stm32f7xx_it.o
    0x08000770   0x08000770   0x00000010   Code   RO         1252    i.DMA2_Stream3_IRQHandler  sdmmc.o
    0x08000780   0x08000780   0x00000010   Code   RO         1253    i.DMA2_Stream6_IRQHandler  sdmmc.o
    0x08000790   0x08000790   0x00000010   Code   RO         1469    i.DMA2_Stream7_IRQHandler  stm32f7xx_it.o
    0x080007a0   0x080007a0   0x00000034   Code   RO         5608    i.DMA_CalcBaseAndBitshift  stm32f7xx_hal_dma.o
    0x080007d4   0x080007d4   0x000000aa   Code   RO         5609    i.DMA_CheckFifoParam  stm32f7xx_hal_dma.o
    0x0800087e   0x0800087e   0x0000002c   Code   RO         5610    i.DMA_SetConfig     stm32f7xx_hal_dma.o
    0x080008aa   0x080008aa   0x00000052   Code   RO         7481    i.DeInitStateMachine  usbh_core.o
    0x080008fc   0x080008fc   0x00000002   Code   RO         1470    i.DebugMon_Handler  stm32f7xx_it.o
    0x080008fe   0x080008fe   0x00000002   Code   RO          769    i.Error_Handler     main.o
    0x08000900   0x08000900   0x00000028   Code   RO         1765    i.FMC_NAND_AttributeSpace_Timing_Init  stm32f7xx_ll_fmc.o
    0x08000928   0x08000928   0x00000028   Code   RO         1766    i.FMC_NAND_CommonSpace_Timing_Init  stm32f7xx_ll_fmc.o
    0x08000950   0x08000950   0x00000038   Code   RO         1771    i.FMC_NAND_Init     stm32f7xx_ll_fmc.o
    0x08000988   0x08000988   0x00000074   Code   RO         1780    i.FMC_SDRAM_Init    stm32f7xx_ll_fmc.o
    0x080009fc   0x080009fc   0x0000000e   Code   RO         1781    i.FMC_SDRAM_ProgramRefreshRate  stm32f7xx_ll_fmc.o
    0x08000a0a   0x08000a0a   0x00000026   Code   RO         1782    i.FMC_SDRAM_SendCommand  stm32f7xx_ll_fmc.o
    0x08000a30   0x08000a30   0x0000009c   Code   RO         1784    i.FMC_SDRAM_Timing_Init  stm32f7xx_ll_fmc.o
    0x08000acc   0x08000acc   0x00000180   Code   RO         8470    i.GT9147_Init       gt9147.o
    0x08000c4c   0x08000c4c   0x00000062   Code   RO         8471    i.GT9147_RD_Reg     gt9147.o
    0x08000cae   0x08000cae   0x00000002   PAD
    0x08000cb0   0x08000cb0   0x000001f4   Code   RO         8472    i.GT9147_Scan       gt9147.o
    0x08000ea4   0x08000ea4   0x0000005c   Code   RO         8474    i.GT9147_WR_Reg     gt9147.o
    0x08000f00   0x08000f00   0x000000f0   Code   RO         8353    i.Get_HzMat         text.o
    0x08000ff0   0x08000ff0   0x00000028   Code   RO         5612    i.HAL_DMA_Abort_IT  stm32f7xx_hal_dma.o
    0x08001018   0x08001018   0x00000006   Code   RO         5614    i.HAL_DMA_GetError  stm32f7xx_hal_dma.o
    0x0800101e   0x0800101e   0x00000002   PAD
    0x08001020   0x08001020   0x00000240   Code   RO         5616    i.HAL_DMA_IRQHandler  stm32f7xx_hal_dma.o
    0x08001260   0x08001260   0x000000ec   Code   RO         5617    i.HAL_DMA_Init      stm32f7xx_hal_dma.o
    0x0800134c   0x0800134c   0x0000009e   Code   RO         5621    i.HAL_DMA_Start_IT  stm32f7xx_hal_dma.o
    0x080013ea   0x080013ea   0x00000002   PAD
    0x080013ec   0x080013ec   0x00000028   Code   RO         5978    i.HAL_Delay         stm32f7xx_hal.o
    0x08001414   0x08001414   0x000000ec   Code   RO          984    i.HAL_FMC_MspInit   fmc.o
    0x08001500   0x08001500   0x00000218   Code   RO         5545    i.HAL_GPIO_Init     stm32f7xx_hal_gpio.o
    0x08001718   0x08001718   0x00000010   Code   RO         5547    i.HAL_GPIO_ReadPin  stm32f7xx_hal_gpio.o
    0x08001728   0x08001728   0x00000012   Code   RO         5548    i.HAL_GPIO_TogglePin  stm32f7xx_hal_gpio.o
    0x0800173a   0x0800173a   0x0000000c   Code   RO         5549    i.HAL_GPIO_WritePin  stm32f7xx_hal_gpio.o
    0x08001746   0x08001746   0x00000002   PAD
    0x08001748   0x08001748   0x0000000c   Code   RO         5988    i.HAL_GetTick       stm32f7xx_hal.o
    0x08001754   0x08001754   0x0000000e   Code   RO         8088    i.HAL_HCD_Connect_Callback  usbh_conf.o
    0x08001762   0x08001762   0x0000000e   Code   RO         8089    i.HAL_HCD_Disconnect_Callback  usbh_conf.o
    0x08001770   0x08001770   0x0000000c   Code   RO         4674    i.HAL_HCD_GetCurrentFrame  stm32f7xx_hal_hcd.o
    0x0800177c   0x0800177c   0x0000000c   Code   RO         4675    i.HAL_HCD_GetCurrentSpeed  stm32f7xx_hal_hcd.o
    0x08001788   0x08001788   0x00000014   Code   RO         4678    i.HAL_HCD_HC_GetURBState  stm32f7xx_hal_hcd.o
    0x0800179c   0x0800179c   0x00000012   Code   RO         4679    i.HAL_HCD_HC_GetXferCount  stm32f7xx_hal_hcd.o
    0x080017ae   0x080017ae   0x00000034   Code   RO         4680    i.HAL_HCD_HC_Halt   stm32f7xx_hal_hcd.o
    0x080017e2   0x080017e2   0x000000de   Code   RO         4681    i.HAL_HCD_HC_Init   stm32f7xx_hal_hcd.o
    0x080018c0   0x080018c0   0x00000002   Code   RO         8090    i.HAL_HCD_HC_NotifyURBChange_Callback  usbh_conf.o
    0x080018c2   0x080018c2   0x00000220   Code   RO         4683    i.HAL_HCD_HC_SubmitRequest  stm32f7xx_hal_hcd.o
    0x08001ae2   0x08001ae2   0x0000016c   Code   RO         4684    i.HAL_HCD_IRQHandler  stm32f7xx_hal_hcd.o
    0x08001c4e   0x08001c4e   0x00000066   Code   RO         4685    i.HAL_HCD_Init      stm32f7xx_hal_hcd.o
    0x08001cb4   0x08001cb4   0x000000c0   Code   RO         8092    i.HAL_HCD_MspInit   usbh_conf.o
    0x08001d74   0x08001d74   0x0000000e   Code   RO         8093    i.HAL_HCD_PortDisabled_Callback  usbh_conf.o
    0x08001d82   0x08001d82   0x0000000e   Code   RO         8094    i.HAL_HCD_PortEnabled_Callback  usbh_conf.o
    0x08001d90   0x08001d90   0x0000000c   Code   RO         4690    i.HAL_HCD_ResetPort  stm32f7xx_hal_hcd.o
    0x08001d9c   0x08001d9c   0x0000000e   Code   RO         8095    i.HAL_HCD_SOF_Callback  usbh_conf.o
    0x08001daa   0x08001daa   0x00000036   Code   RO         4692    i.HAL_HCD_Start     stm32f7xx_hal_hcd.o
    0x08001de0   0x08001de0   0x0000002e   Code   RO         4693    i.HAL_HCD_Stop      stm32f7xx_hal_hcd.o
    0x08001e0e   0x08001e0e   0x00000002   PAD
    0x08001e10   0x08001e10   0x00000018   Code   RO         5994    i.HAL_IncTick       stm32f7xx_hal.o
    0x08001e28   0x08001e28   0x00000030   Code   RO         5995    i.HAL_Init          stm32f7xx_hal.o
    0x08001e58   0x08001e58   0x0000004c   Code   RO         5996    i.HAL_InitTick      stm32f7xx_hal.o
    0x08001ea4   0x08001ea4   0x0000005e   Code   RO         2236    i.HAL_LTDC_ConfigLayer  stm32f7xx_hal_ltdc.o
    0x08001f02   0x08001f02   0x00000002   Code   RO         2249    i.HAL_LTDC_ErrorCallback  stm32f7xx_hal_ltdc.o
    0x08001f04   0x08001f04   0x000000f4   Code   RO         2252    i.HAL_LTDC_IRQHandler  stm32f7xx_hal_ltdc.o
    0x08001ff8   0x08001ff8   0x00000118   Code   RO         2253    i.HAL_LTDC_Init     stm32f7xx_hal_ltdc.o
    0x08002110   0x08002110   0x00000002   Code   RO         2254    i.HAL_LTDC_LineEventCallback  stm32f7xx_hal_ltdc.o
    0x08002112   0x08002112   0x00000002   PAD
    0x08002114   0x08002114   0x00000184   Code   RO         1095    i.HAL_LTDC_MspInit  ltdc.o
    0x08002298   0x08002298   0x00000002   Code   RO         2259    i.HAL_LTDC_ReloadEventCallback  stm32f7xx_hal_ltdc.o
    0x0800229a   0x0800229a   0x0000006c   Code   RO         2268    i.HAL_LTDC_SetWindowPosition  stm32f7xx_hal_ltdc.o
    0x08002306   0x08002306   0x0000006c   Code   RO         2270    i.HAL_LTDC_SetWindowSize  stm32f7xx_hal_ltdc.o
    0x08002372   0x08002372   0x00000002   PAD
    0x08002374   0x08002374   0x0000004c   Code   RO         1565    i.HAL_MspInit       stm32f7xx_hal_msp.o
    0x080023c0   0x080023c0   0x00000052   Code   RO         1925    i.HAL_NAND_Init     stm32f7xx_hal_nand.o
    0x08002412   0x08002412   0x0000000a   Code   RO          986    i.HAL_NAND_MspInit  fmc.o
    0x0800241c   0x0800241c   0x00000020   Code   RO         1630    i.HAL_NVIC_EnableIRQ  stm32f7xx_hal_cortex.o
    0x0800243c   0x0800243c   0x0000007c   Code   RO         1636    i.HAL_NVIC_SetPriority  stm32f7xx_hal_cortex.o
    0x080024b8   0x080024b8   0x00000028   Code   RO         1637    i.HAL_NVIC_SetPriorityGrouping  stm32f7xx_hal_cortex.o
    0x080024e0   0x080024e0   0x00000090   Code   RO         5885    i.HAL_PWREx_EnableOverDrive  stm32f7xx_hal_pwr_ex.o
    0x08002570   0x08002570   0x000000a6   Code   RO         2532    i.HAL_QSPI_Command  stm32f7xx_hal_qspi.o
    0x08002616   0x08002616   0x00000002   PAD
    0x08002618   0x08002618   0x000000d8   Code   RO         2541    i.HAL_QSPI_Init     stm32f7xx_hal_qspi.o
    0x080026f0   0x080026f0   0x000000f4   Code   RO         1193    i.HAL_QSPI_MspInit  quadspi.o
    0x080027e4   0x080027e4   0x000000e2   Code   RO         2545    i.HAL_QSPI_Receive  stm32f7xx_hal_qspi.o
    0x080028c6   0x080028c6   0x00000004   Code   RO         2551    i.HAL_QSPI_SetTimeout  stm32f7xx_hal_qspi.o
    0x080028ca   0x080028ca   0x000000d2   Code   RO         2554    i.HAL_QSPI_Transmit  stm32f7xx_hal_qspi.o
    0x0800299c   0x0800299c   0x00000758   Code   RO         5261    i.HAL_RCCEx_PeriphCLKConfig  stm32f7xx_hal_rcc_ex.o
    0x080030f4   0x080030f4   0x00000190   Code   RO         5154    i.HAL_RCC_ClockConfig  stm32f7xx_hal_rcc.o
    0x08003284   0x08003284   0x0000000c   Code   RO         5159    i.HAL_RCC_GetHCLKFreq  stm32f7xx_hal_rcc.o
    0x08003290   0x08003290   0x00000020   Code   RO         5161    i.HAL_RCC_GetPCLK1Freq  stm32f7xx_hal_rcc.o
    0x080032b0   0x080032b0   0x00000020   Code   RO         5162    i.HAL_RCC_GetPCLK2Freq  stm32f7xx_hal_rcc.o
    0x080032d0   0x080032d0   0x000000b0   Code   RO         5163    i.HAL_RCC_GetSysClockFreq  stm32f7xx_hal_rcc.o
    0x08003380   0x08003380   0x000004b8   Code   RO         5166    i.HAL_RCC_OscConfig  stm32f7xx_hal_rcc.o
    0x08003838   0x08003838   0x00000040   Code   RO         2083    i.HAL_SDRAM_Init    stm32f7xx_hal_sdram.o
    0x08003878   0x08003878   0x0000000a   Code   RO          988    i.HAL_SDRAM_MspInit  fmc.o
    0x08003882   0x08003882   0x00000028   Code   RO         2086    i.HAL_SDRAM_ProgramRefreshRate  stm32f7xx_hal_sdram.o
    0x080038aa   0x080038aa   0x0000003a   Code   RO         2092    i.HAL_SDRAM_SendCommand  stm32f7xx_hal_sdram.o
    0x080038e4   0x080038e4   0x00000002   Code   RO         3059    i.HAL_SD_AbortCallback  stm32f7xx_hal_sd.o
    0x080038e6   0x080038e6   0x000000a8   Code   RO         3061    i.HAL_SD_ConfigWideBusOperation  stm32f7xx_hal_sd.o
    0x0800398e   0x0800398e   0x00000002   Code   RO         3064    i.HAL_SD_ErrorCallback  stm32f7xx_hal_sd.o
    0x08003990   0x08003990   0x000001f0   Code   RO         3066    i.HAL_SD_GetCardCSD  stm32f7xx_hal_sd.o
    0x08003b80   0x08003b80   0x00000026   Code   RO         3067    i.HAL_SD_GetCardInfo  stm32f7xx_hal_sd.o
    0x08003ba6   0x08003ba6   0x00000028   Code   RO         3068    i.HAL_SD_GetCardState  stm32f7xx_hal_sd.o
    0x08003bce   0x08003bce   0x00000002   PAD
    0x08003bd0   0x08003bd0   0x000001e8   Code   RO         3072    i.HAL_SD_IRQHandler  stm32f7xx_hal_sd.o
    0x08003db8   0x08003db8   0x00000036   Code   RO         3073    i.HAL_SD_Init       stm32f7xx_hal_sd.o
    0x08003dee   0x08003dee   0x00000088   Code   RO         3074    i.HAL_SD_InitCard   stm32f7xx_hal_sd.o
    0x08003e76   0x08003e76   0x00000002   PAD
    0x08003e78   0x08003e78   0x000001a4   Code   RO         1255    i.HAL_SD_MspInit    sdmmc.o
    0x0800401c   0x0800401c   0x00000128   Code   RO         3078    i.HAL_SD_ReadBlocks_DMA  stm32f7xx_hal_sd.o
    0x08004144   0x08004144   0x0000000c   Code   RO         1256    i.HAL_SD_RxCpltCallback  sdmmc.o
    0x08004150   0x08004150   0x0000000c   Code   RO         1257    i.HAL_SD_TxCpltCallback  sdmmc.o
    0x0800415c   0x0800415c   0x00000128   Code   RO         3083    i.HAL_SD_WriteBlocks_DMA  stm32f7xx_hal_sd.o
    0x08004284   0x08004284   0x00000028   Code   RO         1639    i.HAL_SYSTICK_CLKSourceConfig  stm32f7xx_hal_cortex.o
    0x080042ac   0x080042ac   0x00000034   Code   RO         1641    i.HAL_SYSTICK_Config  stm32f7xx_hal_cortex.o
    0x080042e0   0x080042e0   0x00000002   Code   RO         4011    i.HAL_TIMEx_Break2Callback  stm32f7xx_hal_tim_ex.o
    0x080042e2   0x080042e2   0x00000002   Code   RO         4012    i.HAL_TIMEx_BreakCallback  stm32f7xx_hal_tim_ex.o
    0x080042e4   0x080042e4   0x00000002   Code   RO         4013    i.HAL_TIMEx_CommutCallback  stm32f7xx_hal_tim_ex.o
    0x080042e6   0x080042e6   0x00000002   PAD
    0x080042e8   0x080042e8   0x00000078   Code   RO         4032    i.HAL_TIMEx_MasterConfigSynchronization  stm32f7xx_hal_tim_ex.o
    0x08004360   0x08004360   0x00000034   Code   RO         3315    i.HAL_TIM_Base_Init  stm32f7xx_hal_tim.o
    0x08004394   0x08004394   0x00000044   Code   RO         1365    i.HAL_TIM_Base_MspInit  tim.o
    0x080043d8   0x080043d8   0x00000038   Code   RO         3320    i.HAL_TIM_Base_Start_IT  stm32f7xx_hal_tim.o
    0x08004410   0x08004410   0x0000010c   Code   RO         3324    i.HAL_TIM_ConfigClockSource  stm32f7xx_hal_tim.o
    0x0800451c   0x0800451c   0x00000002   Code   RO         3344    i.HAL_TIM_IC_CaptureCallback  stm32f7xx_hal_tim.o
    0x0800451e   0x0800451e   0x000001b8   Code   RO         3358    i.HAL_TIM_IRQHandler  stm32f7xx_hal_tim.o
    0x080046d6   0x080046d6   0x00000002   Code   RO         3361    i.HAL_TIM_OC_DelayElapsedCallback  stm32f7xx_hal_tim.o
    0x080046d8   0x080046d8   0x00000002   Code   RO         3388    i.HAL_TIM_PWM_PulseFinishedCallback  stm32f7xx_hal_tim.o
    0x080046da   0x080046da   0x00000002   PAD
    0x080046dc   0x080046dc   0x00000028   Code   RO         1366    i.HAL_TIM_PeriodElapsedCallback  tim.o
    0x08004704   0x08004704   0x00000002   Code   RO         3401    i.HAL_TIM_TriggerCallback  stm32f7xx_hal_tim.o
    0x08004706   0x08004706   0x00000002   Code   RO         4302    i.HAL_UART_ErrorCallback  stm32f7xx_hal_uart.o
    0x08004708   0x08004708   0x00000174   Code   RO         4305    i.HAL_UART_IRQHandler  stm32f7xx_hal_uart.o
    0x0800487c   0x0800487c   0x00000074   Code   RO         4306    i.HAL_UART_Init     stm32f7xx_hal_uart.o
    0x080048f0   0x080048f0   0x00000114   Code   RO         1413    i.HAL_UART_MspInit  usart.o
    0x08004a04   0x08004a04   0x000000e4   Code   RO         4311    i.HAL_UART_Receive_IT  stm32f7xx_hal_uart.o
    0x08004ae8   0x08004ae8   0x00000088   Code   RO         1414    i.HAL_UART_RxCpltCallback  usart.o
    0x08004b70   0x08004b70   0x000000d0   Code   RO         4314    i.HAL_UART_Transmit  stm32f7xx_hal_uart.o
    0x08004c40   0x08004c40   0x00000002   Code   RO         4317    i.HAL_UART_TxCpltCallback  stm32f7xx_hal_uart.o
    0x08004c42   0x08004c42   0x00000570   Code   RO         4694    i.HCD_HC_IN_IRQHandler  stm32f7xx_hal_hcd.o
    0x080051b2   0x080051b2   0x0000054a   Code   RO         4695    i.HCD_HC_OUT_IRQHandler  stm32f7xx_hal_hcd.o
    0x080056fc   0x080056fc   0x000000e0   Code   RO         4696    i.HCD_Port_IRQHandler  stm32f7xx_hal_hcd.o
    0x080057dc   0x080057dc   0x00000108   Code   RO         4697    i.HCD_RXQLVL_IRQHandler  stm32f7xx_hal_hcd.o
    0x080058e4   0x080058e4   0x00000004   Code   RO         1471    i.HardFault_Handler  stm32f7xx_it.o
    0x080058e8   0x080058e8   0x00000054   Code   RO          623    i.IIC_Ack           myiic.o
    0x0800593c   0x0800593c   0x00000058   Code   RO          624    i.IIC_Init          myiic.o
    0x08005994   0x08005994   0x00000054   Code   RO          625    i.IIC_NAck          myiic.o
    0x080059e8   0x080059e8   0x0000006c   Code   RO          626    i.IIC_Read_Byte     myiic.o
    0x08005a54   0x08005a54   0x0000007c   Code   RO          627    i.IIC_Send_Byte     myiic.o
    0x08005ad0   0x08005ad0   0x00000054   Code   RO          628    i.IIC_Start         myiic.o
    0x08005b24   0x08005b24   0x00000054   Code   RO          629    i.IIC_Stop          myiic.o
    0x08005b78   0x08005b78   0x00000068   Code   RO          630    i.IIC_Wait_Ack      myiic.o
    0x08005be0   0x08005be0   0x000000d0   Code   RO           13    i.Key_Scan          key.o
    0x08005cb0   0x08005cb0   0x00000016   Code   RO          291    i.LCD_Pow           lcd.o
    0x08005cc6   0x08005cc6   0x00000002   PAD
    0x08005cc8   0x08005cc8   0x0000002c   Code   RO         1097    i.LTDC_Display_Dir  ltdc.o
    0x08005cf4   0x08005cf4   0x00000050   Code   RO         1098    i.LTDC_Draw_Point   ltdc.o
    0x08005d44   0x08005d44   0x00000010   Code   RO         1472    i.LTDC_IRQHandler   stm32f7xx_it.o
    0x08005d54   0x08005d54   0x0000002c   Code   RO         1099    i.LTDC_LCD_Clear    ltdc.o
    0x08005d80   0x08005d80   0x0000015c   Code   RO         1100    i.LTDC_LCD_Fill     ltdc.o
    0x08005edc   0x08005edc   0x00000078   Code   RO         1101    i.LTDC_LCD_Init     ltdc.o
    0x08005f54   0x08005f54   0x00000030   Code   RO         1102    i.LTDC_Layer_Window_Config  ltdc.o
    0x08005f84   0x08005f84   0x0000000c   Code   RO         1104    i.LTDC_Select_Layer  ltdc.o
    0x08005f90   0x08005f90   0x00000210   Code   RO         2272    i.LTDC_SetConfig    stm32f7xx_hal_ltdc.o
    0x080061a0   0x080061a0   0x0000013c   Code   RO          295    i.LTDC_ShowChar     lcd.o
    0x080062dc   0x080062dc   0x00000094   Code   RO          296    i.LTDC_ShowNum      lcd.o
    0x08006370   0x08006370   0x00000038   Code   RO          297    i.LTDC_ShowString   lcd.o
    0x080063a8   0x080063a8   0x00000044   Code   RO          959    i.MX_DMA_Init       dma.o
    0x080063ec   0x080063ec   0x000000fc   Code   RO          989    i.MX_FMC_Init       fmc.o
    0x080064e8   0x080064e8   0x00000028   Code   RO         1048    i.MX_FREERTOS_Init  freertos.o
    0x08006510   0x08006510   0x000001a4   Code   RO          935    i.MX_GPIO_Init      gpio.o
    0x080066b4   0x080066b4   0x000000c4   Code   RO         1105    i.MX_LTDC_Init      ltdc.o
    0x08006778   0x08006778   0x0000003c   Code   RO         1194    i.MX_QUADSPI_Init   quadspi.o
    0x080067b4   0x080067b4   0x00000040   Code   RO         1258    i.MX_SDMMC1_SD_Init  sdmmc.o
    0x080067f4   0x080067f4   0x00000070   Code   RO         1367    i.MX_TIM3_Init      tim.o
    0x08006864   0x08006864   0x00000040   Code   RO         1415    i.MX_USART1_UART_Init  usart.o
    0x080068a4   0x080068a4   0x00000044   Code   RO         1473    i.MemManage_Handler  stm32f7xx_it.o
    0x080068e8   0x080068e8   0x00000002   Code   RO         1474    i.NMI_Handler       stm32f7xx_it.o
    0x080068ea   0x080068ea   0x00000002   PAD
    0x080068ec   0x080068ec   0x00000010   Code   RO         8096    i.OTG_FS_IRQHandler  usbh_conf.o
    0x080068fc   0x080068fc   0x00000068   Code   RO          721    i.PCF8574_Init      pcf8574.o
    0x08006964   0x08006964   0x00000022   Code   RO          723    i.PCF8574_ReadOneByte  pcf8574.o
    0x08006986   0x08006986   0x00000026   Code   RO          724    i.PCF8574_WriteBit  pcf8574.o
    0x080069ac   0x080069ac   0x00000028   Code   RO          725    i.PCF8574_WriteOneByte  pcf8574.o
    0x080069d4   0x080069d4   0x000001e8   Code   RO         2559    i.QSPI_Config       stm32f7xx_hal_qspi.o
    0x08006bbc   0x08006bbc   0x00000028   Code   RO         1195    i.QSPI_Receive      quadspi.o
    0x08006be4   0x08006be4   0x0000004c   Code   RO         1196    i.QSPI_Send_CMD     quadspi.o
    0x08006c30   0x08006c30   0x00000028   Code   RO         1197    i.QSPI_Transmit     quadspi.o
    0x08006c58   0x08006c58   0x0000004c   Code   RO         2566    i.QSPI_WaitFlagStateUntilTimeout  stm32f7xx_hal_qspi.o
    0x08006ca4   0x08006ca4   0x0000007c   Code   RO         1259    i.SCB_CleanInvalidateDCache  sdmmc.o
    0x08006d20   0x08006d20   0x0000009c   Code   RO          770    i.SCB_EnableDCache  main.o
    0x08006dbc   0x08006dbc   0x0000007c   Code   RO          771    i.SCB_EnableICache  main.o
    0x08006e38   0x08006e38   0x00000010   Code   RO         1260    i.SDMMC1_IRQHandler  sdmmc.o
    0x08006e48   0x08006e48   0x0000003a   Code   RO         2782    i.SDMMC_CmdAppCommand  stm32f7xx_ll_sdmmc.o
    0x08006e82   0x08006e82   0x00000002   PAD
    0x08006e84   0x08006e84   0x0000003c   Code   RO         2783    i.SDMMC_CmdAppOperCommand  stm32f7xx_ll_sdmmc.o
    0x08006ec0   0x08006ec0   0x0000003a   Code   RO         2784    i.SDMMC_CmdBlockLength  stm32f7xx_ll_sdmmc.o
    0x08006efa   0x08006efa   0x0000003a   Code   RO         2785    i.SDMMC_CmdBusWidth  stm32f7xx_ll_sdmmc.o
    0x08006f34   0x08006f34   0x0000002e   Code   RO         2789    i.SDMMC_CmdGoIdleState  stm32f7xx_ll_sdmmc.o
    0x08006f62   0x08006f62   0x00000036   Code   RO         2791    i.SDMMC_CmdOperCond  stm32f7xx_ll_sdmmc.o
    0x08006f98   0x08006f98   0x0000003a   Code   RO         2792    i.SDMMC_CmdReadMultiBlock  stm32f7xx_ll_sdmmc.o
    0x08006fd2   0x08006fd2   0x0000003a   Code   RO         2793    i.SDMMC_CmdReadSingleBlock  stm32f7xx_ll_sdmmc.o
    0x0800700c   0x0800700c   0x0000003c   Code   RO         2796    i.SDMMC_CmdSelDesel  stm32f7xx_ll_sdmmc.o
    0x08007048   0x08007048   0x00000034   Code   RO         2797    i.SDMMC_CmdSendCID  stm32f7xx_ll_sdmmc.o
    0x0800707c   0x0800707c   0x00000034   Code   RO         2798    i.SDMMC_CmdSendCSD  stm32f7xx_ll_sdmmc.o
    0x080070b0   0x080070b0   0x0000003a   Code   RO         2799    i.SDMMC_CmdSendSCR  stm32f7xx_ll_sdmmc.o
    0x080070ea   0x080070ea   0x0000003a   Code   RO         2800    i.SDMMC_CmdSendStatus  stm32f7xx_ll_sdmmc.o
    0x08007124   0x08007124   0x0000003a   Code   RO         2801    i.SDMMC_CmdSetRelAdd  stm32f7xx_ll_sdmmc.o
    0x0800715e   0x0800715e   0x00000002   PAD
    0x08007160   0x08007160   0x0000003c   Code   RO         2803    i.SDMMC_CmdStopTransfer  stm32f7xx_ll_sdmmc.o
    0x0800719c   0x0800719c   0x0000003a   Code   RO         2805    i.SDMMC_CmdWriteMultiBlock  stm32f7xx_ll_sdmmc.o
    0x080071d6   0x080071d6   0x0000003a   Code   RO         2806    i.SDMMC_CmdWriteSingleBlock  stm32f7xx_ll_sdmmc.o
    0x08007210   0x08007210   0x0000002c   Code   RO         2807    i.SDMMC_ConfigData  stm32f7xx_ll_sdmmc.o
    0x0800723c   0x0800723c   0x00000040   Code   RO         2808    i.SDMMC_GetCmdError  stm32f7xx_ll_sdmmc.o
    0x0800727c   0x0800727c   0x000001a4   Code   RO         2809    i.SDMMC_GetCmdResp1  stm32f7xx_ll_sdmmc.o
    0x08007420   0x08007420   0x0000005c   Code   RO         2810    i.SDMMC_GetCmdResp2  stm32f7xx_ll_sdmmc.o
    0x0800747c   0x0800747c   0x00000050   Code   RO         2811    i.SDMMC_GetCmdResp3  stm32f7xx_ll_sdmmc.o
    0x080074cc   0x080074cc   0x000000b0   Code   RO         2812    i.SDMMC_GetCmdResp6  stm32f7xx_ll_sdmmc.o
    0x0800757c   0x0800757c   0x00000058   Code   RO         2813    i.SDMMC_GetCmdResp7  stm32f7xx_ll_sdmmc.o
    0x080075d4   0x080075d4   0x00000008   Code   RO         2814    i.SDMMC_GetCommandResponse  stm32f7xx_ll_sdmmc.o
    0x080075dc   0x080075dc   0x0000000a   Code   RO         2817    i.SDMMC_GetPowerState  stm32f7xx_ll_sdmmc.o
    0x080075e6   0x080075e6   0x00000016   Code   RO         2818    i.SDMMC_GetResponse  stm32f7xx_ll_sdmmc.o
    0x080075fc   0x080075fc   0x00000034   Code   RO         2819    i.SDMMC_Init        stm32f7xx_ll_sdmmc.o
    0x08007630   0x08007630   0x0000000a   Code   RO         2821    i.SDMMC_PowerState_ON  stm32f7xx_ll_sdmmc.o
    0x0800763a   0x0800763a   0x00000008   Code   RO         2822    i.SDMMC_ReadFIFO    stm32f7xx_ll_sdmmc.o
    0x08007642   0x08007642   0x00000028   Code   RO         2823    i.SDMMC_SendCommand  stm32f7xx_ll_sdmmc.o
    0x0800766a   0x0800766a   0x0000000c   Code   RO         2825    i.SDMMC_WriteFIFO   stm32f7xx_ll_sdmmc.o
    0x08007676   0x08007676   0x00000008   Code   RO          245    i.SDRAM_Init        sdram.o
    0x0800767e   0x0800767e   0x00000002   PAD
    0x08007680   0x08007680   0x00000050   Code   RO          246    i.SDRAM_Initialization_Sequence  sdram.o
    0x080076d0   0x080076d0   0x00000048   Code   RO          247    i.SDRAM_Send_Cmd    sdram.o
    0x08007718   0x08007718   0x00000066   Code   RO         3085    i.SD_DMAError       stm32f7xx_hal_sd.o
    0x0800777e   0x0800777e   0x00000046   Code   RO         3086    i.SD_DMAReceiveCplt  stm32f7xx_hal_sd.o
    0x080077c4   0x080077c4   0x0000004c   Code   RO         3087    i.SD_DMARxAbort     stm32f7xx_hal_sd.o
    0x08007810   0x08007810   0x00000012   Code   RO         3088    i.SD_DMATransmitCplt  stm32f7xx_hal_sd.o
    0x08007822   0x08007822   0x0000004c   Code   RO         3089    i.SD_DMATxAbort     stm32f7xx_hal_sd.o
    0x0800786e   0x0800786e   0x0000012c   Code   RO         3090    i.SD_FindSCR        stm32f7xx_hal_sd.o
    0x0800799a   0x0800799a   0x00000002   PAD
    0x0800799c   0x0800799c   0x00000018   Code   RO         1261    i.SD_GetCardInfo    sdmmc.o
    0x080079b4   0x080079b4   0x00000018   Code   RO         1262    i.SD_GetCardState   sdmmc.o
    0x080079cc   0x080079cc   0x000000fc   Code   RO         3091    i.SD_InitCard       stm32f7xx_hal_sd.o
    0x08007ac8   0x08007ac8   0x000000ee   Code   RO         3093    i.SD_PowerON        stm32f7xx_hal_sd.o
    0x08007bb6   0x08007bb6   0x00000002   PAD
    0x08007bb8   0x08007bb8   0x00000054   Code   RO         1263    i.SD_ReadDisk       sdmmc.o
    0x08007c0c   0x08007c0c   0x00000026   Code   RO         3094    i.SD_Read_IT        stm32f7xx_hal_sd.o
    0x08007c32   0x08007c32   0x00000032   Code   RO         3096    i.SD_SendStatus     stm32f7xx_hal_sd.o
    0x08007c64   0x08007c64   0x0000006a   Code   RO         3097    i.SD_WideBus_Disable  stm32f7xx_hal_sd.o
    0x08007cce   0x08007cce   0x0000006a   Code   RO         3098    i.SD_WideBus_Enable  stm32f7xx_hal_sd.o
    0x08007d38   0x08007d38   0x00000054   Code   RO         1264    i.SD_WriteDisk      sdmmc.o
    0x08007d8c   0x08007d8c   0x00000026   Code   RO         3099    i.SD_Write_IT       stm32f7xx_hal_sd.o
    0x08007db2   0x08007db2   0x00000002   PAD
    0x08007db4   0x08007db4   0x000000cc   Code   RO         8354    i.Show_Font         text.o
    0x08007e80   0x08007e80   0x000000c2   Code   RO         8355    i.Show_Str          text.o
    0x08007f42   0x08007f42   0x00000012   Code   RO         1049    i.StartDefaultTask  freertos.o
    0x08007f54   0x08007f54   0x0000000c   Code   RO         1475    i.SysTick_Handler   stm32f7xx_it.o
    0x08007f60   0x08007f60   0x000000f4   Code   RO          772    i.SystemClock_Config  main.o
    0x08008054   0x08008054   0x00000064   Code   RO         6753    i.SystemInit        system_stm32f7xx.o
    0x080080b8   0x080080b8   0x00000010   Code   RO         1476    i.TIM3_IRQHandler   stm32f7xx_it.o
    0x080080c8   0x080080c8   0x000000d8   Code   RO         3403    i.TIM_Base_SetConfig  stm32f7xx_hal_tim.o
    0x080081a0   0x080081a0   0x00000016   Code   RO         3414    i.TIM_ETR_SetConfig  stm32f7xx_hal_tim.o
    0x080081b6   0x080081b6   0x00000012   Code   RO         3415    i.TIM_ITRx_SetConfig  stm32f7xx_hal_tim.o
    0x080081c8   0x080081c8   0x00000026   Code   RO         3423    i.TIM_TI1_ConfigInputStage  stm32f7xx_hal_tim.o
    0x080081ee   0x080081ee   0x00000028   Code   RO         3425    i.TIM_TI2_ConfigInputStage  stm32f7xx_hal_tim.o
    0x08008216   0x08008216   0x000000f8   Code   RO         4319    i.UART_AdvFeatureConfig  stm32f7xx_hal_uart.o
    0x0800830e   0x0800830e   0x00000048   Code   RO         4320    i.UART_CheckIdleState  stm32f7xx_hal_uart.o
    0x08008356   0x08008356   0x00000018   Code   RO         4321    i.UART_DMAAbortOnError  stm32f7xx_hal_uart.o
    0x0800836e   0x0800836e   0x00000022   Code   RO         4331    i.UART_EndRxTransfer  stm32f7xx_hal_uart.o
    0x08008390   0x08008390   0x00000020   Code   RO         4332    i.UART_EndTransmit_IT  stm32f7xx_hal_uart.o
    0x080083b0   0x080083b0   0x0000006c   Code   RO         4334    i.UART_RxISR_16BIT  stm32f7xx_hal_uart.o
    0x0800841c   0x0800841c   0x00000068   Code   RO         4335    i.UART_RxISR_8BIT   stm32f7xx_hal_uart.o
    0x08008484   0x08008484   0x000003a4   Code   RO         4336    i.UART_SetConfig    stm32f7xx_hal_uart.o
    0x08008828   0x08008828   0x00000068   Code   RO         4339    i.UART_WaitOnFlagUntilTimeout  stm32f7xx_hal_uart.o
    0x08008890   0x08008890   0x0000001c   Code   RO         1477    i.USART1_IRQHandler  stm32f7xx_it.o
    0x080088ac   0x080088ac   0x00000026   Code   RO         7827    i.USBH_AllocPipe    usbh_pipes.o
    0x080088d2   0x080088d2   0x0000002a   Code   RO         7752    i.USBH_BulkReceiveData  usbh_ioreq.o
    0x080088fc   0x080088fc   0x00000034   Code   RO         7753    i.USBH_BulkSendData  usbh_ioreq.o
    0x08008930   0x08008930   0x00000012   Code   RO         7828    i.USBH_ClosePipe    usbh_pipes.o
    0x08008942   0x08008942   0x00000028   Code   RO         7638    i.USBH_ClrFeature   usbh_ctlreq.o
    0x0800896a   0x0800896a   0x0000002a   Code   RO         7754    i.USBH_CtlReceiveData  usbh_ioreq.o
    0x08008994   0x08008994   0x00000076   Code   RO         7639    i.USBH_CtlReq       usbh_ctlreq.o
    0x08008a0a   0x08008a0a   0x00000034   Code   RO         7755    i.USBH_CtlSendData  usbh_ioreq.o
    0x08008a3e   0x08008a3e   0x00000026   Code   RO         7756    i.USBH_CtlSendSetup  usbh_ioreq.o
    0x08008a64   0x08008a64   0x0000000c   Code   RO         8097    i.USBH_Delay        usbh_conf.o
    0x08008a70   0x08008a70   0x00000050   Code   RO         7483    i.USBH_FindInterface  usbh_core.o
    0x08008ac0   0x08008ac0   0x0000001e   Code   RO         7829    i.USBH_FreePipe     usbh_pipes.o
    0x08008ade   0x08008ade   0x0000004a   Code   RO         7640    i.USBH_GetDescriptor  usbh_ctlreq.o
    0x08008b28   0x08008b28   0x00000028   Code   RO         7830    i.USBH_GetFreePipe  usbh_pipes.o
    0x08008b50   0x08008b50   0x00000012   Code   RO         7641    i.USBH_GetNextDesc  usbh_ctlreq.o
    0x08008b62   0x08008b62   0x0000002e   Code   RO         7642    i.USBH_Get_CfgDesc  usbh_ctlreq.o
    0x08008b90   0x08008b90   0x0000002e   Code   RO         7643    i.USBH_Get_DevDesc  usbh_ctlreq.o
    0x08008bbe   0x08008bbe   0x00000036   Code   RO         7644    i.USBH_Get_StringDesc  usbh_ctlreq.o
    0x08008bf4   0x08008bf4   0x00000324   Code   RO         7645    i.USBH_HandleControl  usbh_ctlreq.o
    0x08008f18   0x08008f18   0x000002d4   Code   RO         7486    i.USBH_HandleEnum   usbh_core.o
    0x080091ec   0x080091ec   0x0000001c   Code   RO         7487    i.USBH_HandleSof    usbh_core.o
    0x08009208   0x08009208   0x00000098   Code   RO         7488    i.USBH_Init         usbh_core.o
    0x080092a0   0x080092a0   0x00000008   Code   RO         7489    i.USBH_IsPortEnabled  usbh_core.o
    0x080092a8   0x080092a8   0x00000014   Code   RO         8098    i.USBH_LL_ClosePipe  usbh_conf.o
    0x080092bc   0x080092bc   0x00000044   Code   RO         7490    i.USBH_LL_Connect   usbh_core.o
    0x08009300   0x08009300   0x0000007c   Code   RO         7491    i.USBH_LL_Disconnect  usbh_core.o
    0x0800937c   0x0800937c   0x00000010   Code   RO         8100    i.USBH_LL_DriverVBUS  usbh_conf.o
    0x0800938c   0x0800938c   0x00000012   Code   RO         8101    i.USBH_LL_GetLastXferSize  usbh_conf.o
    0x0800939e   0x0800939e   0x00000030   Code   RO         8102    i.USBH_LL_GetSpeed  usbh_conf.o
    0x080093ce   0x080093ce   0x00000002   PAD
    0x080093d0   0x080093d0   0x00000034   Code   RO         8103    i.USBH_LL_GetToggle  usbh_conf.o
    0x08009404   0x08009404   0x00000012   Code   RO         8104    i.USBH_LL_GetURBState  usbh_conf.o
    0x08009416   0x08009416   0x00000016   Code   RO         7492    i.USBH_LL_IncTimer  usbh_core.o
    0x0800942c   0x0800942c   0x00000050   Code   RO         8105    i.USBH_LL_Init      usbh_conf.o
    0x0800947c   0x0800947c   0x0000002c   Code   RO         8106    i.USBH_LL_OpenPipe  usbh_conf.o
    0x080094a8   0x080094a8   0x00000008   Code   RO         7494    i.USBH_LL_PortDisabled  usbh_core.o
    0x080094b0   0x080094b0   0x00000008   Code   RO         7495    i.USBH_LL_PortEnabled  usbh_core.o
    0x080094b8   0x080094b8   0x00000010   Code   RO         8107    i.USBH_LL_ResetPort  usbh_conf.o
    0x080094c8   0x080094c8   0x00000006   Code   RO         7496    i.USBH_LL_SetTimer  usbh_core.o
    0x080094ce   0x080094ce   0x00000002   PAD
    0x080094d0   0x080094d0   0x00000034   Code   RO         8108    i.USBH_LL_SetToggle  usbh_conf.o
    0x08009504   0x08009504   0x00000010   Code   RO         8109    i.USBH_LL_Start     usbh_conf.o
    0x08009514   0x08009514   0x00000010   Code   RO         8110    i.USBH_LL_Stop      usbh_conf.o
    0x08009524   0x08009524   0x0000002e   Code   RO         8111    i.USBH_LL_SubmitURB  usbh_conf.o
    0x08009552   0x08009552   0x0000003c   Code   RO         7971    i.USBH_MSC_BOT_Abort  usbh_msc_bot.o
    0x0800958e   0x0800958e   0x00000002   PAD
    0x08009590   0x08009590   0x00000028   Code   RO         7972    i.USBH_MSC_BOT_Init  usbh_msc_bot.o
    0x080095b8   0x080095b8   0x0000033c   Code   RO         7973    i.USBH_MSC_BOT_Process  usbh_msc_bot.o
    0x080098f4   0x080098f4   0x00000024   Code   RO         7974    i.USBH_MSC_BOT_REQ_GetMaxLUN  usbh_msc_bot.o
    0x08009918   0x08009918   0x00000020   Code   RO         7975    i.USBH_MSC_BOT_REQ_Reset  usbh_msc_bot.o
    0x08009938   0x08009938   0x000000cc   Code   RO         7874    i.USBH_MSC_ClassRequest  usbh_msc.o
    0x08009a04   0x08009a04   0x00000058   Code   RO         7976    i.USBH_MSC_DecodeCSW  usbh_msc_bot.o
    0x08009a5c   0x08009a5c   0x00000038   Code   RO         7875    i.USBH_MSC_GetLUNInfo  usbh_msc.o
    0x08009a94   0x08009a94   0x0000005a   Code   RO         7877    i.USBH_MSC_InterfaceDeInit  usbh_msc.o
    0x08009aee   0x08009aee   0x000001c0   Code   RO         7878    i.USBH_MSC_InterfaceInit  usbh_msc.o
    0x08009cae   0x08009cae   0x00000002   PAD
    0x08009cb0   0x08009cb0   0x00000768   Code   RO         7880    i.USBH_MSC_Process  usbh_msc.o
    0x0800a418   0x0800a418   0x0000027c   Code   RO         7881    i.USBH_MSC_RdWrProcess  usbh_msc.o
    0x0800a694   0x0800a694   0x0000009c   Code   RO         7882    i.USBH_MSC_Read     usbh_msc.o
    0x0800a730   0x0800a730   0x00000100   Code   RO         8030    i.USBH_MSC_SCSI_Inquiry  usbh_msc_scsi.o
    0x0800a830   0x0800a830   0x000000a6   Code   RO         8031    i.USBH_MSC_SCSI_Read  usbh_msc_scsi.o
    0x0800a8d6   0x0800a8d6   0x000000a8   Code   RO         8032    i.USBH_MSC_SCSI_ReadCapacity  usbh_msc_scsi.o
    0x0800a97e   0x0800a97e   0x000000b2   Code   RO         8033    i.USBH_MSC_SCSI_RequestSense  usbh_msc_scsi.o
    0x0800aa30   0x0800aa30   0x00000062   Code   RO         8034    i.USBH_MSC_SCSI_TestUnitReady  usbh_msc_scsi.o
    0x0800aa92   0x0800aa92   0x000000a6   Code   RO         8035    i.USBH_MSC_SCSI_Write  usbh_msc_scsi.o
    0x0800ab38   0x0800ab38   0x00000006   Code   RO         7883    i.USBH_MSC_SOFProcess  usbh_msc.o
    0x0800ab3e   0x0800ab3e   0x0000009c   Code   RO         7885    i.USBH_MSC_Write    usbh_msc.o
    0x0800abda   0x0800abda   0x0000002a   Code   RO         7831    i.USBH_OpenPipe     usbh_pipes.o
    0x0800ac04   0x0800ac04   0x000000da   Code   RO         7646    i.USBH_ParseCfgDesc  usbh_ctlreq.o
    0x0800acde   0x0800acde   0x00000058   Code   RO         7647    i.USBH_ParseDevDesc  usbh_ctlreq.o
    0x0800ad36   0x0800ad36   0x00000020   Code   RO         7648    i.USBH_ParseEPDesc  usbh_ctlreq.o
    0x0800ad56   0x0800ad56   0x00000026   Code   RO         7649    i.USBH_ParseInterfaceDesc  usbh_ctlreq.o
    0x0800ad7c   0x0800ad7c   0x00000036   Code   RO         7650    i.USBH_ParseStringDesc  usbh_ctlreq.o
    0x0800adb2   0x0800adb2   0x00000002   PAD
    0x0800adb4   0x0800adb4   0x00000440   Code   RO         7497    i.USBH_Process      usbh_core.o
    0x0800b1f4   0x0800b1f4   0x0000002a   Code   RO         7498    i.USBH_Process_OS   usbh_core.o
    0x0800b21e   0x0800b21e   0x00000002   PAD
    0x0800b220   0x0800b220   0x00000094   Code   RO         7500    i.USBH_RegisterClass  usbh_core.o
    0x0800b2b4   0x0800b2b4   0x00000114   Code   RO         7501    i.USBH_SelectInterface  usbh_core.o
    0x0800b3c8   0x0800b3c8   0x00000028   Code   RO         7651    i.USBH_SetAddress   usbh_ctlreq.o
    0x0800b3f0   0x0800b3f0   0x00000028   Code   RO         7652    i.USBH_SetCfg       usbh_ctlreq.o
    0x0800b418   0x0800b418   0x00000028   Code   RO         7653    i.USBH_SetFeature   usbh_ctlreq.o
    0x0800b440   0x0800b440   0x00000016   Code   RO         7502    i.USBH_Start        usbh_core.o
    0x0800b456   0x0800b456   0x00000002   PAD
    0x0800b458   0x0800b458   0x000000cc   Code   RO          773    i.USBH_UserProcess  main.o
    0x0800b524   0x0800b524   0x00000004   Code   RO         8253    i.USBH_initialize   usbh_diskio_dma.o
    0x0800b528   0x0800b528   0x00000100   Code   RO         8254    i.USBH_ioctl        usbh_diskio_dma.o
    0x0800b628   0x0800b628   0x000000b4   Code   RO         8255    i.USBH_read         usbh_diskio_dma.o
    0x0800b6dc   0x0800b6dc   0x000000f0   Code   RO         8257    i.USBH_write        usbh_diskio_dma.o
    0x0800b7cc   0x0800b7cc   0x00000078   Code   RO         4852    i.USB_CoreInit      stm32f7xx_ll_usb.o
    0x0800b844   0x0800b844   0x0000004c   Code   RO         4853    i.USB_CoreReset     stm32f7xx_ll_usb.o
    0x0800b890   0x0800b890   0x0000000e   Code   RO         4860    i.USB_DisableGlobalInt  stm32f7xx_ll_usb.o
    0x0800b89e   0x0800b89e   0x00000002   PAD
    0x0800b8a0   0x0800b8a0   0x00000044   Code   RO         4861    i.USB_DoPing        stm32f7xx_ll_usb.o
    0x0800b8e4   0x0800b8e4   0x0000004a   Code   RO         4862    i.USB_DriveVbus     stm32f7xx_ll_usb.o
    0x0800b92e   0x0800b92e   0x0000000e   Code   RO         4868    i.USB_EnableGlobalInt  stm32f7xx_ll_usb.o
    0x0800b93c   0x0800b93c   0x0000002c   Code   RO         4869    i.USB_FlushRxFifo   stm32f7xx_ll_usb.o
    0x0800b968   0x0800b968   0x00000030   Code   RO         4870    i.USB_FlushTxFifo   stm32f7xx_ll_usb.o
    0x0800b998   0x0800b998   0x0000000e   Code   RO         4871    i.USB_GetCurrentFrame  stm32f7xx_ll_usb.o
    0x0800b9a6   0x0800b9a6   0x00000018   Code   RO         4873    i.USB_GetHostSpeed  stm32f7xx_ll_usb.o
    0x0800b9be   0x0800b9be   0x0000000a   Code   RO         4874    i.USB_GetMode       stm32f7xx_ll_usb.o
    0x0800b9c8   0x0800b9c8   0x00000176   Code   RO         4875    i.USB_HC_Halt       stm32f7xx_ll_usb.o
    0x0800bb3e   0x0800bb3e   0x000001b6   Code   RO         4876    i.USB_HC_Init       stm32f7xx_ll_usb.o
    0x0800bcf4   0x0800bcf4   0x0000000e   Code   RO         4877    i.USB_HC_ReadInterrupt  stm32f7xx_ll_usb.o
    0x0800bd02   0x0800bd02   0x00000002   PAD
    0x0800bd04   0x0800bd04   0x000001d4   Code   RO         4878    i.USB_HC_StartXfer  stm32f7xx_ll_usb.o
    0x0800bed8   0x0800bed8   0x00000028   Code   RO          774    i.USB_HOST_Init     main.o
    0x0800bf00   0x0800bf00   0x000000f0   Code   RO         4879    i.USB_HostInit      stm32f7xx_ll_usb.o
    0x0800bff0   0x0800bff0   0x00000044   Code   RO         4880    i.USB_InitFSLSPClkSel  stm32f7xx_ll_usb.o
    0x0800c034   0x0800c034   0x0000000a   Code   RO         4885    i.USB_ReadInterrupts  stm32f7xx_ll_usb.o
    0x0800c03e   0x0800c03e   0x00000022   Code   RO         4886    i.USB_ReadPacket    stm32f7xx_ll_usb.o
    0x0800c060   0x0800c060   0x0000003c   Code   RO         4887    i.USB_ResetPort     stm32f7xx_ll_usb.o
    0x0800c09c   0x0800c09c   0x00000036   Code   RO         4888    i.USB_SetCurrentMode  stm32f7xx_ll_usb.o
    0x0800c0d2   0x0800c0d2   0x000000b4   Code   RO         4893    i.USB_StopHost      stm32f7xx_ll_usb.o
    0x0800c186   0x0800c186   0x0000003c   Code   RO         4894    i.USB_WritePacket   stm32f7xx_ll_usb.o
    0x0800c1c2   0x0800c1c2   0x00000004   Code   RO         1478    i.UsageFault_Handler  stm32f7xx_it.o
    0x0800c1c6   0x0800c1c6   0x0000002e   Code   RO          368    i.W25QXX_Erase_Sector  w25q256.o
    0x0800c1f4   0x0800c1f4   0x00000074   Code   RO          369    i.W25QXX_Init       w25q256.o
    0x0800c268   0x0800c268   0x00000044   Code   RO          371    i.W25QXX_Qspi_Enable  w25q256.o
    0x0800c2ac   0x0800c2ac   0x0000002c   Code   RO          372    i.W25QXX_Read       w25q256.o
    0x0800c2d8   0x0800c2d8   0x00000060   Code   RO          373    i.W25QXX_ReadID     w25q256.o
    0x0800c338   0x0800c338   0x00000074   Code   RO          374    i.W25QXX_ReadSR     w25q256.o
    0x0800c3ac   0x0800c3ac   0x00000014   Code   RO          375    i.W25QXX_Wait_Busy  w25q256.o
    0x0800c3c0   0x0800c3c0   0x000000b8   Code   RO          376    i.W25QXX_Write      w25q256.o
    0x0800c478   0x0800c478   0x0000003c   Code   RO          378    i.W25QXX_Write_Enable  w25q256.o
    0x0800c4b4   0x0800c4b4   0x00000046   Code   RO          379    i.W25QXX_Write_NoCheck  w25q256.o
    0x0800c4fa   0x0800c4fa   0x00000034   Code   RO          380    i.W25QXX_Write_Page  w25q256.o
    0x0800c52e   0x0800c52e   0x00000002   PAD
    0x0800c530   0x0800c530   0x0000006c   Code   RO          381    i.W25QXX_Write_SR   w25q256.o
    0x0800c59c   0x0800c59c   0x00000020   Code   RO         9959    i.__0printf$5       mc_w.l(printf5.o)
    0x0800c5bc   0x0800c5bc   0x00000010   Code   RO         1643    i.__NVIC_GetPriorityGrouping  stm32f7xx_hal_cortex.o
    0x0800c5cc   0x0800c5cc   0x00000028   Code   RO         1644    i.__NVIC_SetPriority  stm32f7xx_hal_cortex.o
    0x0800c5f4   0x0800c5f4   0x0000000e   Code   RO        10127    i.__scatterload_copy  mc_w.l(handlers.o)
    0x0800c602   0x0800c602   0x00000002   Code   RO        10128    i.__scatterload_null  mc_w.l(handlers.o)
    0x0800c604   0x0800c604   0x0000000e   Code   RO        10129    i.__scatterload_zeroinit  mc_w.l(handlers.o)
    0x0800c612   0x0800c612   0x00000002   PAD
    0x0800c614   0x0800c614   0x000002c0   Code   RO         9966    i._printf_core      mc_w.l(printf5.o)
    0x0800c8d4   0x0800c8d4   0x0000008a   Code   RO         6870    i.change_bitmap     ff.o
    0x0800c95e   0x0800c95e   0x00000002   PAD
    0x0800c960   0x0800c960   0x0000009c   Code   RO         6871    i.check_fs          ff.o
    0x0800c9fc   0x0800c9fc   0x00000014   Code   RO         6872    i.chk_chr           ff.o
    0x0800ca10   0x0800ca10   0x00000062   Code   RO         6873    i.clmt_clust        ff.o
    0x0800ca72   0x0800ca72   0x0000001a   Code   RO         6874    i.clst2sect         ff.o
    0x0800ca8c   0x0800ca8c   0x00000098   Code   RO         6875    i.cmp_lfn           ff.o
    0x0800cb24   0x0800cb24   0x000001cc   Code   RO         6876    i.create_chain      ff.o
    0x0800ccf0   0x0800ccf0   0x00000254   Code   RO         6877    i.create_name       ff.o
    0x0800cf44   0x0800cf44   0x00000092   Code   RO         6878    i.create_xdir       ff.o
    0x0800cfd6   0x0800cfd6   0x00000002   PAD
    0x0800cfd8   0x0800cfd8   0x000000d8   Code   RO         8475    i.ctp_test          gt9147.o
    0x0800d0b0   0x0800d0b0   0x00000034   Code   RO         6879    i.dbc_1st           ff.o
    0x0800d0e4   0x0800d0e4   0x00000048   Code   RO         6880    i.dbc_2nd           ff.o
    0x0800d12c   0x0800d12c   0x00000014   Code   RO          689    i.delay_init        delay.o
    0x0800d140   0x0800d140   0x00000048   Code   RO          690    i.delay_us          delay.o
    0x0800d188   0x0800d188   0x0000007c   Code   RO         6881    i.dir_alloc         ff.o
    0x0800d204   0x0800d204   0x000000c6   Code   RO         6882    i.dir_clear         ff.o
    0x0800d2ca   0x0800d2ca   0x000001a8   Code   RO         6883    i.dir_find          ff.o
    0x0800d472   0x0800d472   0x000000e0   Code   RO         6884    i.dir_next          ff.o
    0x0800d552   0x0800d552   0x00000102   Code   RO         6885    i.dir_read          ff.o
    0x0800d654   0x0800d654   0x00000224   Code   RO         6886    i.dir_register      ff.o
    0x0800d878   0x0800d878   0x000000aa   Code   RO         6888    i.dir_sdi           ff.o
    0x0800d922   0x0800d922   0x0000003e   Code   RO         6789    i.disk_initialize   diskio.o
    0x0800d960   0x0800d960   0x000000b0   Code   RO         6790    i.disk_ioctl        diskio.o
    0x0800da10   0x0800da10   0x0000007c   Code   RO         6791    i.disk_read         diskio.o
    0x0800da8c   0x0800da8c   0x00000006   Code   RO         6792    i.disk_status       diskio.o
    0x0800da92   0x0800da92   0x0000008c   Code   RO         6793    i.disk_write        diskio.o
    0x0800db1e   0x0800db1e   0x0000004a   Code   RO         7401    i.exf_getfree       exfuns.o
    0x0800db68   0x0800db68   0x00000084   Code   RO         7402    i.exfuns_init       exfuns.o
    0x0800dbec   0x0800dbec   0x00000022   Code   RO         6889    i.f_close           ff.o
    0x0800dc0e   0x0800dc0e   0x00000160   Code   RO         6891    i.f_getfree         ff.o
    0x0800dd6e   0x0800dd6e   0x00000002   PAD
    0x0800dd70   0x0800dd70   0x00000054   Code   RO         6897    i.f_mount           ff.o
    0x0800ddc4   0x0800ddc4   0x00000304   Code   RO         6898    i.f_open            ff.o
    0x0800e0c8   0x0800e0c8   0x00000228   Code   RO         6903    i.f_read            ff.o
    0x0800e2f0   0x0800e2f0   0x000001a8   Code   RO         6908    i.f_sync            ff.o
    0x0800e498   0x0800e498   0x0000000e   Code   RO         7329    i.ff_memalloc       ffsystem.o
    0x0800e4a6   0x0800e4a6   0x0000000e   Code   RO         7330    i.ff_memfree        ffsystem.o
    0x0800e4b4   0x0800e4b4   0x00000088   Code   RO         7359    i.ff_oem2uni        ffunicode.o
    0x0800e53c   0x0800e53c   0x00000084   Code   RO         7360    i.ff_uni2oem        ffunicode.o
    0x0800e5c0   0x0800e5c0   0x000000b0   Code   RO         7361    i.ff_wtoupper       ffunicode.o
    0x0800e670   0x0800e670   0x00000036   Code   RO         6912    i.fill_first_frag   ff.o
    0x0800e6a6   0x0800e6a6   0x00000044   Code   RO         6913    i.fill_last_frag    ff.o
    0x0800e6ea   0x0800e6ea   0x000000a4   Code   RO         6914    i.find_bitmap       ff.o
    0x0800e78e   0x0800e78e   0x00000002   PAD
    0x0800e790   0x0800e790   0x000004cc   Code   RO         6915    i.find_volume       ff.o
    0x0800ec5c   0x0800ec5c   0x000000c4   Code   RO         6916    i.follow_path       ff.o
    0x0800ed20   0x0800ed20   0x00000044   Code   RO         8302    i.font_init         fontupd.o
    0x0800ed64   0x0800ed64   0x0000001c   Code   RO         1416    i.fputc             usart.o
    0x0800ed80   0x0800ed80   0x00000094   Code   RO         8303    i.fupd_prog         fontupd.o
    0x0800ee14   0x0800ee14   0x000000cc   Code   RO         6917    i.gen_numname       ff.o
    0x0800eee0   0x0800eee0   0x00000190   Code   RO         6918    i.get_fat           ff.o
    0x0800f070   0x0800f070   0x00000004   Code   RO         6794    i.get_fattime       diskio.o
    0x0800f074   0x0800f074   0x0000004e   Code   RO         6920    i.get_ldnumber      ff.o
    0x0800f0c2   0x0800f0c2   0x00000024   Code   RO         8476    i.gui_draw_hline    gt9147.o
    0x0800f0e6   0x0800f0e6   0x000000b0   Code   RO         8477    i.gui_fill_circle   gt9147.o
    0x0800f196   0x0800f196   0x00000010   Code   RO         9298    i.inHandlerMode     cmsis_os.o
    0x0800f1a6   0x0800f1a6   0x00000032   Code   RO         6922    i.init_alloc_info   ff.o
    0x0800f1d8   0x0800f1d8   0x000000d4   Code   RO         8478    i.lcd_draw_bline    gt9147.o
    0x0800f2ac   0x0800f2ac   0x00000026   Code   RO         6923    i.ld_clust          ff.o
    0x0800f2d2   0x0800f2d2   0x00000018   Code   RO         6924    i.ld_dword          ff.o
    0x0800f2ea   0x0800f2ea   0x00000062   Code   RO         6925    i.ld_qword          ff.o
    0x0800f34c   0x0800f34c   0x0000000c   Code   RO         6926    i.ld_word           ff.o
    0x0800f358   0x0800f358   0x00000040   Code   RO         6927    i.load_obj_xdir     ff.o
    0x0800f398   0x0800f398   0x0000010e   Code   RO         6928    i.load_xdir         ff.o
    0x0800f4a6   0x0800f4a6   0x00000002   PAD
    0x0800f4a8   0x0800f4a8   0x0000032c   Code   RO          775    i.main              main.o
    0x0800f7d4   0x0800f7d4   0x0000000e   Code   RO         9300    i.makeFreeRtosPriority  cmsis_os.o
    0x0800f7e2   0x0800f7e2   0x00000024   Code   RO         6929    i.mem_cmp           ff.o
    0x0800f806   0x0800f806   0x0000001a   Code   RO         6930    i.mem_cpy           ff.o
    0x0800f820   0x0800f820   0x00000012   Code   RO         6931    i.mem_set           ff.o
    0x0800f832   0x0800f832   0x00000034   Code   RO         6932    i.move_window       ff.o
    0x0800f866   0x0800f866   0x00000002   PAD
    0x0800f868   0x0800f868   0x0000006c   Code   RO          482    i.my_mem_free       malloc.o
    0x0800f8d4   0x0800f8d4   0x0000002c   Code   RO          483    i.my_mem_init       malloc.o
    0x0800f900   0x0800f900   0x000000a8   Code   RO          484    i.my_mem_malloc     malloc.o
    0x0800f9a8   0x0800f9a8   0x00000040   Code   RO          485    i.my_mem_perused    malloc.o
    0x0800f9e8   0x0800f9e8   0x00000024   Code   RO          486    i.myfree            malloc.o
    0x0800fa0c   0x0800fa0c   0x00000028   Code   RO          487    i.mymalloc          malloc.o
    0x0800fa34   0x0800fa34   0x00000014   Code   RO          489    i.mymemset          malloc.o
    0x0800fa48   0x0800fa48   0x00000018   Code   RO         9302    i.osDelay           cmsis_os.o
    0x0800fa60   0x0800fa60   0x0000000a   Code   RO         9305    i.osKernelStart     cmsis_os.o
    0x0800fa6a   0x0800fa6a   0x00000012   Code   RO         9314    i.osMessageCreate   cmsis_os.o
    0x0800fa7c   0x0800fa7c   0x0000009c   Code   RO         9316    i.osMessageGet      cmsis_os.o
    0x0800fb18   0x0800fb18   0x00000060   Code   RO         9318    i.osMessagePut      cmsis_os.o
    0x0800fb78   0x0800fb78   0x00000010   Code   RO         9338    i.osSystickHandler  cmsis_os.o
    0x0800fb88   0x0800fb88   0x00000030   Code   RO         9339    i.osThreadCreate    cmsis_os.o
    0x0800fbb8   0x0800fbb8   0x00000088   Code   RO         6933    i.pick_lfn          ff.o
    0x0800fc40   0x0800fc40   0x00000098   Code   RO         8992    i.prvAddCurrentTaskToDelayedList  tasks.o
    0x0800fcd8   0x0800fcd8   0x000000b4   Code   RO         8993    i.prvAddNewTaskToReadyList  tasks.o
    0x0800fd8c   0x0800fd8c   0x00000048   Code   RO         8994    i.prvCheckTasksWaitingTermination  tasks.o
    0x0800fdd4   0x0800fdd4   0x0000002a   Code   RO         8691    i.prvCopyDataFromQueue  queue.o
    0x0800fdfe   0x0800fdfe   0x0000007c   Code   RO         8692    i.prvCopyDataToQueue  queue.o
    0x0800fe7a   0x0800fe7a   0x00000012   Code   RO         8995    i.prvDeleteTCB      tasks.o
    0x0800fe8c   0x0800fe8c   0x0000007c   Code   RO         9667    i.prvHeapInit       heap_4.o
    0x0800ff08   0x0800ff08   0x00000028   Code   RO         8996    i.prvIdleTask       tasks.o
    0x0800ff30   0x0800ff30   0x00000026   Code   RO         8695    i.prvInitialiseNewQueue  queue.o
    0x0800ff56   0x0800ff56   0x000000ae   Code   RO         8997    i.prvInitialiseNewTask  tasks.o
    0x08010004   0x08010004   0x00000068   Code   RO         8998    i.prvInitialiseTaskLists  tasks.o
    0x0801006c   0x0801006c   0x00000068   Code   RO         9668    i.prvInsertBlockIntoFreeList  heap_4.o
    0x080100d4   0x080100d4   0x0000001a   Code   RO         8696    i.prvIsQueueEmpty   queue.o
    0x080100ee   0x080100ee   0x0000001e   Code   RO         8697    i.prvIsQueueFull    queue.o
    0x0801010c   0x0801010c   0x00000034   Code   RO         8999    i.prvResetNextTaskUnblockTime  tasks.o
    0x08010140   0x08010140   0x00000048   Code   RO         9729    i.prvTaskExitError  port.o
    0x08010188   0x08010188   0x0000007e   Code   RO         8698    i.prvUnlockQueue    queue.o
    0x08010206   0x08010206   0x00000144   Code   RO         6934    i.put_fat           ff.o
    0x0801034a   0x0801034a   0x00000002   PAD
    0x0801034c   0x0801034c   0x00000080   Code   RO         6935    i.put_lfn           ff.o
    0x080103cc   0x080103cc   0x00000148   Code   RO         9669    i.pvPortMalloc      heap_4.o
    0x08010514   0x08010514   0x0000002c   Code   RO         9730    i.pxPortInitialiseStack  port.o
    0x08010540   0x08010540   0x00000028   Code   RO         1265    i.read_sdinfo       sdmmc.o
    0x08010568   0x08010568   0x0000014a   Code   RO         6940    i.remove_chain      ff.o
    0x080106b2   0x080106b2   0x00000024   Code   RO         6941    i.st_clust          ff.o
    0x080106d6   0x080106d6   0x00000018   Code   RO         6942    i.st_dword          ff.o
    0x080106ee   0x080106ee   0x0000005c   Code   RO         6943    i.st_qword          ff.o
    0x0801074a   0x0801074a   0x0000000c   Code   RO         6944    i.st_word           ff.o
    0x08010756   0x08010756   0x00000072   Code   RO         6945    i.store_xdir        ff.o
    0x080107c8   0x080107c8   0x00000020   Code   RO         6946    i.sum_sfn           ff.o
    0x080107e8   0x080107e8   0x00000090   Code   RO         6947    i.sync_fs           ff.o
    0x08010878   0x08010878   0x0000004a   Code   RO         6948    i.sync_window       ff.o
    0x080108c2   0x080108c2   0x0000004c   Code   RO         6949    i.tchar2uni         ff.o
    0x0801090e   0x0801090e   0x00000002   PAD
    0x08010910   0x08010910   0x00000180   Code   RO         8304    i.updata_fontx      fontupd.o
    0x08010a90   0x08010a90   0x000001dc   Code   RO         8305    i.update_font       fontupd.o
    0x08010c6c   0x08010c6c   0x00000028   Code   RO         8651    i.uxListRemove      list.o
    0x08010c94   0x08010c94   0x0000001a   Code   RO         8652    i.vListInitialise   list.o
    0x08010cae   0x08010cae   0x00000006   Code   RO         8653    i.vListInitialiseItem  list.o
    0x08010cb4   0x08010cb4   0x00000034   Code   RO         8654    i.vListInsert       list.o
    0x08010ce8   0x08010ce8   0x00000018   Code   RO         8655    i.vListInsertEnd    list.o
    0x08010d00   0x08010d00   0x0000005c   Code   RO         9732    i.vPortEnterCritical  port.o
    0x08010d5c   0x08010d5c   0x00000040   Code   RO         9733    i.vPortExitCritical  port.o
    0x08010d9c   0x08010d9c   0x0000009c   Code   RO         9670    i.vPortFree         heap_4.o
    0x08010e38   0x08010e38   0x00000028   Code   RO         9734    i.vPortSetupTimerInterrupt  port.o
    0x08010e60   0x08010e60   0x00000080   Code   RO         9735    i.vPortValidateInterruptPriority  port.o
    0x08010ee0   0x08010ee0   0x00000060   Code   RO         9007    i.vTaskDelay        tasks.o
    0x08010f40   0x08010f40   0x00000018   Code   RO         9010    i.vTaskInternalSetTimeOutState  tasks.o
    0x08010f58   0x08010f58   0x0000000c   Code   RO         9011    i.vTaskMissedYield  tasks.o
    0x08010f64   0x08010f64   0x0000003c   Code   RO         9013    i.vTaskPlaceOnEventList  tasks.o
    0x08010fa0   0x08010fa0   0x00000090   Code   RO         9020    i.vTaskStartScheduler  tasks.o
    0x08011030   0x08011030   0x00000010   Code   RO         9022    i.vTaskSuspendAll   tasks.o
    0x08011040   0x08011040   0x00000090   Code   RO         9023    i.vTaskSwitchContext  tasks.o
    0x080110d0   0x080110d0   0x0000003c   Code   RO         6950    i.validate          ff.o
    0x0801110c   0x0801110c   0x00000114   Code   RO         9736    i.xPortStartScheduler  port.o
    0x08011220   0x08011220   0x00000038   Code   RO         9737    i.xPortSysTickHandler  port.o
    0x08011258   0x08011258   0x0000005c   Code   RO         8706    i.xQueueGenericCreate  queue.o
    0x080112b4   0x080112b4   0x0000009c   Code   RO         8707    i.xQueueGenericReset  queue.o
    0x08011350   0x08011350   0x000001b8   Code   RO         8708    i.xQueueGenericSend  queue.o
    0x08011508   0x08011508   0x00000108   Code   RO         8709    i.xQueueGenericSendFromISR  queue.o
    0x08011610   0x08011610   0x00000174   Code   RO         8715    i.xQueueReceive     queue.o
    0x08011784   0x08011784   0x000000d6   Code   RO         8716    i.xQueueReceiveFromISR  queue.o
    0x0801185a   0x0801185a   0x00000002   PAD
    0x0801185c   0x0801185c   0x00000094   Code   RO         9024    i.xTaskCheckForTimeOut  tasks.o
    0x080118f0   0x080118f0   0x00000060   Code   RO         9025    i.xTaskCreate       tasks.o
    0x08011950   0x08011950   0x00000020   Code   RO         9029    i.xTaskGetSchedulerState  tasks.o
    0x08011970   0x08011970   0x0000014c   Code   RO         9032    i.xTaskIncrementTick  tasks.o
    0x08011abc   0x08011abc   0x000000d0   Code   RO         9035    i.xTaskPriorityDisinherit  tasks.o
    0x08011b8c   0x08011b8c   0x0000009c   Code   RO         9037    i.xTaskRemoveFromEventList  tasks.o
    0x08011c28   0x08011c28   0x00000108   Code   RO         9038    i.xTaskResumeAll    tasks.o
    0x08011d30   0x08011d30   0x0000003a   Code   RO         6951    i.xdir_sum          ff.o
    0x08011d6a   0x08011d6a   0x0000004c   Code   RO         6952    i.xname_sum         ff.o
    0x08011db6   0x08011db6   0x00004740   Data   RO          299    .constdata          lcd.o
    0x080164f6   0x080164f6   0x00000002   PAD
    0x080164f8   0x080164f8   0x00000024   Data   RO          496    .constdata          malloc.o
    0x0801651c   0x0801651c   0x00000014   Data   RO         1050    .constdata          freertos.o
    0x08016530   0x08016530   0x00000008   Data   RO         5623    .constdata          stm32f7xx_hal_dma.o
    0x08016538   0x08016538   0x00000018   Data   RO         6754    .constdata          system_stm32f7xx.o
    0x08016550   0x08016550   0x00000046   Data   RO         6955    .constdata          ff.o
    0x08016596   0x08016596   0x000002ae   Data   RO         7362    .constdata          ffunicode.o
    0x08016844   0x08016844   0x0000001c   Data   RO         7504    .constdata          usbh_core.o
    0x08016860   0x08016860   0x00000028   Data   RO         8307    .constdata          fontupd.o
    0x08016888   0x08016888   0x000000d6   Data   RO         8481    .constdata          gt9147.o
    0x0801695e   0x0801695e   0x00000002   PAD
    0x08016960   0x08016960   0x0000000c   Data   RO         1051    .conststring        freertos.o
    0x0801696c   0x0801696c   0x0000000c   Data   RO         7505    .conststring        usbh_core.o
    0x08016978   0x08016978   0x00000004   Data   RO         7886    .conststring        usbh_msc.o
    0x0801697c   0x0801697c   0x000000db   Data   RO         8308    .conststring        fontupd.o
    0x08016a57   0x08016a57   0x00000001   PAD
    0x08016a58   0x08016a58   0x00000020   Data   RO        10125    Region$$Table       anon$$obj.o


    Execution Region RW_IRAM1 (Exec base: 0x20020000, Load base: 0x08016a78, Size: 0x00030ee0, Max: 0x00060000, ABSOLUTE)

    Exec Addr    Load Addr    Size         Type   Attr      Idx    E Section Name        Object

    0x20020000   0x08016a78   0x00000001   Data   RW           14    .data               key.o
    0x20020001   0x08016a79   0x00000003   PAD
    0x20020004   0x08016a7c   0x00000008   Data   RW          300    .data               lcd.o
    0x2002000c   0x08016a84   0x00000003   Data   RW          383    .data               w25q256.o
    0x2002000f   0x08016a87   0x00000001   PAD
    0x20020010   0x08016a88   0x00000024   Data   RW          497    .data               malloc.o
    0x20020034   0x08016aac   0x00000004   Data   RW          691    .data               delay.o
    0x20020038   0x08016ab0   0x00000008   Data   RW          991    .data               fmc.o
    0x20020040   0x08016ab8   0x00000004   Data   RW         1052    .data               freertos.o
    0x20020044   0x08016abc   0x00000008   Data   RW         1108    .data               ltdc.o
    0x2002004c   0x08016ac4   0x00000002   Data   RW         1267    .data               sdmmc.o
    0x2002004e   0x08016ac6   0x00000004   Data   RW         1418    .data               usart.o
    0x20020052   0x08016aca   0x00000002   PAD
    0x20020054   0x08016acc   0x00000004   Data   RW         4895    .data               stm32f7xx_ll_usb.o
    0x20020058   0x08016ad0   0x00000009   Data   RW         6002    .data               stm32f7xx_hal.o
    0x20020061   0x08016ad9   0x00000003   PAD
    0x20020064   0x08016adc   0x00000004   Data   RW         6755    .data               system_stm32f7xx.o
    0x20020068   0x08016ae0   0x00000002   Data   RW         6956    .data               ff.o
    0x2002006a   0x08016ae2   0x00000002   PAD
    0x2002006c   0x08016ae4   0x00000014   Data   RW         7407    .data               exfuns.o
    0x20020080   0x08016af8   0x00000020   Data   RW         7887    .data               usbh_msc.o
    0x200200a0   0x08016b18   0x00000001   Data   RW         8482    .data               gt9147.o
    0x200200a1   0x08016b19   0x00000003   PAD
    0x200200a4   0x08016b1c   0x0000003c   Data   RW         9041    .data               tasks.o
    0x200200e0   0x08016b58   0x00000018   Data   RW         9675    .data               heap_4.o
    0x200200f8   0x08016b70   0x0000000c   Data   RW         9738    .data               port.o
    0x20020104   0x08016b7c   0x00000004   Data   RW        10101    .data               mc_w.l(stdout.o)
    0x20020108        -       0x00001000   Zero   RW          382    .bss                w25q256.o
    0x20021108   0x08016b80   0x00000038   PAD
    0x20021140        -       0x0002a800   Zero   RW          495    .bss                malloc.o
    0x2004b940        -       0x00000514   Zero   RW          777    .bss                main.o
    0x2004be54        -       0x00000074   Zero   RW          990    .bss                fmc.o
    0x2004bec8        -       0x000000c8   Zero   RW         1107    .bss                ltdc.o
    0x2004bf90        -       0x0000004c   Zero   RW         1198    .bss                quadspi.o
    0x2004bfdc        -       0x00000364   Zero   RW         1266    .bss                sdmmc.o
    0x2004c340        -       0x00000040   Zero   RW         1368    .bss                tim.o
    0x2004c380        -       0x000001a4   Zero   RW         1417    .bss                usart.o
    0x2004c524        -       0x00000010   Zero   RW         6954    .bss                ff.o
    0x2004c534   0x08016b80   0x00000004   PAD
    0x2004c538        -       0x00000180   Zero   RW         7404    .bss                exfuns.o
    0x2004c6b8        -       0x000002c4   Zero   RW         8112    .bss                usbh_conf.o
    0x2004c97c        -       0x00000029   Zero   RW         8306    .bss                fontupd.o
    0x2004c9a5   0x08016b80   0x00000003   PAD
    0x2004c9a8        -       0x00000048   Zero   RW         8480    .bss                gt9147.o
    0x2004c9f0        -       0x000000f0   Zero   RW         9040    .bss                tasks.o
    0x2004cae0        -       0x00003c00   Zero   RW         9674    .bss                heap_4.o
    0x200506e0        -       0x00000800   Zero   RW            1    STACK               startup_stm32f767xx.o



  Load Region LR$$.ARM.__AT_0x20000000 (Base: 0x20000000, Size: 0x00000000, Max: 0x0000f000, ABSOLUTE)

    Execution Region ER$$.ARM.__AT_0x20000000 (Exec base: 0x20000000, Load base: 0x20000000, Size: 0x0000f000, Max: 0x0000f000, ABSOLUTE, UNINIT)

    Exec Addr    Load Addr    Size         Type   Attr      Idx    E Section Name        Object

    0x20000000        -       0x0000f000   Zero   RW          491    .ARM.__AT_0x20000000  malloc.o



  Load Region LR$$.ARM.__AT_0x2000F000 (Base: 0x2000f000, Size: 0x00000000, Max: 0x00000f00, ABSOLUTE)

    Execution Region ER$$.ARM.__AT_0x2000F000 (Exec base: 0x2000f000, Load base: 0x2000f000, Size: 0x00000f00, Max: 0x00000f00, ABSOLUTE, UNINIT)

    Exec Addr    Load Addr    Size         Type   Attr      Idx    E Section Name        Object

    0x2000f000        -       0x00000f00   Zero   RW          492    .ARM.__AT_0x2000F000  malloc.o



  Load Region LR$$.ARM.__AT_0xC0000000 (Base: 0xc0000000, Size: 0x00000000, Max: 0x001f4000, ABSOLUTE)

    Execution Region ER$$.ARM.__AT_0xC0000000 (Exec base: 0xc0000000, Load base: 0xc0000000, Size: 0x001f4000, Max: 0x001f4000, ABSOLUTE, UNINIT)

    Exec Addr    Load Addr    Size         Type   Attr      Idx    E Section Name        Object

    0xc0000000        -       0x001f4000   Zero   RW         1106    .ARM.__AT_0xC0000000  ltdc.o



  Load Region LR$$.ARM.__AT_0xC01F4000 (Base: 0xc01f4000, Size: 0x00000000, Max: 0x01c3c000, ABSOLUTE)

    Execution Region ER$$.ARM.__AT_0xC01F4000 (Exec base: 0xc01f4000, Load base: 0xc01f4000, Size: 0x01c3c000, Max: 0x01c3c000, ABSOLUTE, UNINIT)

    Exec Addr    Load Addr    Size         Type   Attr      Idx    E Section Name        Object

    0xc01f4000        -       0x01c3c000   Zero   RW          493    .ARM.__AT_0xC01F4000  malloc.o



  Load Region LR$$.ARM.__AT_0xC1E30000 (Base: 0xc1e30000, Size: 0x00000000, Max: 0x001c3c00, ABSOLUTE)

    Execution Region ER$$.ARM.__AT_0xC1E30000 (Exec base: 0xc1e30000, Load base: 0xc1e30000, Size: 0x001c3c00, Max: 0x001c3c00, ABSOLUTE, UNINIT)

    Exec Addr    Load Addr    Size         Type   Attr      Idx    E Section Name        Object

    0xc1e30000        -       0x001c3c00   Zero   RW          494    .ARM.__AT_0xC1E30000  malloc.o


==============================================================================

Image component sizes


      Code (inc. data)   RO Data    RW Data    ZI Data      Debug   Object Name

       398         10          0          0          0      20890   cmsis_os.o
       786         76          0          0          0       5001   ctiic.o
        92          8          0          4          0       1248   delay.o
       512          6          0          0          0      16807   diskio.o
        68          4          0          0          0        694   dma.o
         0          0          0          0          0       9436   event_groups.o
       206         18          0         20        384       2296   exfuns.o
     10876        118         70          2         16      66769   ff.o
        28          0          0          0          0       1035   ffsystem.o
       444         32        686          0          0       2672   ffunicode.o
       508         42          0          8        116       2850   fmc.o
      1076         60        259          0         41       4952   fontupd.o
        58         10         32          4          0       5074   freertos.o
       420         20          0          0          0       1147   gpio.o
      1714         94        214          1         72       8058   gt9147.o
       712         62          0         24      15360       7191   heap_4.o
       208         16          0          1          0     921783   key.o
       542         28      18240          8          0       3908   lcd.o
       148          0          0          0          0       3414   list.o
      1280        102          0          8    2048200       6859   ltdc.o
      1582        364          0          0       1300      71354   main.o
       480         54         36         36   31695616       6066   malloc.o
       760         52          0          0          0       4422   myiic.o
       216         10          0          0          0       2483   pcf8574.o
       966         86          0         12          0      11617   port.o
       460         42          0          0         76       3732   quadspi.o
      1924         14          0          0          0      13729   queue.o
       936        124          0          2        868       7696   sdmmc.o
       160         10          0          0          0       1770   sdram.o
        36          8        504          0       2048        812   startup_stm32f767xx.o
       200         34          0          9          0       8973   stm32f7xx_hal.o
       344         22          0          0          0      39821   stm32f7xx_hal_cortex.o
      1282         16          8          0          0       6581   stm32f7xx_hal_dma.o
       582         52          0          0          0       3588   stm32f7xx_hal_gpio.o
      4692          6          0          0          0      13045   stm32f7xx_hal_hcd.o
      1368          6          0          0          0       6968   stm32f7xx_hal_ltdc.o
        76          6          0          0          0        774   stm32f7xx_hal_msp.o
        82          0          0          0          0       1168   stm32f7xx_hal_nand.o
       144          8          0          0          0       1220   stm32f7xx_hal_pwr_ex.o
      1386          8          0          0          0       6812   stm32f7xx_hal_qspi.o
      1860         70          0          0          0       5344   stm32f7xx_hal_rcc.o
      1880         16          0          0          0       2184   stm32f7xx_hal_rcc_ex.o
      3486         26          0          0          0      18522   stm32f7xx_hal_sd.o
       162          0          0          0          0       2624   stm32f7xx_hal_sdram.o
      1158         56          0          0          0       9167   stm32f7xx_hal_tim.o
       126         10          0          0          0       2936   stm32f7xx_hal_tim_ex.o
      2586         64          0          0          0      11748   stm32f7xx_hal_uart.o
       188         40          0          0          0      40554   stm32f7xx_it.o
       460         10          0          0          0       5417   stm32f7xx_ll_fmc.o
      2090         40          0          0          0      23300   stm32f7xx_ll_sdmmc.o
      2506         58          0          4          0      17191   stm32f7xx_ll_usb.o
       100         18         24          4          0       1079   system_stm32f7xx.o
      2524        338          0         60        240      20668   tasks.o
       638         14          0          0          0       3299   text.o
       220         28          0          0         64       2058   tim.o
       504         54          0          4        420       2922   usart.o
       734         30          0          0        708      13304   usbh_conf.o
      2886        746         40          0          0      19736   usbh_core.o
      1750         42          0          0          0      12106   usbh_ctlreq.o
       680        194          0          0          0       3179   usbh_diskio_dma.o
       226          0          0          0          0       4204   usbh_ioreq.o
      3648        442          4         32          0      13206   usbh_msc.o
      1084         26          0          0          0       8348   usbh_msc_bot.o
      1032          0          0          0          0       7106   usbh_msc_scsi.o
       168          0          0          0          0       3730   usbh_pipes.o
       980         36          0          3       4096       7536   w25q256.o

    ----------------------------------------------------------------------
     71510       3986      20154        260   33769688    1566183   Object Totals
         0          0         32          0          0          0   (incl. Generated)
        82          0          5         14         63          0   (incl. Padding)

    ----------------------------------------------------------------------

      Code (inc. data)   RO Data    RW Data    ZI Data      Debug   Library Member Name

         0          0          0          0          0          0   entry.o
         0          0          0          0          0          0   entry10a.o
         0          0          0          0          0          0   entry11a.o
         8          4          0          0          0          0   entry2.o
         4          0          0          0          0          0   entry5.o
         0          0          0          0          0          0   entry7b.o
         0          0          0          0          0          0   entry8b.o
         8          4          0          0          0          0   entry9a.o
        30          0          0          0          0          0   handlers.o
        36          8          0          0          0         68   init.o
        30          0          0          0          0         68   llshl.o
        32          0          0          0          0         68   llushr.o
        36          0          0          0          0         68   memcpya.o
        36          0          0          0          0        108   memseta.o
       736         56          0          0          0        184   printf5.o
         0          0          0          4          0          0   stdout.o
        24          0          0          0          0         68   strcat.o
        28          0          0          0          0         76   strcmp.o
        18          0          0          0          0         68   strcpy.o
        98          0          0          0          0         92   uldiv.o

    ----------------------------------------------------------------------
      1128         72          0          4          0        868   Library Totals
         4          0          0          0          0          0   (incl. Padding)

    ----------------------------------------------------------------------

      Code (inc. data)   RO Data    RW Data    ZI Data      Debug   Library Name

      1124         72          0          4          0        868   mc_w.l

    ----------------------------------------------------------------------
      1128         72          0          4          0        868   Library Totals

    ----------------------------------------------------------------------

==============================================================================


      Code (inc. data)   RO Data    RW Data    ZI Data      Debug   

     72638       4058      20154        264   33769688    1513739   Grand Totals
     72638       4058      20154        264   33769688    1513739   ELF Image Totals
     72638       4058      20154        264          0          0   ROM Totals

==============================================================================

    Total RO  Size (Code + RO Data)                92792 (  90.62kB)
    Total RW  Size (RW Data + ZI Data)          33769952 (32978.47kB)
    Total ROM Size (Code + RO Data + RW Data)      93056 (  90.88kB)

==============================================================================

